
> @propad/api@0.1.0 build C:\projects\propad\apps\api
> nest build

node.exe : [96msrc/admi
n/admin.service.ts[0m:
[93m260[0m:[93m26[0m 
- [91merror[0m[90m 
TS2339: [0mProperty 'ma
rkInvoicePaidOffline' 
does not exist on type 
'PaymentsService'.
At C:\Program Files\node
js\pnpm.ps1:16 char:5
+     & 
"$basedir/node$exe"  "$b
asedir/node_modules/core
pack/dist/pnpm. ...
+     ~~~~~~~~~~~~~~~~~~
~~~~~~~~~~~~~~~~~~~~~~~~
~~~~~~~~~~~~~~~~~~~~~~~
    + CategoryInfo      
        : NotSpecified  
  : ([96msrc/admin/.   
 ..ymentsService'.:S    
tring) [], RemoteEx    
ception
    + FullyQualifiedErr 
   orId : NativeComman  
  dError
 

[7m260[0m     return t
his.payments.markInvoice
PaidOffline({
[7m   [0m [91m       
                  ~~~~~~
~~~~~~~~~~~~~~~~[0m
[96msrc/ads/ads.service
.ts[0m:[93m480[0m:[9
3m40[0m - 
[91merror[0m[90m 
TS7006: [0mParameter 
'c' implicitly has an 
'any' type.

[7m480[0m     const 
filtered = 
campaigns.filter((c) => 
{
[7m   [0m [91m       
                        
        ~[0m
[96msrc/ads/ads.service
.ts[0m:[93m494[0m:[9
3m16[0m - 
[91merror[0m[90m 
TS7006: [0mParameter 
'c' implicitly has an 
'any' type.

[7m494[0m       
.filter((c) => 
c.targetProperty)
[7m   [0m [91m       
        ~[0m
[96msrc/ads/ads.service
.ts[0m:[93m495[0m:[9
3m13[0m - 
[91merror[0m[90m 
TS7006: [0mParameter 
'c' implicitly has an 
'any' type.

[7m495[0m       
.map((c) => ({
[7m   [0m [91m       
     ~[0m
[96msrc/ads/advertiser-
balance.service.ts[0m:
[93m66[0m:[93m22[0m 
- [91merror[0m[90m 
TS2339: [0mProperty 
'advertiserBalanceLog' 
does not exist on type 
'PrismaClientOrTx'.
  Property 
'advertiserBalanceLog' 
does not exist on type 
'TransactionClient'.

[7m66[0m             
await tx.advertiserBalan
ceLog.create({
[7m  [0m [91m        
             
~~~~~~~~~~~~~~~~~~~~[0m
[96msrc/ads/advertiser-
balance.service.ts[0m:
[93m167[0m:[93m22[0m 
- [91merror[0m[90m 
TS2339: [0mProperty 
'advertiserBalanceLog' 
does not exist on type 
'PrismaClientOrTx'.
  Property 
'advertiserBalanceLog' 
does not exist on type 
'TransactionClient'.

[7m167[0m             
await tx.advertiserBalan
ceLog.create({
[7m   [0m [91m       
              
~~~~~~~~~~~~~~~~~~~~[0m
[96msrc/ads/advertiser-
balance.service.ts[0m:
[93m282[0m:[93m22[0m 
- [91merror[0m[90m 
TS2339: [0mProperty 
'advertiserBalanceLog' 
does not exist on type 
'PrismaClientOrTx'.
  Property 
'advertiserBalanceLog' 
does not exist on type 
'TransactionClient'.

[7m282[0m             
await tx.advertiserBalan
ceLog.create({
[7m   [0m [91m       
              
~~~~~~~~~~~~~~~~~~~~[0m
[96msrc/agencies/agenci
es.controller.ts[0m:[9
3m6[0m:[93m16[0m - 
[91merror[0m[90m 
TS2305: [0mModule 
'"@propad/config"' has 
no exported member 
'AgencyStatus'.

[7m6[0m import { 
Role, AgencyStatus } 
from '@propad/config';
[7m [0m [91m         
      ~~~~~~~~~~~~[0m
[96msrc/agencies/agenci
es.service.ts[0m:[93m3
[0m:[93m10[0m - 
[91merror[0m[90m 
TS2305: [0mModule 
'"@propad/config"' has 
no exported member 
'AgencyStatus'.

[7m3[0m import { 
AgencyStatus, Role, 
AgencyMemberRole } from 
'@propad/config';
[7m [0m [91m         
~~~~~~~~~~~~[0m
[96msrc/agencies/agenci
es.service.ts[0m:[93m3
[0m:[93m30[0m - 
[91merror[0m[90m 
TS2305: [0mModule 
'"@propad/config"' has 
no exported member 
'AgencyMemberRole'.

[7m3[0m import { 
AgencyStatus, Role, 
AgencyMemberRole } from 
'@propad/config';
[7m [0m [91m         
                    
~~~~~~~~~~~~~~~~[0m
[96msrc/agencies/agenci
es.service.ts[0m:[93m6
2[0m:[93m44[0m - 
[91merror[0m[90m 
TS2554: [0mExpected 1 
arguments, but got 4.

[7m62[0m         
await this.audit.logActi
on(userId, userId, 
'AGENCY_CREATE', { 
agencyId: agency.id, 
name });
[7m  [0m [91m        
                        
           ~~~~~~~~~~~~~
~~~~~~~~~~~~~~~~~~~~~~~~
~~~~~~~~~~~~~~~~~[0m
[96msrc/agencies/agenci
es.service.ts[0m:[93m7
0[0m:[93m44[0m - 
[91merror[0m[90m 
TS2554: [0mExpected 1 
arguments, but got 4.

[7m70[0m         
await this.audit.logActi
on(userId, id, 
'AGENCY_UPDATE', { 
before: agency, 
changes: data });
[7m  [0m [91m        
                        
           ~~~~~~~~~~~~~
~~~~~~~~~~~~~~~~~~~~~~~~
~~~~~~~~~~~~~~~~~[0m
[96msrc/agencies/agenci
es.service.ts[0m:[93m8
7[0m:[93m45[0m - 
[91merror[0m[90m 
TS2554: [0mExpected 1 
arguments, but got 4.

[7m87[0m         
await this.audit.logActi
on(adminId, id, 
'AGENCY_STATUS_CHANGE', 
{ from: agency.status, 
to: status });
[7m  [0m [91m        
                        
            ~~~~~~~~~~~~
~~~~~~~~~~~~~~~~~~~~~~~~
~~~~~~~~~~~~~~~~~~~~~~~~
~~~[0m
[96msrc/agencies/agency
-members.controller.ts[
0m:[93m6[0m:[93m16[0
m - [91merror[0m[90m 
TS2305: [0mModule 
'"@propad/config"' has 
no exported member 
'AgencyMemberRole'.

[7m6[0m import { 
Role, AgencyMemberRole 
} from '@propad/config';
[7m [0m [91m         
      
~~~~~~~~~~~~~~~~[0m
[96msrc/agencies/agency
-members.controller.ts[
0m:[93m43[0m:[93m49[
0m - 
[91merror[0m[90m 
TS2554: [0mExpected 1 
arguments, but got 4.

[7m43[0m         
await this.audit.logActi
on(req.user.id, 
agencyId, 
'AGENCY_MEMBER_ADD', { 
memberId: member.id, 
userId: user.id, role: 
body.role });
[7m  [0m [91m        
                        
                ~~~~~~~~
~~~~~~~~~~~~~~~~~~~~~~~~
~~~~~~~~~~~~~~~~~~~~~~~~
~~~~~~~~~~~~~~~~~~~~~~~~
~~~~~~~~[0m
[96msrc/agencies/agency
-members.controller.ts[
0m:[93m59[0m:[93m49[
0m - 
[91merror[0m[90m 
TS2554: [0mExpected 1 
arguments, but got 4.

[7m59[0m         
await this.audit.logActi
on(req.user.id, 
agencyId, 
'AGENCY_MEMBER_REMOVE', 
{ removedUserId: 
userIdToRemove });
[7m  [0m [91m        
                        
                ~~~~~~~~
~~~~~~~~~~~~~~~~~~~~~~~~
~~~~~~~~~~~~~~~~~~~~~~~~
~~~~~~~~~~~[0m
[96msrc/app.module.ts[
0m:[93m89[0m:[93m5[0
m - [91merror[0m[90m 
TS2304: [0mCannot find 
name 'MessagingModule'.

[7m89[0m     
MessagingModule,
[7m  [0m [91m    
~~~~~~~~~~~~~~~[0m
[96msrc/app.module.ts[
0m:[93m92[0m:[93m5[0
m - [91merror[0m[90m 
TS2304: [0mCannot find 
name 
'AuthenticationModule'.

[7m92[0m     
AuthenticationModule, 
// Alias if needed, 
assuming AuthModule is 
correct
[7m  [0m [91m    
~~~~~~~~~~~~~~~~~~~~[0m
[96msrc/app.module.ts[
0m:[93m93[0m:[93m5[0
m - [91merror[0m[90m 
TS2304: [0mCannot find 
name 
'AuthenticationModule'.

[7m93[0m     
AuthenticationModule, 
// Alias if needed, 
assuming AuthModule is 
correct
[7m  [0m [91m    
~~~~~~~~~~~~~~~~~~~~[0m
[96msrc/app.module.ts[
0m:[93m100[0m:[93m5[
0m - 
[91merror[0m[90m 
TS2304: [0mCannot find 
name 'MessagingModule'.

[7m100[0m     
MessagingModule,
[7m   [0m [91m    
~~~~~~~~~~~~~~~[0m
[96msrc/app.module.ts[
0m:[93m102[0m:[93m5[
0m - 
[91merror[0m[90m 
TS2304: [0mCannot find 
name 
'ApplicationsModule'.

[7m102[0m     
ApplicationsModule,
[7m   [0m [91m    
~~~~~~~~~~~~~~~~~~[0m
[96msrc/app.module.ts[
0m:[93m108[0m:[93m17
[0m - 
[91merror[0m[90m 
TS2304: [0mCannot find 
name 'ThrottlerGuard'.

[7m108[0m       
useClass: ThrottlerGuard
[7m   [0m [91m       
         
~~~~~~~~~~~~~~[0m
[96msrc/applications/ap
plications.controller.ts
[0m:[93m5[0m:[93m30
[0m - 
[91merror[0m[90m 
TS2307: [0mCannot find 
module '../auth/guards/j
wt-auth.guard' or its 
corresponding type 
declarations.

[7m5[0m import { 
JwtAuthGuard } from '../
auth/guards/jwt-auth.gua
rd';
[7m [0m [91m         
                    ~~~~
~~~~~~~~~~~~~~~~~~~~~~~~
~~~[0m
[96msrc/applications/ap
plications.controller.ts
[0m:[93m6[0m:[93m38
[0m - 
[91merror[0m[90m 
TS2307: [0mCannot find 
module '../auth/interfac
es/authenticated-request
.interface' or its 
corresponding type 
declarations.

[7m6[0m import { 
AuthenticatedRequest } 
from '../auth/interfaces
/authenticated-request.i
nterface';
[7m [0m [91m         
                        
    ~~~~~~~~~~~~~~~~~~~~
~~~~~~~~~~~~~~~~~~~~~~~~
~~~~~~~~[0m
[96msrc/applications/ap
plications.service.ts[0
m:[93m6[0m:[93m29[0m
 - [91merror[0m[90m 
TS2307: [0mCannot find 
module '../auth/interfac
es/auth-context.interfac
e' or its corresponding 
type declarations.

[7m6[0m import { 
AuthContext } from '../a
uth/interfaces/auth-cont
ext.interface';
[7m [0m [91m         
                   ~~~~~
~~~~~~~~~~~~~~~~~~~~~~~~
~~~~~~~~~~~~~~[0m
[96msrc/applications/ap
plications.service_snipp
et.ts[0m:[93m1[0m:[9
3m5[0m - 
[91merror[0m[90m 
TS1434: [0mUnexpected 
keyword or identifier.

[7m1[0m     async find
ReceivedApplications(use
rId: string) {
[7m [0m [91m    
~~~~~[0m
[96msrc/applications/ap
plications.service_snipp
et.ts[0m:[93m1[0m:[9
3m5[0m - 
[91merror[0m[90m 
TS2304: [0mCannot find 
name 'async'.

[7m1[0m     async find
ReceivedApplications(use
rId: string) {
[7m [0m [91m    
~~~~~[0m
[96msrc/applications/ap
plications.service_snipp
et.ts[0m:[93m1[0m:[9
3m11[0m - 
[91merror[0m[90m 
TS2304: [0mCannot find 
name 'findReceivedApplic
ations'.

[7m1[0m     async find
ReceivedApplications(use
rId: string) {
[7m [0m [91m         
 ~~~~~~~~~~~~~~~~~~~~~~~
~[0m
[96msrc/applications/ap
plications.service_snipp
et.ts[0m:[93m1[0m:[9
3m36[0m - 
[91merror[0m[90m 
TS2304: [0mCannot find 
name 'userId'.

[7m1[0m     async find
ReceivedApplications(use
rId: string) {
[7m [0m [91m         
                        
  ~~~~~~[0m
[96msrc/applications/ap
plications.service_snipp
et.ts[0m:[93m1[0m:[9
3m42[0m - 
[91merror[0m[90m 
TS1005: [0m',' 
expected.

[7m1[0m     async find
ReceivedApplications(use
rId: string) {
[7m [0m [91m         
                        
        ~[0m
[96msrc/applications/ap
plications.service_snipp
et.ts[0m:[93m1[0m:[9
3m44[0m - 
[91merror[0m[90m 
TS2693: [0m'string' 
only refers to a type, 
but is being used as a 
value here.

[7m1[0m     async find
ReceivedApplications(use
rId: string) {
[7m [0m [91m         
                        
          ~~~~~~[0m
[96msrc/applications/ap
plications.service_snipp
et.ts[0m:[93m1[0m:[9
3m52[0m - 
[91merror[0m[90m 
TS1005: [0m';' 
expected.

[7m1[0m     async find
ReceivedApplications(use
rId: string) {
[7m [0m [91m         
                        
                  ~[0m
[96msrc/applications/ap
plications.service_snipp
et.ts[0m:[93m23[0m:[
93m5[0m - 
[91merror[0m[90m 
TS1434: [0mUnexpected 
keyword or identifier.

[7m23[0m     async fin
dMyApplications(userId: 
string) {
[7m  [0m [91m    
~~~~~[0m
[96msrc/applications/ap
plications.service_snipp
et.ts[0m:[93m23[0m:[
93m5[0m - 
[91merror[0m[90m 
TS2304: [0mCannot find 
name 'async'.

[7m23[0m     async fin
dMyApplications(userId: 
string) {
[7m  [0m [91m    
~~~~~[0m
[96msrc/applications/ap
plications.service_snipp
et.ts[0m:[93m23[0m:[
93m11[0m - 
[91merror[0m[90m 
TS2304: [0mCannot find 
name 
'findMyApplications'.

[7m23[0m     async fin
dMyApplications(userId: 
string) {
[7m  [0m [91m        
  ~~~~~~~~~~~~~~~~~~[0m
[96msrc/applications/ap
plications.service_snipp
et.ts[0m:[93m23[0m:[
93m30[0m - 
[91merror[0m[90m 
TS2304: [0mCannot find 
name 'userId'.

[7m23[0m     async fin
dMyApplications(userId: 
string) {
[7m  [0m [91m        
                     
~~~~~~[0m
[96msrc/applications/ap
plications.service_snipp
et.ts[0m:[93m23[0m:[
93m36[0m - 
[91merror[0m[90m 
TS1005: [0m',' 
expected.

[7m23[0m     async fin
dMyApplications(userId: 
string) {
[7m  [0m [91m        
                        
   ~[0m
[96msrc/applications/ap
plications.service_snipp
et.ts[0m:[93m23[0m:[
93m38[0m - 
[91merror[0m[90m 
TS2693: [0m'string' 
only refers to a type, 
but is being used as a 
value here.

[7m23[0m     async fin
dMyApplications(userId: 
string) {
[7m  [0m [91m        
                        
     ~~~~~~[0m
[96msrc/applications/ap
plications.service_snipp
et.ts[0m:[93m23[0m:[
93m46[0m - 
[91merror[0m[90m 
TS1005: [0m';' 
expected.

[7m23[0m     async fin
dMyApplications(userId: 
string) {
[7m  [0m [91m        
                        
             ~[0m
[96msrc/applications/ap
plications.service_snipp
et.ts[0m:[93m24[0m:[
93m1[0m - 
[91merror[0m[90m 
TS1005: [0m'}' 
expected.

[7m24[0m 
[7m  [0m [91m[0m

  [96msrc/applications/
applications.service_sni
ppet.ts[0m:[93m23[0m:
[93m46[0m
    [7m23[0m     
async findMyApplications
(userId: string) {
    [7m  [0m [96m    
                        
                 ~[0m
    The parser expected 
to find a '}' to match 
the '{' token here.
[96msrc/applications/dt
o/create-application.dto
.ts[0m:[93m6[0m:[93m
5[0m - 
[91merror[0m[90m 
TS2564: [0mProperty 
'propertyId' has no 
initializer and is not 
definitely assigned in 
the constructor.

[7m6[0m     
propertyId: string;
[7m [0m [91m    
~~~~~~~~~~[0m
[96msrc/applications/dt
o/update-application-sta
tus.dto.ts[0m:[93m7[0
m:[93m5[0m - 
[91merror[0m[90m 
TS2564: [0mProperty 
'status' has no 
initializer and is not 
definitely assigned in 
the constructor.

[7m7[0m     status: 
ApplicationStatus;
[7m [0m [91m    
~~~~~~[0m
[96msrc/auth/auth.modul
e.ts[0m:[93m22[0m:[9
3m5[0m - 
[91merror[0m[90m 
TS2552: [0mCannot find 
name 'PrismaService'. 
Did you mean 
'RiskService'?

[7m22[0m     
PrismaService,
[7m  [0m [91m    
~~~~~~~~~~~~~[0m
[96msrc/commissions/com
missions.service.ts[0m:
[93m53[0m:[93m48[0m 
- [91merror[0m[90m 
TS2339: [0mProperty 
'COMMISSION' does not 
exist on type 'LiteralEn
um<"VERIFICATION" | 
"REWARD" | "PAYOUT" | 
"REFERRAL" | 
"ADJUSTMENT" | 
"AGENT_COMMISSION">'.

[7m53[0m              
           WalletLedgerS
ourceType.COMMISSION,
[7m  [0m [91m        
                        
               
~~~~~~~~~~[0m
[96msrc/common/logging.
interceptor.ts[0m:[93m
10[0m:[93m30[0m - 
[91merror[0m[90m 
TS2307: [0mCannot find 
module 'uuid' or its 
corresponding type 
declarations.

[7m10[0m import { v4 
as uuidv4 } from 'uuid';
[7m  [0m [91m        
                     
~~~~~~[0m
[96msrc/dashboard/dashb
oard.service.ts[0m:[93
m18[0m:[93m23[0m - 
[91merror[0m[90m 
TS2339: [0mProperty 
'ADVERTISER' does not 
exist on type 
'LiteralEnum<"ADMIN" | 
"VERIFIER" | "AGENT" | 
"LANDLORD" | "USER" | 
"MODERATOR" | 
"COMPANY_ADMIN" | 
"COMPANY_AGENT" | 
"INDEPENDENT_AGENT" | 
"SELLER" | "TENANT" | 
"BUYER">'.

[7m18[0m             
case Role.ADVERTISER:
[7m  [0m [91m        
              
~~~~~~~~~~[0m
[96msrc/deals/deals.con
troller.ts[0m:[93m4[0
m:[93m29[0m - 
[91merror[0m[90m 
TS2307: [0mCannot find 
module '../auth/interfac
es/auth-context.interfac
e' or its corresponding 
type declarations.

[7m4[0m import { 
AuthContext } from '../a
uth/interfaces/auth-cont
ext.interface';
[7m [0m [91m         
                   ~~~~~
~~~~~~~~~~~~~~~~~~~~~~~~
~~~~~~~~~~~~~~[0m
[96msrc/growth/promos/p
romos.service.ts[0m:[9
3m2[0m:[93m31[0m - 
[91merror[0m[90m 
TS2307: [0mCannot find 
module '../prisma/prisma
.service' or its 
corresponding type 
declarations.

[7m2[0m import { 
PrismaService } from '..
/prisma/prisma.service';
[7m [0m [91m         
                     ~~~
~~~~~~~~~~~~~~~~~~~~~~~
[0m
[96msrc/growth/promos/p
romos.service.ts[0m:[9
3m3[0m:[93m31[0m - 
[91merror[0m[90m 
TS2307: [0mCannot find 
module '../wallet/ledger
.service' or its 
corresponding type 
declarations.

[7m3[0m import { 
LedgerService } from '..
/wallet/ledger.service';
[7m [0m [91m         
                     ~~~
~~~~~~~~~~~~~~~~~~~~~~~
[0m
[96msrc/growth/promos/p
romos.service.ts[0m:[9
3m4[0m:[93m58[0m - 
[91merror[0m[90m 
TS2307: [0mCannot find 
module 
'../wallet/enums' or 
its corresponding type 
declarations.

[7m4[0m import { 
WalletLedgerType, 
WalletLedgerSourceType 
} from 
'../wallet/enums';
[7m [0m [91m         
                        
                        
~~~~~~~~~~~~~~~~~[0m
[96msrc/growth/referral
s/referrals.service.ts[
0m:[93m2[0m:[93m31[0
m - [91merror[0m[90m 
TS2307: [0mCannot find 
module '../prisma/prisma
.service' or its 
corresponding type 
declarations.

[7m2[0m import { 
PrismaService } from '..
/prisma/prisma.service';
[7m [0m [91m         
                     ~~~
~~~~~~~~~~~~~~~~~~~~~~~
[0m
[96msrc/growth/referral
s/referrals.service.ts[
0m:[93m4[0m:[93m32[0
m - [91merror[0m[90m 
TS2307: [0mCannot find 
module '../pricing/prici
ng.service' or its 
corresponding type 
declarations.

[7m4[0m import { 
PricingService } from '.
./pricing/pricing.servic
e';
[7m [0m [91m         
                      ~~
~~~~~~~~~~~~~~~~~~~~~~~~
~~[0m
[96msrc/growth/referral
s/referrals.service.ts[
0m:[93m5[0m:[93m31[0
m - [91merror[0m[90m 
TS2307: [0mCannot find 
module '../wallet/ledger
.service' or its 
corresponding type 
declarations.

[7m5[0m import { 
LedgerService } from '..
/wallet/ledger.service';
[7m [0m [91m         
                     ~~~
~~~~~~~~~~~~~~~~~~~~~~~
[0m
[96msrc/interests/inter
ests.controller.ts[0m:
[93m15[0m:[93m26[0m 
- [91merror[0m[90m 
TS7006: [0mParameter 
'req' implicitly has an 
'any' type.

[7m15[0m     async tog
gleInterest(@Request() 
req, @Body() body: { 
propertyId: string }) {
[7m  [0m [91m        
                 
~~~~~~~~~~~~~~[0m
[96msrc/interests/inter
ests.controller.ts[0m:
[93m21[0m:[93m26[0m 
- [91merror[0m[90m 
TS7006: [0mParameter 
'req' implicitly has an 
'any' type.

[7m21[0m     async get
MyInterests(@Request() 
req) {
[7m  [0m [91m        
                 
~~~~~~~~~~~~~~[0m
[96msrc/messaging/conve
rsations.service.ts[0m:
[93m97[0m:[93m62[0m 
- [91merror[0m[90m 
TS7006: [0mParameter 
'p' implicitly has an 
'any' type.

[7m97[0m         
const isParticipant = co
nversation.participants.
some(p => p.userId === 
userId);
[7m  [0m [91m        
                        
                        
     ~[0m
[96msrc/messaging/dto/c
reate-conversation.dto.t
s[0m:[93m7[0m:[93m5
[0m - 
[91merror[0m[90m 
TS2564: [0mProperty 
'propertyId' has no 
initializer and is not 
definitely assigned in 
the constructor.

[7m7[0m     
propertyId: string;
[7m [0m [91m    
~~~~~~~~~~[0m
[96msrc/messaging/dto/c
reate-conversation.dto.t
s[0m:[93m19[0m:[93m5
[0m - 
[91merror[0m[90m 
TS2564: [0mProperty 
'participantIds' has no 
initializer and is not 
definitely assigned in 
the constructor.

[7m19[0m     
participantIds: 
string[];
[7m  [0m [91m    
~~~~~~~~~~~~~~[0m
[96msrc/messaging/dto/c
reate-message.dto.ts[0m
:[93m7[0m:[93m5[0m 
- [91merror[0m[90m 
TS2564: [0mProperty 
'conversationId' has no 
initializer and is not 
definitely assigned in 
the constructor.

[7m7[0m     
conversationId: string;
[7m [0m [91m    
~~~~~~~~~~~~~~[0m
[96msrc/messaging/dto/c
reate-message.dto.ts[0m
:[93m11[0m:[93m5[0m 
- [91merror[0m[90m 
TS2564: [0mProperty 
'body' has no 
initializer and is not 
definitely assigned in 
the constructor.

[7m11[0m     body: 
string;
[7m  [0m [91m    
~~~~[0m
[96msrc/messaging/messa
ges.service.ts[0m:[93m
22[0m:[93m62[0m - 
[91merror[0m[90m 
TS7006: [0mParameter 
'p' implicitly has an 
'any' type.

[7m22[0m         
const isParticipant = co
nversation.participants.
some(p => p.userId === 
userId);
[7m  [0m [91m        
                        
                        
     ~[0m
[96msrc/messaging/messa
ges.service.ts[0m:[93m
53[0m:[93m62[0m - 
[91merror[0m[90m 
TS7006: [0mParameter 
'p' implicitly has an 
'any' type.

[7m53[0m         if 
(!conversation || !conve
rsation.participants.som
e(p => p.userId === 
userId)) {
[7m  [0m [91m        
                        
                        
     ~[0m
[96msrc/messaging/messa
ging.controller.ts[0m:
[93m7[0m:[93m30[0m - 
[91merror[0m[90m 
TS2307: [0mCannot find 
module '../auth/guards/j
wt-auth.guard' or its 
corresponding type 
declarations.

[7m7[0m import { 
JwtAuthGuard } from '../
auth/guards/jwt-auth.gua
rd';
[7m [0m [91m         
                    ~~~~
~~~~~~~~~~~~~~~~~~~~~~~~
~~~[0m
[96msrc/messaging/messa
ging.controller.ts[0m:
[93m8[0m:[93m22[0m - 
[91merror[0m[90m 
TS2307: [0mCannot find 
module '../users/user.de
corator' or its 
corresponding type 
declarations.

[7m8[0m import { User 
} from '../users/user.de
corator';
[7m [0m [91m         
            ~~~~~~~~~~~~
~~~~~~~~~~~~~[0m
[96msrc/messaging/messa
ging.gateway.ts[0m:[93
m15[0m:[93m5[0m - 
[91merror[0m[90m 
TS2564: [0mProperty 
'server' has no 
initializer and is not 
definitely assigned in 
the constructor.

[7m15[0m     server: 
Server;
[7m  [0m [91m    
~~~~~~[0m
[96msrc/metrics/metrics
.service.ts[0m:[93m44
[0m:[93m23[0m - 
[91merror[0m[90m 
TS2339: [0mProperty 
'get' does not exist on 
type 
'MetricsCacheService'.

[7m44[0m     return th
is.cache.get('metrics:sy
stem', async () => {
[7m  [0m [91m        
              ~~~[0m
[96msrc/ops/ops.control
ler.ts[0m:[93m4[0m:[
93m28[0m - 
[91merror[0m[90m 
TS2307: [0mCannot find 
module 
'../roles/roles.guard' 
or its corresponding 
type declarations.

[7m4[0m import { 
RolesGuard } from 
'../roles/roles.guard';
[7m [0m [91m         
                  ~~~~~~
~~~~~~~~~~~~~~~~[0m
[96msrc/ops/ops.control
ler.ts[0m:[93m5[0m:[
93m23[0m - 
[91merror[0m[90m 
TS2307: [0mCannot find 
module '../roles/roles.d
ecorator' or its 
corresponding type 
declarations.

[7m5[0m import { 
Roles } from '../roles/r
oles.decorator';
[7m [0m [91m         
             ~~~~~~~~~~~
~~~~~~~~~~~~~~~[0m
[96msrc/payments/paymen
ts.controller.ts[0m:[9
3m43[0m:[93m33[0m - 
[91merror[0m[90m 
TS2339: [0mProperty 
'listMyInvoices' does 
not exist on type 
'PaymentsService'.

[7m43[0m     return th
is.paymentsService.listM
yInvoices(req.user.userI
d);
[7m  [0m [91m        
                        
~~~~~~~~~~~~~~[0m
[96msrc/payments/paymen
ts.service.ts[0m:[93m2
44[0m:[93m27[0m - 
[91merror[0m[90m 
TS2339: [0mProperty 
'resolveFxRate' does 
not exist on type 
'PaymentsService'.

[7m244[0m       
fxRate = await this.reso
lveFxRate(client, 
BASE_CURRENCY, 
Currency.ZWG, new 
Date());
[7m   [0m [91m       
                   
~~~~~~~~~~~~~[0m
[96msrc/payments/paymen
ts.service.ts[0m:[93m2
50[0m:[93m45[0m - 
[91merror[0m[90m 
TS2339: [0mProperty 
'convertUsdCents' does 
not exist on type 
'PaymentsService'.

[7m250[0m     const 
convert = (value: 
number) => this.convertU
sdCents(value, 
rateMicros);
[7m   [0m [91m       
                        
             
~~~~~~~~~~~~~~~[0m
[96msrc/payments/paymen
ts.service.ts[0m:[93m2
63[0m:[93m38[0m - 
[91merror[0m[90m 
TS2339: [0mProperty 
'defaultDueDate' does 
not exist on type 
'PaymentsService'.

[7m263[0m         
dueAt: options.dueAt ?? 
this.defaultDueDate(),
[7m   [0m [91m       
                        
      ~~~~~~~~~~~~~~[0m
[96msrc/payments/paymen
ts.service.ts[0m:[93m3
18[0m:[93m28[0m - 
[91merror[0m[90m 
TS2339: [0mProperty 
'buildReference' does 
not exist on type 
'PaymentsService'.

[7m318[0m     const 
reference = this.buildRe
ference(invoice.id);
[7m   [0m [91m       
                    
~~~~~~~~~~~~~~[0m
[96msrc/payments/paymen
ts.service.ts[0m:[93m4
30[0m:[93m32[0m - 
[91merror[0m[90m 
TS2339: [0mProperty 
'toJsonObject' does not 
exist on type 
'PaymentsService'.

[7m430[0m           
rawWebhookJson: this.toJ
sonObject(result.rawPayl
oad)
[7m   [0m [91m       
                        
~~~~~~~~~~~~[0m
[96msrc/payments/paymen
ts.service.ts[0m:[93m4
64[0m:[93m13[0m - 
[91merror[0m[90m 
TS1005: [0m',' 
expected.

[7m464[0m             
});
[7m   [0m [91m       
     ~[0m
[96msrc/payments/paymen
ts.service.ts[0m:[93m4
64[0m:[93m14[0m - 
[91merror[0m[90m 
TS1128: [0mDeclaration 
or statement expected.

[7m464[0m             
});
[7m   [0m [91m       
      ~[0m
[96msrc/payments/paymen
ts.service.ts[0m:[93m4
70[0m:[93m9[0m - 
[91merror[0m[90m 
TS2532: [0mObject is 
possibly 'undefined'.

[7m470[0m   await this
.commissions.distribute(
transaction as any, 
intent.invoice as any);
[7m   [0m [91m       
 ~~~~[0m
[96msrc/payments/paymen
ts.service.ts[0m:[93m4
70[0m:[93m37[0m - 
[91merror[0m[90m 
TS2304: [0mCannot find 
name 'transaction'.

[7m470[0m   await this
.commissions.distribute(
transaction as any, 
intent.invoice as any);
[7m   [0m [91m       
                        
     ~~~~~~~~~~~[0m
[96msrc/payments/paymen
ts.service.ts[0m:[93m4
70[0m:[93m57[0m - 
[91merror[0m[90m 
TS2304: [0mCannot find 
name 'intent'.

[7m470[0m   await this
.commissions.distribute(
transaction as any, 
intent.invoice as any);
[7m   [0m [91m       
                        
                        
 ~~~~~~[0m
[96msrc/payments/paymen
ts.service.ts[0m:[93m4
71[0m:[93m9[0m - 
[91merror[0m[90m 
TS2532: [0mObject is 
possibly 'undefined'.

[7m471[0m   await this
.rewards.processPaymentR
ewards(intent.invoice 
as any);
[7m   [0m [91m       
 ~~~~[0m
[96msrc/payments/paymen
ts.service.ts[0m:[93m4
71[0m:[93m44[0m - 
[91merror[0m[90m 
TS2304: [0mCannot find 
name 'intent'.

[7m471[0m   await this
.rewards.processPaymentR
ewards(intent.invoice 
as any);
[7m   [0m [91m       
                        
            ~~~~~~[0m
[96msrc/payments/paymen
ts.service.ts[0m:[93m4
76[0m:[93m30[0m - 
[91merror[0m[90m 
TS2532: [0mObject is 
possibly 'undefined'.

[7m476[0m const 
updatedInvoice = await t
his.finalizeInvoice(tx, 
intent.invoice);
[7m   [0m [91m       
                      
~~~~[0m
[96msrc/payments/paymen
ts.service.ts[0m:[93m4
76[0m:[93m51[0m - 
[91merror[0m[90m 
TS2304: [0mCannot find 
name 'tx'.

[7m476[0m const 
updatedInvoice = await t
his.finalizeInvoice(tx, 
intent.invoice);
[7m   [0m [91m       
                        
                   
~~[0m
[96msrc/payments/paymen
ts.service.ts[0m:[93m4
76[0m:[93m55[0m - 
[91merror[0m[90m 
TS2304: [0mCannot find 
name 'intent'.

[7m476[0m const 
updatedInvoice = await t
his.finalizeInvoice(tx, 
intent.invoice);
[7m   [0m [91m       
                        
                       
~~~~~~[0m
[96msrc/payments/paymen
ts.service.ts[0m:[93m4
80[0m:[93m7[0m - 
[91merror[0m[90m 
TS1128: [0mDeclaration 
or statement expected.

[7m480[0m       }); 
// Close transaction 
here
[7m   [0m [91m      
~[0m
[96msrc/payments/paymen
ts.service.ts[0m:[93m4
80[0m:[93m8[0m - 
[91merror[0m[90m 
TS1128: [0mDeclaration 
or statement expected.

[7m480[0m       }); 
// Close transaction 
here
[7m   [0m [91m       
~[0m
[96msrc/payments/paymen
ts.service.ts[0m:[93m4
84[0m:[93m7[0m - 
[91merror[0m[90m 
TS2304: [0mCannot find 
name 'transaction'.

[7m484[0m   id: 
transaction.id,
[7m   [0m [91m      
~~~~~~~~~~~[0m
[96msrc/payments/paymen
ts.service.ts[0m:[93m4
85[0m:[93m5[0m - 
[91merror[0m[90m 
TS2304: [0mCannot find 
name 'amountCents'.

[7m485[0m     
amountCents: 
transaction.amountCents,
[7m   [0m [91m    
~~~~~~~~~~~[0m
[96msrc/payments/paymen
ts.service.ts[0m:[93m4
85[0m:[93m16[0m - 
[91merror[0m[90m 
TS1005: [0m';' 
expected.

[7m485[0m     
amountCents: 
transaction.amountCents,
[7m   [0m [91m       
        ~[0m
[96msrc/payments/paymen
ts.service.ts[0m:[93m4
85[0m:[93m18[0m - 
[91merror[0m[90m 
TS2304: [0mCannot find 
name 'transaction'.

[7m485[0m     
amountCents: 
transaction.amountCents,
[7m   [0m [91m       
          
~~~~~~~~~~~[0m
[96msrc/payments/paymen
ts.service.ts[0m:[93m4
86[0m:[93m7[0m - 
[91merror[0m[90m 
TS2304: [0mCannot find 
name 'currency'.

[7m486[0m       
currency: 
transaction.currency,
[7m   [0m [91m      
~~~~~~~~[0m
[96msrc/payments/paymen
ts.service.ts[0m:[93m4
86[0m:[93m15[0m - 
[91merror[0m[90m 
TS1005: [0m';' 
expected.

[7m486[0m       
currency: 
transaction.currency,
[7m   [0m [91m       
       ~[0m
[96msrc/payments/paymen
ts.service.ts[0m:[93m4
86[0m:[93m17[0m - 
[91merror[0m[90m 
TS2304: [0mCannot find 
name 'transaction'.

[7m486[0m       
currency: 
transaction.currency,
[7m   [0m [91m       
         ~~~~~~~~~~~[0m
[96msrc/payments/paymen
ts.service.ts[0m:[93m4
87[0m:[93m9[0m - 
[91merror[0m[90m 
TS2304: [0mCannot find 
name 'externalRef'.

[7m487[0m         
externalRef: 
transaction.externalRef,
[7m   [0m [91m       
 ~~~~~~~~~~~[0m
[96msrc/payments/paymen
ts.service.ts[0m:[93m4
87[0m:[93m20[0m - 
[91merror[0m[90m 
TS1005: [0m';' 
expected.

[7m487[0m         
externalRef: 
transaction.externalRef,
[7m   [0m [91m       
            ~[0m
[96msrc/payments/paymen
ts.service.ts[0m:[93m4
87[0m:[93m22[0m - 
[91merror[0m[90m 
TS2304: [0mCannot find 
name 'transaction'.

[7m487[0m         
externalRef: 
transaction.externalRef,
[7m   [0m [91m       
              
~~~~~~~~~~~[0m
[96msrc/payments/paymen
ts.service.ts[0m:[93m4
88[0m:[93m11[0m - 
[91merror[0m[90m 
TS2304: [0mCannot find 
name 'gateway'.

[7m488[0m           
gateway: 
transaction.gateway,
[7m   [0m [91m       
   ~~~~~~~[0m
[96msrc/payments/paymen
ts.service.ts[0m:[93m4
88[0m:[93m18[0m - 
[91merror[0m[90m 
TS1005: [0m';' 
expected.

[7m488[0m           
gateway: 
transaction.gateway,
[7m   [0m [91m       
          ~[0m
[96msrc/payments/paymen
ts.service.ts[0m:[93m4
88[0m:[93m20[0m - 
[91merror[0m[90m 
TS2304: [0mCannot find 
name 'transaction'.

[7m488[0m           
gateway: 
transaction.gateway,
[7m   [0m [91m       
            
~~~~~~~~~~~[0m
[96msrc/payments/paymen
ts.service.ts[0m:[93m4
89[0m:[93m13[0m - 
[91merror[0m[90m 
TS2304: [0mCannot find 
name 'createdAt'.

[7m489[0m             
createdAt: 
transaction.createdAt
[7m   [0m [91m       
     ~~~~~~~~~[0m
[96msrc/payments/paymen
ts.service.ts[0m:[93m4
89[0m:[93m22[0m - 
[91merror[0m[90m 
TS1005: [0m';' 
expected.

[7m489[0m             
createdAt: 
transaction.createdAt
[7m   [0m [91m       
              ~[0m
[96msrc/payments/paymen
ts.service.ts[0m:[93m4
89[0m:[93m24[0m - 
[91merror[0m[90m 
TS2304: [0mCannot find 
name 'transaction'.

[7m489[0m             
createdAt: 
transaction.createdAt
[7m   [0m [91m       
                
~~~~~~~~~~~[0m
[96msrc/payments/paymen
ts.service.ts[0m:[93m4
91[0m:[93m1[0m - 
[91merror[0m[90m 
TS1128: [0mDeclaration 
or statement expected.

[7m491[0m };
[7m   [0m [91m~[0m
[96msrc/payments/paymen
ts.service.ts[0m:[93m4
92[0m:[93m7[0m - 
[91merror[0m[90m 
TS1128: [0mDeclaration 
or statement expected.

[7m492[0m       }
[7m   [0m [91m      
~[0m
[96msrc/payments/paymen
ts.service.ts[0m:[93m4
94[0m:[93m5[0m - 
[91merror[0m[90m 
TS1128: [0mDeclaration 
or statement expected.

[7m494[0m     });
[7m   [0m [91m    
~[0m
[96msrc/payments/paymen
ts.service.ts[0m:[93m4
94[0m:[93m6[0m - 
[91merror[0m[90m 
TS1128: [0mDeclaration 
or statement expected.

[7m494[0m     });
[7m   [0m [91m     
~[0m
[96msrc/payments/paymen
ts.service.ts[0m:[93m4
96[0m:[93m5[0m - 
[91merror[0m[90m 
TS2304: [0mCannot find 
name 'receiptContext'.

[7m496[0m if 
(receiptContext) {
[7m   [0m [91m    
~~~~~~~~~~~~~~[0m
[96msrc/payments/paymen
ts.service.ts[0m:[93m4
97[0m:[93m9[0m - 
[91merror[0m[90m 
TS2532: [0mObject is 
possibly 'undefined'.

[7m497[0m   await this
.deliverPaymentReceipt(r
eceiptContext.invoice, r
eceiptContext.transactio
n);
[7m   [0m [91m       
 ~~~~[0m
[96msrc/payments/paymen
ts.service.ts[0m:[93m4
97[0m:[93m36[0m - 
[91merror[0m[90m 
TS2304: [0mCannot find 
name 'receiptContext'.

[7m497[0m   await this
.deliverPaymentReceipt(r
eceiptContext.invoice, r
eceiptContext.transactio
n);
[7m   [0m [91m       
                        
    ~~~~~~~~~~~~~~[0m
[96msrc/payments/paymen
ts.service.ts[0m:[93m4
97[0m:[93m60[0m - 
[91merror[0m[90m 
TS2304: [0mCannot find 
name 'receiptContext'.

[7m497[0m   await this
.deliverPaymentReceipt(r
eceiptContext.invoice, r
eceiptContext.transactio
n);
[7m   [0m [91m       
                        
                        
    ~~~~~~~~~~~~~~[0m
[96msrc/payments/paymen
ts.service.ts[0m:[93m4
99[0m:[93m3[0m - 
[91merror[0m[90m 
TS1128: [0mDeclaration 
or statement expected.

[7m499[0m   }
[7m   [0m [91m  ~[0m
[96msrc/payments/paymen
ts.service.ts[0m:[93m5
01[0m:[93m3[0m - 
[91merror[0m[90m 
TS1434: [0mUnexpected 
keyword or identifier.

[7m501[0m   async mark
InvoicePaidOffline(optio
ns: 
OfflinePaymentOptions) {
[7m   [0m [91m  
~~~~~[0m
[96msrc/payments/paymen
ts.service.ts[0m:[93m5
01[0m:[93m3[0m - 
[91merror[0m[90m 
TS2304: [0mCannot find 
name 'async'.

[7m501[0m   async mark
InvoicePaidOffline(optio
ns: 
OfflinePaymentOptions) {
[7m   [0m [91m  
~~~~~[0m
[96msrc/payments/paymen
ts.service.ts[0m:[93m5
01[0m:[93m9[0m - 
[91merror[0m[90m 
TS2304: [0mCannot find 
name 'markInvoicePaidOff
line'.

[7m501[0m   async mark
InvoicePaidOffline(optio
ns: 
OfflinePaymentOptions) {
[7m   [0m [91m       
 ~~~~~~~~~~~~~~~~~~~~~~
[0m
[96msrc/payments/paymen
ts.service.ts[0m:[93m5
01[0m:[93m32[0m - 
[91merror[0m[90m 
TS2304: [0mCannot find 
name 'options'.

[7m501[0m   async mark
InvoicePaidOffline(optio
ns: 
OfflinePaymentOptions) {
[7m   [0m [91m       
                        
~~~~~~~[0m
[96msrc/payments/paymen
ts.service.ts[0m:[93m5
01[0m:[93m39[0m - 
[91merror[0m[90m 
TS1005: [0m',' 
expected.

[7m501[0m   async mark
InvoicePaidOffline(optio
ns: 
OfflinePaymentOptions) {
[7m   [0m [91m       
                        
       ~[0m
[96msrc/payments/paymen
ts.service.ts[0m:[93m5
01[0m:[93m41[0m - 
[91merror[0m[90m 
TS2693: [0m'OfflinePaym
entOptions' only refers 
to a type, but is being 
used as a value here.

[7m501[0m   async mark
InvoicePaidOffline(optio
ns: 
OfflinePaymentOptions) {
[7m   [0m [91m       
                        
         ~~~~~~~~~~~~~~~
~~~~~~[0m
[96msrc/payments/paymen
ts.service.ts[0m:[93m5
01[0m:[93m64[0m - 
[91merror[0m[90m 
TS1005: [0m';' 
expected.

[7m501[0m   async mark
InvoicePaidOffline(optio
ns: 
OfflinePaymentOptions) {
[7m   [0m [91m       
                        
                        
        ~[0m
[96msrc/payments/paymen
ts.service.ts[0m:[93m5
02[0m:[93m25[0m - 
[91merror[0m[90m 
TS2532: [0mObject is 
possibly 'undefined'.

[7m502[0m   const 
invoice = await this.pri
sma.invoice.findUnique({
[7m   [0m [91m       
                 
~~~~[0m
[96msrc/payments/paymen
ts.service.ts[0m:[93m5
03[0m:[93m18[0m - 
[91merror[0m[90m 
TS2304: [0mCannot find 
name 'options'.

[7m503[0m     where: 
{ id: options.invoiceId 
},
[7m   [0m [91m       
          ~~~~~~~[0m
[96msrc/payments/paymen
ts.service.ts[0m:[93m5
26[0m:[93m18[0m - 
[91merror[0m[90m 
TS2304: [0mCannot find 
name 'options'.

[7m526[0m   const 
paidAt = options.paidAt 
?? new Date();
[7m   [0m [91m       
          ~~~~~~~[0m
[96msrc/payments/paymen
ts.service.ts[0m:[93m5
28[0m:[93m32[0m - 
[91merror[0m[90m 
TS2532: [0mObject is 
possibly 'undefined'.

[7m528[0m   const 
receiptContext = await t
his.prisma.$transaction(
async (tx) => {
[7m   [0m [91m       
                        
~~~~[0m
[96msrc/payments/paymen
ts.service.ts[0m:[93m5
28[0m:[93m64[0m - 
[91merror[0m[90m 
TS7006: [0mParameter 
'tx' implicitly has an 
'any' type.

[7m528[0m   const 
receiptContext = await t
his.prisma.$transaction(
async (tx) => {
[7m   [0m [91m       
                        
                        
        ~~[0m
[96msrc/payments/paymen
ts.service.ts[0m:[93m5
34[0m:[93m22[0m - 
[91merror[0m[90m 
TS2304: [0mCannot find 
name 'options'.

[7m534[0m         
amountCents: 
options.amountCents,
[7m   [0m [91m       
              
~~~~~~~[0m
[96msrc/payments/paymen
ts.service.ts[0m:[93m5
37[0m:[93m19[0m - 
[91merror[0m[90m 
TS2304: [0mCannot find 
name 'options'.

[7m537[0m         
netCents: 
options.amountCents,
[7m   [0m [91m       
           ~~~~~~~[0m
[96msrc/payments/paymen
ts.service.ts[0m:[93m5
39[0m:[93m25[0m - 
[91merror[0m[90m 
TS2304: [0mCannot find 
name 'options'.

[7m539[0m         
rawWebhookJson: 
options.notes ? { 
notes: options.notes } 
: undefined
[7m   [0m [91m       
                 
~~~~~~~[0m
[96msrc/payments/paymen
ts.service.ts[0m:[93m5
39[0m:[93m50[0m - 
[91merror[0m[90m 
TS2304: [0mCannot find 
name 'options'.

[7m539[0m         
rawWebhookJson: 
options.notes ? { 
notes: options.notes } 
: undefined
[7m   [0m [91m       
                        
                  
~~~~~~~[0m
[96msrc/payments/paymen
ts.service.ts[0m:[93m5
43[0m:[93m34[0m - 
[91merror[0m[90m 
TS2532: [0mObject is 
possibly 'undefined'.

[7m543[0m     const 
updatedInvoice = await t
his.finalizeInvoice(tx, 
invoice);
[7m   [0m [91m       
                        
  ~~~~[0m
[96msrc/payments/paymen
ts.service.ts[0m:[93m5
57[0m:[93m9[0m - 
[91merror[0m[90m 
TS2532: [0mObject is 
possibly 'undefined'.

[7m557[0m   await 
this.audit.logAction({
[7m   [0m [91m       
 ~~~~[0m
[96msrc/payments/paymen
ts.service.ts[0m:[93m5
59[0m:[93m14[0m - 
[91merror[0m[90m 
TS2304: [0mCannot find 
name 'options'.

[7m559[0m     
actorId: 
options.actorId,
[7m   [0m [91m       
      ~~~~~~~[0m
[96msrc/payments/paymen
ts.service.ts[0m:[93m5
62[0m:[93m30[0m - 
[91merror[0m[90m 
TS2304: [0mCannot find 
name 'options'.

[7m562[0m     
metadata: { 
amountCents: 
options.amountCents, 
notes: options.notes }
[7m   [0m [91m       
                      
~~~~~~~[0m
[96msrc/payments/paymen
ts.service.ts[0m:[93m5
62[0m:[93m58[0m - 
[91merror[0m[90m 
TS2304: [0mCannot find 
name 'options'.

[7m562[0m     
metadata: { 
amountCents: 
options.amountCents, 
notes: options.notes }
[7m   [0m [91m       
                        
                        
  ~~~~~~~[0m
[96msrc/payments/paymen
ts.service.ts[0m:[93m5
65[0m:[93m9[0m - 
[91merror[0m[90m 
TS2532: [0mObject is 
possibly 'undefined'.

[7m565[0m   await this
.deliverPaymentReceipt(r
eceiptContext.invoice, r
eceiptContext.transactio
n);
[7m   [0m [91m       
 ~~~~[0m
[96msrc/payments/paymen
ts.service.ts[0m:[93m5
69[0m:[93m3[0m - 
[91merror[0m[90m 
TS1128: [0mDeclaration 
or statement expected.

[7m569[0m   private 
toJsonObject(payload ?: 
Record<string, 
unknown>) {
[7m   [0m [91m  
~~~~~~~[0m
[96msrc/payments/paymen
ts.service.ts[0m:[93m5
69[0m:[93m11[0m - 
[91merror[0m[90m 
TS2304: [0mCannot find 
name 'toJsonObject'.

[7m569[0m   private 
toJsonObject(payload ?: 
Record<string, 
unknown>) {
[7m   [0m [91m       
   ~~~~~~~~~~~~[0m
[96msrc/payments/paymen
ts.service.ts[0m:[93m5
69[0m:[93m24[0m - 
[91merror[0m[90m 
TS2304: [0mCannot find 
name 'payload'.

[7m569[0m   private 
toJsonObject(payload ?: 
Record<string, 
unknown>) {
[7m   [0m [91m       
                
~~~~~~~[0m
[96msrc/payments/paymen
ts.service.ts[0m:[93m5
69[0m:[93m33[0m - 
[91merror[0m[90m 
TS1109: [0mExpression 
expected.

[7m569[0m   private 
toJsonObject(payload ?: 
Record<string, 
unknown>) {
[7m   [0m [91m       
                        
 ~[0m
[96msrc/payments/paymen
ts.service.ts[0m:[93m5
69[0m:[93m35[0m - 
[91merror[0m[90m 
TS2693: [0m'Record' 
only refers to a type, 
but is being used as a 
value here.

[7m569[0m   private 
toJsonObject(payload ?: 
Record<string, 
unknown>) {
[7m   [0m [91m       
                        
   ~~~~~~[0m
[96msrc/payments/paymen
ts.service.ts[0m:[93m5
69[0m:[93m60[0m - 
[91merror[0m[90m 
TS1005: [0m';' 
expected.

[7m569[0m   private 
toJsonObject(payload ?: 
Record<string, 
unknown>) {
[7m   [0m [91m       
                        
                        
    ~[0m
[96msrc/payments/paymen
ts.service.ts[0m:[93m5
73[0m:[93m3[0m - 
[91merror[0m[90m 
TS1128: [0mDeclaration 
or statement expected.

[7m573[0m   private 
async 
finalizeInvoice(tx: 
PrismaTx, invoice: 
InvoiceWithRelations) {
[7m   [0m [91m  
~~~~~~~[0m
[96msrc/payments/paymen
ts.service.ts[0m:[93m5
73[0m:[93m11[0m - 
[91merror[0m[90m 
TS1434: [0mUnexpected 
keyword or identifier.

[7m573[0m   private 
async 
finalizeInvoice(tx: 
PrismaTx, invoice: 
InvoiceWithRelations) {
[7m   [0m [91m       
   ~~~~~[0m
[96msrc/payments/paymen
ts.service.ts[0m:[93m5
73[0m:[93m11[0m - 
[91merror[0m[90m 
TS2304: [0mCannot find 
name 'async'.

[7m573[0m   private 
async 
finalizeInvoice(tx: 
PrismaTx, invoice: 
InvoiceWithRelations) {
[7m   [0m [91m       
   ~~~~~[0m
[96msrc/payments/paymen
ts.service.ts[0m:[93m5
73[0m:[93m17[0m - 
[91merror[0m[90m 
TS2304: [0mCannot find 
name 'finalizeInvoice'.

[7m573[0m   private 
async 
finalizeInvoice(tx: 
PrismaTx, invoice: 
InvoiceWithRelations) {
[7m   [0m [91m       
         
~~~~~~~~~~~~~~~[0m
[96msrc/payments/paymen
ts.service.ts[0m:[93m5
73[0m:[93m33[0m - 
[91merror[0m[90m 
TS2304: [0mCannot find 
name 'tx'.

[7m573[0m   private 
async 
finalizeInvoice(tx: 
PrismaTx, invoice: 
InvoiceWithRelations) {
[7m   [0m [91m       
                        
 ~~[0m
[96msrc/payments/paymen
ts.service.ts[0m:[93m5
73[0m:[93m35[0m - 
[91merror[0m[90m 
TS1005: [0m',' 
expected.

[7m573[0m   private 
async 
finalizeInvoice(tx: 
PrismaTx, invoice: 
InvoiceWithRelations) {
[7m   [0m [91m       
                        
   ~[0m
[96msrc/payments/paymen
ts.service.ts[0m:[93m5
73[0m:[93m37[0m - 
[91merror[0m[90m 
TS2693: [0m'PrismaTx' 
only refers to a type, 
but is being used as a 
value here.

[7m573[0m   private 
async 
finalizeInvoice(tx: 
PrismaTx, invoice: 
InvoiceWithRelations) {
[7m   [0m [91m       
                        
     ~~~~~~~~[0m
[96msrc/payments/paymen
ts.service.ts[0m:[93m5
73[0m:[93m47[0m - 
[91merror[0m[90m 
TS2304: [0mCannot find 
name 'invoice'.

[7m573[0m   private 
async 
finalizeInvoice(tx: 
PrismaTx, invoice: 
InvoiceWithRelations) {
[7m   [0m [91m       
                        
               
~~~~~~~[0m
[96msrc/payments/paymen
ts.service.ts[0m:[93m5
73[0m:[93m54[0m - 
[91merror[0m[90m 
TS1005: [0m',' 
expected.

[7m573[0m   private 
async 
finalizeInvoice(tx: 
PrismaTx, invoice: 
InvoiceWithRelations) {
[7m   [0m [91m       
                        
                      
~[0m
[96msrc/payments/paymen
ts.service.ts[0m:[93m5
73[0m:[93m56[0m - 
[91merror[0m[90m 
TS2693: [0m'InvoiceWith
Relations' only refers 
to a type, but is being 
used as a value here.

[7m573[0m   private 
async 
finalizeInvoice(tx: 
PrismaTx, invoice: 
InvoiceWithRelations) {
[7m   [0m [91m       
                        
                        
~~~~~~~~~~~~~~~~~~~~[0m
[96msrc/payments/paymen
ts.service.ts[0m:[93m5
73[0m:[93m78[0m - 
[91merror[0m[90m 
TS1005: [0m';' 
expected.

[7m573[0m   private 
async 
finalizeInvoice(tx: 
PrismaTx, invoice: 
InvoiceWithRelations) {
[7m   [0m [91m       
                        
                        
                      
~[0m
[96msrc/payments/paymen
ts.service.ts[0m:[93m5
74[0m:[93m7[0m - 
[91merror[0m[90m 
TS2304: [0mCannot find 
name 'invoice'.

[7m574[0m   if 
(invoice.status === 
InvoiceStatus.PAID) {
[7m   [0m [91m      
~~~~~~~[0m
[96msrc/payments/paymen
ts.service.ts[0m:[93m5
79[0m:[93m21[0m - 
[91merror[0m[90m 
TS2304: [0mCannot find 
name 'invoice'.

[7m579[0m   const 
invoiceNo = 
invoice.invoiceNo ?? thi
s.generateInvoiceNumber(
invoice, issuedAt);
[7m   [0m [91m       
             ~~~~~~~[0m
[96msrc/payments/paymen
ts.service.ts[0m:[93m5
79[0m:[93m42[0m - 
[91merror[0m[90m 
TS2532: [0mObject is 
possibly 'undefined'.

[7m579[0m   const 
invoiceNo = 
invoice.invoiceNo ?? thi
s.generateInvoiceNumber(
invoice, issuedAt);
[7m   [0m [91m       
                        
          ~~~~[0m
[96msrc/payments/paymen
ts.service.ts[0m:[93m5
79[0m:[93m69[0m - 
[91merror[0m[90m 
TS2304: [0mCannot find 
name 'invoice'.

[7m579[0m   const 
invoiceNo = 
invoice.invoiceNo ?? thi
s.generateInvoiceNumber(
invoice, issuedAt);
[7m   [0m [91m       
                        
                        
             ~~~~~~~[0m
[96msrc/payments/paymen
ts.service.ts[0m:[93m5
80[0m:[93m24[0m - 
[91merror[0m[90m 
TS2532: [0mObject is 
possibly 'undefined'.

[7m580[0m   const 
pdfUrl = await this.gene
rateInvoicePdf({ 
...invoice, invoiceNo, 
issuedAt });
[7m   [0m [91m       
                ~~~~[0m
[96msrc/payments/paymen
ts.service.ts[0m:[93m5
80[0m:[93m53[0m - 
[91merror[0m[90m 
TS2304: [0mCannot find 
name 'invoice'.

[7m580[0m   const 
pdfUrl = await this.gene
rateInvoicePdf({ 
...invoice, invoiceNo, 
issuedAt });
[7m   [0m [91m       
                        
                     
~~~~~~~[0m
[96msrc/payments/paymen
ts.service.ts[0m:[93m5
82[0m:[93m25[0m - 
[91merror[0m[90m 
TS2304: [0mCannot find 
name 'tx'.

[7m582[0m   const 
updated = await 
tx.invoice.update({
[7m   [0m [91m       
                 ~~[0m
[96msrc/payments/paymen
ts.service.ts[0m:[93m5
83[0m:[93m18[0m - 
[91merror[0m[90m 
TS2304: [0mCannot find 
name 'invoice'.

[7m583[0m     where: 
{ id: invoice.id },
[7m   [0m [91m       
          ~~~~~~~[0m
[96msrc/payments/paymen
ts.service.ts[0m:[93m5
97[0m:[93m7[0m - 
[91merror[0m[90m 
TS2304: [0mCannot find 
name 'invoice'.

[7m597[0m   if 
(invoice.promoBoost) {
[7m   [0m [91m      
~~~~~~~[0m
[96msrc/payments/paymen
ts.service.ts[0m:[93m5
98[0m:[93m11[0m - 
[91merror[0m[90m 
TS2532: [0mObject is 
possibly 'undefined'.

[7m598[0m     await 
this.activatePromo(tx, 
invoice.promoBoost, 
issuedAt);
[7m   [0m [91m       
   ~~~~[0m
[96msrc/payments/paymen
ts.service.ts[0m:[93m5
98[0m:[93m30[0m - 
[91merror[0m[90m 
TS2304: [0mCannot find 
name 'tx'.

[7m598[0m     await 
this.activatePromo(tx, 
invoice.promoBoost, 
issuedAt);
[7m   [0m [91m       
                      
~~[0m
[96msrc/payments/paymen
ts.service.ts[0m:[93m5
98[0m:[93m34[0m - 
[91merror[0m[90m 
TS2304: [0mCannot find 
name 'invoice'.

[7m598[0m     await 
this.activatePromo(tx, 
invoice.promoBoost, 
issuedAt);
[7m   [0m [91m       
                        
  ~~~~~~~[0m
[96msrc/payments/paymen
ts.service.ts[0m:[93m6
01[0m:[93m7[0m - 
[91merror[0m[90m 
TS2304: [0mCannot find 
name 'invoice'.

[7m601[0m   if 
(invoice.campaign) {
[7m   [0m [91m      
~~~~~~~[0m
[96msrc/payments/paymen
ts.service.ts[0m:[93m6
02[0m:[93m11[0m - 
[91merror[0m[90m 
TS2532: [0mObject is 
possibly 'undefined'.

[7m602[0m     await th
is.activateCampaign(tx, 
invoice.campaign, 
issuedAt);
[7m   [0m [91m       
   ~~~~[0m
[96msrc/payments/paymen
ts.service.ts[0m:[93m6
02[0m:[93m33[0m - 
[91merror[0m[90m 
TS2304: [0mCannot find 
name 'tx'.

[7m602[0m     await th
is.activateCampaign(tx, 
invoice.campaign, 
issuedAt);
[7m   [0m [91m       
                        
 ~~[0m
[96msrc/payments/paymen
ts.service.ts[0m:[93m6
02[0m:[93m37[0m - 
[91merror[0m[90m 
TS2304: [0mCannot find 
name 'invoice'.

[7m602[0m     await th
is.activateCampaign(tx, 
invoice.campaign, 
issuedAt);
[7m   [0m [91m       
                        
     ~~~~~~~[0m
[96msrc/payments/paymen
ts.service.ts[0m:[93m6
08[0m:[93m3[0m - 
[91merror[0m[90m 
TS1128: [0mDeclaration 
or statement expected.

[7m608[0m   private 
async activateCampaign(
[7m   [0m [91m  
~~~~~~~[0m
[96msrc/payments/paymen
ts.service.ts[0m:[93m6
08[0m:[93m11[0m - 
[91merror[0m[90m 
TS1434: [0mUnexpected 
keyword or identifier.

[7m608[0m   private 
async activateCampaign(
[7m   [0m [91m       
   ~~~~~[0m
[96msrc/payments/paymen
ts.service.ts[0m:[93m6
08[0m:[93m11[0m - 
[91merror[0m[90m 
TS2304: [0mCannot find 
name 'async'.

[7m608[0m   private 
async activateCampaign(
[7m   [0m [91m       
   ~~~~~[0m
[96msrc/payments/paymen
ts.service.ts[0m:[93m6
08[0m:[93m17[0m - 
[91merror[0m[90m 
TS2304: [0mCannot find 
name 'activateCampaign'.

[7m608[0m   private 
async activateCampaign(
[7m   [0m [91m       
         
~~~~~~~~~~~~~~~~[0m
[96msrc/payments/paymen
ts.service.ts[0m:[93m6
09[0m:[93m3[0m - 
[91merror[0m[90m 
TS2304: [0mCannot find 
name 'tx'.

[7m609[0m   tx: 
PrismaTx,
[7m   [0m [91m  
~~[0m
[96msrc/payments/paymen
ts.service.ts[0m:[93m6
09[0m:[93m5[0m - 
[91merror[0m[90m 
TS1005: [0m',' 
expected.

[7m609[0m   tx: 
PrismaTx,
[7m   [0m [91m    
~[0m
[96msrc/payments/paymen
ts.service.ts[0m:[93m6
09[0m:[93m7[0m - 
[91merror[0m[90m 
TS2693: [0m'PrismaTx' 
only refers to a type, 
but is being used as a 
value here.

[7m609[0m   tx: 
PrismaTx,
[7m   [0m [91m      
~~~~~~~~[0m
[96msrc/payments/paymen
ts.service.ts[0m:[93m6
10[0m:[93m3[0m - 
[91merror[0m[90m 
TS2304: [0mCannot find 
name 'campaign'.

[7m610[0m   campaign: 
{ id: string; flights: 
{ id: string; 
placementId: string }[] 
},
[7m   [0m [91m  
~~~~~~~~[0m
[96msrc/payments/paymen
ts.service.ts[0m:[93m6
10[0m:[93m11[0m - 
[91merror[0m[90m 
TS1005: [0m',' 
expected.

[7m610[0m   campaign: 
{ id: string; flights: 
{ id: string; 
placementId: string }[] 
},
[7m   [0m [91m       
   ~[0m
[96msrc/payments/paymen
ts.service.ts[0m:[93m6
10[0m:[93m19[0m - 
[91merror[0m[90m 
TS2693: [0m'string' 
only refers to a type, 
but is being used as a 
value here.

[7m610[0m   campaign: 
{ id: string; flights: 
{ id: string; 
placementId: string }[] 
},
[7m   [0m [91m       
           ~~~~~~[0m
[96msrc/payments/paymen
ts.service.ts[0m:[93m6
10[0m:[93m25[0m - 
[91merror[0m[90m 
TS1005: [0m',' 
expected.

[7m610[0m   campaign: 
{ id: string; flights: 
{ id: string; 
placementId: string }[] 
},
[7m   [0m [91m       
                 ~[0m
[96msrc/payments/paymen
ts.service.ts[0m:[93m6
10[0m:[93m36[0m - 
[91merror[0m[90m 
TS7053: [0mElement 
implicitly has an 'any' 
type because expression 
of type 'any' can't be 
used to index type '{ 
id: any; placementId: 
any; }'.

[7m610[0m   campaign: 
{ id: string; flights: 
{ id: string; 
placementId: string }[] 
},
[7m   [0m [91m       
                        
    ~~~~~~~~~~~~~~~~~~~~
~~~~~~~~~~~~~~~~~[0m
[96msrc/payments/paymen
ts.service.ts[0m:[93m6
10[0m:[93m42[0m - 
[91merror[0m[90m 
TS2693: [0m'string' 
only refers to a type, 
but is being used as a 
value here.

[7m610[0m   campaign: 
{ id: string; flights: 
{ id: string; 
placementId: string }[] 
},
[7m   [0m [91m       
                        
          ~~~~~~[0m
[96msrc/payments/paymen
ts.service.ts[0m:[93m6
10[0m:[93m48[0m - 
[91merror[0m[90m 
TS1005: [0m',' 
expected.

[7m610[0m   campaign: 
{ id: string; flights: 
{ id: string; 
placementId: string }[] 
},
[7m   [0m [91m       
                        
                ~[0m
[96msrc/payments/paymen
ts.service.ts[0m:[93m6
10[0m:[93m63[0m - 
[91merror[0m[90m 
TS2693: [0m'string' 
only refers to a type, 
but is being used as a 
value here.

[7m610[0m   campaign: 
{ id: string; flights: 
{ id: string; 
placementId: string }[] 
},
[7m   [0m [91m       
                        
                        
       ~~~~~~[0m
[96msrc/payments/paymen
ts.service.ts[0m:[93m6
10[0m:[93m72[0m - 
[91merror[0m[90m 
TS1011: [0mAn element 
access expression 
should take an argument.

[7m610[0m   campaign: 
{ id: string; flights: 
{ id: string; 
placementId: string }[] 
},
[7m   [0m [91m       
                        
                        
                [0m
[96msrc/payments/paymen
ts.service.ts[0m:[93m6
11[0m:[93m3[0m - 
[91merror[0m[90m 
TS2304: [0mCannot find 
name 'activatedAt'.

[7m611[0m   
activatedAt: Date
[7m   [0m [91m  
~~~~~~~~~~~[0m
[96msrc/payments/paymen
ts.service.ts[0m:[93m6
11[0m:[93m14[0m - 
[91merror[0m[90m 
TS1005: [0m',' 
expected.

[7m611[0m   
activatedAt: Date
[7m   [0m [91m       
      ~[0m
[96msrc/payments/paymen
ts.service.ts[0m:[93m6
12[0m:[93m3[0m - 
[91merror[0m[90m 
TS1005: [0m';' 
expected.

[7m612[0m ) {
[7m   [0m [91m  ~[0m
[96msrc/payments/paymen
ts.service.ts[0m:[93m6
13[0m:[93m9[0m - 
[91merror[0m[90m 
TS2304: [0mCannot find 
name 'tx'.

[7m613[0m   await 
tx.adCampaign.update({
[7m   [0m [91m       
 ~~[0m
[96msrc/payments/paymen
ts.service.ts[0m:[93m6
14[0m:[93m18[0m - 
[91merror[0m[90m 
TS2304: [0mCannot find 
name 'campaign'.

[7m614[0m     where: 
{ id: campaign.id },
[7m   [0m [91m       
          ~~~~~~~~[0m
[96msrc/payments/paymen
ts.service.ts[0m:[93m6
17[0m:[93m16[0m - 
[91merror[0m[90m 
TS2304: [0mCannot find 
name 'activatedAt'.

[7m617[0m       
startAt: activatedAt
[7m   [0m [91m       
        ~~~~~~~~~~~[0m
[96msrc/payments/paymen
ts.service.ts[0m:[93m6
21[0m:[93m24[0m - 
[91merror[0m[90m 
TS2304: [0mCannot find 
name 'campaign'.

[7m621[0m   for 
(const flight of 
campaign.flights) {
[7m   [0m [91m       
                
~~~~~~~~[0m
[96msrc/payments/paymen
ts.service.ts[0m:[93m6
22[0m:[93m11[0m - 
[91merror[0m[90m 
TS2304: [0mCannot find 
name 'tx'.

[7m622[0m     await 
tx.adStat.upsert({
[7m   [0m [91m       
   ~~[0m
[96msrc/payments/paymen
ts.service.ts[0m:[93m6
25[0m:[93m23[0m - 
[91merror[0m[90m 
TS2304: [0mCannot find 
name 'campaign'.

[7m625[0m           
campaignId: campaign.id,
[7m   [0m [91m       
               
~~~~~~~~[0m
[96msrc/payments/paymen
ts.service.ts[0m:[93m6
28[0m:[93m28[0m - 
[91merror[0m[90m 
TS2304: [0mCannot find 
name 'activatedAt'.

[7m628[0m           
date: 
startOfDay(activatedAt)
[7m   [0m [91m       
                    
~~~~~~~~~~~[0m
[96msrc/payments/paymen
ts.service.ts[0m:[93m6
33[0m:[93m21[0m - 
[91merror[0m[90m 
TS2304: [0mCannot find 
name 'campaign'.

[7m633[0m         
campaignId: campaign.id,
[7m   [0m [91m       
             
~~~~~~~~[0m
[96msrc/payments/paymen
ts.service.ts[0m:[93m6
36[0m:[93m26[0m - 
[91merror[0m[90m 
TS2304: [0mCannot find 
name 'activatedAt'.

[7m636[0m         
date: 
startOfDay(activatedAt),
[7m   [0m [91m       
                  
~~~~~~~~~~~[0m
[96msrc/payments/paymen
ts.service.ts[0m:[93m6
45[0m:[93m3[0m - 
[91merror[0m[90m 
TS1128: [0mDeclaration 
or statement expected.

[7m645[0m   private 
async activatePromo(
[7m   [0m [91m  
~~~~~~~[0m
[96msrc/payments/paymen
ts.service.ts[0m:[93m6
45[0m:[93m11[0m - 
[91merror[0m[90m 
TS1434: [0mUnexpected 
keyword or identifier.

[7m645[0m   private 
async activatePromo(
[7m   [0m [91m       
   ~~~~~[0m
[96msrc/payments/paymen
ts.service.ts[0m:[93m6
45[0m:[93m11[0m - 
[91merror[0m[90m 
TS2304: [0mCannot find 
name 'async'.

[7m645[0m   private 
async activatePromo(
[7m   [0m [91m       
   ~~~~~[0m
[96msrc/payments/paymen
ts.service.ts[0m:[93m6
45[0m:[93m17[0m - 
[91merror[0m[90m 
TS2304: [0mCannot find 
name 'activatePromo'.

[7m645[0m   private 
async activatePromo(
[7m   [0m [91m       
         
~~~~~~~~~~~~~[0m
[96msrc/payments/paymen
ts.service.ts[0m:[93m6
46[0m:[93m3[0m - 
[91merror[0m[90m 
TS2304: [0mCannot find 
name 'tx'.

[7m646[0m   tx: 
PrismaTx,
[7m   [0m [91m  
~~[0m
[96msrc/payments/paymen
ts.service.ts[0m:[93m6
46[0m:[93m5[0m - 
[91merror[0m[90m 
TS1005: [0m',' 
expected.

[7m646[0m   tx: 
PrismaTx,
[7m   [0m [91m    
~[0m
[96msrc/payments/paymen
ts.service.ts[0m:[93m6
46[0m:[93m7[0m - 
[91merror[0m[90m 
TS2693: [0m'PrismaTx' 
only refers to a type, 
but is being used as a 
value here.

[7m646[0m   tx: 
PrismaTx,
[7m   [0m [91m      
~~~~~~~~[0m
[96msrc/payments/paymen
ts.service.ts[0m:[93m6
47[0m:[93m3[0m - 
[91merror[0m[90m 
TS2304: [0mCannot find 
name 'promo'.

[7m647[0m   promo: { 
id: string; startAt: 
Date; endAt: Date },
[7m   [0m [91m  
~~~~~[0m
[96msrc/payments/paymen
ts.service.ts[0m:[93m6
47[0m:[93m8[0m - 
[91merror[0m[90m 
TS1005: [0m',' 
expected.

[7m647[0m   promo: { 
id: string; startAt: 
Date; endAt: Date },
[7m   [0m [91m       
~[0m
[96msrc/payments/paymen
ts.service.ts[0m:[93m6
47[0m:[93m16[0m - 
[91merror[0m[90m 
TS2693: [0m'string' 
only refers to a type, 
but is being used as a 
value here.

[7m647[0m   promo: { 
id: string; startAt: 
Date; endAt: Date },
[7m   [0m [91m       
        ~~~~~~[0m
[96msrc/payments/paymen
ts.service.ts[0m:[93m6
47[0m:[93m22[0m - 
[91merror[0m[90m 
TS1005: [0m',' 
expected.

[7m647[0m   promo: { 
id: string; startAt: 
Date; endAt: Date },
[7m   [0m [91m       
              ~[0m
[96msrc/payments/paymen
ts.service.ts[0m:[93m6
47[0m:[93m37[0m - 
[91merror[0m[90m 
TS1005: [0m',' 
expected.

[7m647[0m   promo: { 
id: string; startAt: 
Date; endAt: Date },
[7m   [0m [91m       
                        
     ~[0m
[96msrc/payments/paymen
ts.service.ts[0m:[93m6
48[0m:[93m3[0m - 
[91merror[0m[90m 
TS2304: [0mCannot find 
name 'activatedAt'.

[7m648[0m   
activatedAt: Date
[7m   [0m [91m  
~~~~~~~~~~~[0m
[96msrc/payments/paymen
ts.service.ts[0m:[93m6
48[0m:[93m14[0m - 
[91merror[0m[90m 
TS1005: [0m',' 
expected.

[7m648[0m   
activatedAt: Date
[7m   [0m [91m       
      ~[0m
[96msrc/payments/paymen
ts.service.ts[0m:[93m6
49[0m:[93m3[0m - 
[91merror[0m[90m 
TS1005: [0m';' 
expected.

[7m649[0m ) {
[7m   [0m [91m  ~[0m
[96msrc/payments/paymen
ts.service.ts[0m:[93m6
50[0m:[93m17[0m - 
[91merror[0m[90m 
TS2304: [0mCannot find 
name 'promo'.

[7m650[0m   const 
endAt = promo.endAt > 
activatedAt ? 
promo.endAt : new Date(a
ctivatedAt.getTime() + 
7 * 24 * 3600 * 1000);
[7m   [0m [91m       
         ~~~~~[0m
[96msrc/payments/paymen
ts.service.ts[0m:[93m6
50[0m:[93m31[0m - 
[91merror[0m[90m 
TS2304: [0mCannot find 
name 'activatedAt'.

[7m650[0m   const 
endAt = promo.endAt > 
activatedAt ? 
promo.endAt : new Date(a
ctivatedAt.getTime() + 
7 * 24 * 3600 * 1000);
[7m   [0m [91m       
                       
~~~~~~~~~~~[0m
[96msrc/payments/paymen
ts.service.ts[0m:[93m6
50[0m:[93m45[0m - 
[91merror[0m[90m 
TS2304: [0mCannot find 
name 'promo'.

[7m650[0m   const 
endAt = promo.endAt > 
activatedAt ? 
promo.endAt : new Date(a
ctivatedAt.getTime() + 
7 * 24 * 3600 * 1000);
[7m   [0m [91m       
                        
             ~~~~~[0m
[96msrc/payments/paymen
ts.service.ts[0m:[93m6
50[0m:[93m68[0m - 
[91merror[0m[90m 
TS2304: [0mCannot find 
name 'activatedAt'.

[7m650[0m   const 
endAt = promo.endAt > 
activatedAt ? 
promo.endAt : new Date(a
ctivatedAt.getTime() + 
7 * 24 * 3600 * 1000);
[7m   [0m [91m       
                        
                        
            
~~~~~~~~~~~[0m
[96msrc/payments/paymen
ts.service.ts[0m:[93m6
52[0m:[93m9[0m - 
[91merror[0m[90m 
TS2304: [0mCannot find 
name 'tx'.

[7m652[0m   await 
tx.promoBoost.update({
[7m   [0m [91m       
 ~~[0m
[96msrc/payments/paymen
ts.service.ts[0m:[93m6
53[0m:[93m18[0m - 
[91merror[0m[90m 
TS2304: [0mCannot find 
name 'promo'.

[7m653[0m     where: 
{ id: promo.id },
[7m   [0m [91m       
          ~~~~~[0m
[96msrc/payments/paymen
ts.service.ts[0m:[93m6
55[0m:[93m16[0m - 
[91merror[0m[90m 
TS2304: [0mCannot find 
name 'activatedAt'.

[7m655[0m       
startAt: activatedAt,
[7m   [0m [91m       
        ~~~~~~~~~~~[0m
[96msrc/payments/paymen
ts.service.ts[0m:[93m6
61[0m:[93m3[0m - 
[91merror[0m[90m 
TS1128: [0mDeclaration 
or statement expected.

[7m661[0m   private co
nvertUsdCents(usdCents: 
number, rateMicros ?: 
number) {
[7m   [0m [91m  
~~~~~~~[0m
[96msrc/payments/paymen
ts.service.ts[0m:[93m6
61[0m:[93m11[0m - 
[91merror[0m[90m 
TS2304: [0mCannot find 
name 'convertUsdCents'.

[7m661[0m   private co
nvertUsdCents(usdCents: 
number, rateMicros ?: 
number) {
[7m   [0m [91m       
   ~~~~~~~~~~~~~~~[0m
[96msrc/payments/paymen
ts.service.ts[0m:[93m6
61[0m:[93m27[0m - 
[91merror[0m[90m 
TS2304: [0mCannot find 
name 'usdCents'.

[7m661[0m   private co
nvertUsdCents(usdCents: 
number, rateMicros ?: 
number) {
[7m   [0m [91m       
                   
~~~~~~~~[0m
[96msrc/payments/paymen
ts.service.ts[0m:[93m6
61[0m:[93m35[0m - 
[91merror[0m[90m 
TS1005: [0m',' 
expected.

[7m661[0m   private co
nvertUsdCents(usdCents: 
number, rateMicros ?: 
number) {
[7m   [0m [91m       
                        
   ~[0m
[96msrc/payments/paymen
ts.service.ts[0m:[93m6
61[0m:[93m37[0m - 
[91merror[0m[90m 
TS2693: [0m'number' 
only refers to a type, 
but is being used as a 
value here.

[7m661[0m   private co
nvertUsdCents(usdCents: 
number, rateMicros ?: 
number) {
[7m   [0m [91m       
                        
     ~~~~~~[0m
[96msrc/payments/paymen
ts.service.ts[0m:[93m6
61[0m:[93m45[0m - 
[91merror[0m[90m 
TS2304: [0mCannot find 
name 'rateMicros'.

[7m661[0m   private co
nvertUsdCents(usdCents: 
number, rateMicros ?: 
number) {
[7m   [0m [91m       
                        
             
~~~~~~~~~~[0m
[96msrc/payments/paymen
ts.service.ts[0m:[93m6
61[0m:[93m57[0m - 
[91merror[0m[90m 
TS1109: [0mExpression 
expected.

[7m661[0m   private co
nvertUsdCents(usdCents: 
number, rateMicros ?: 
number) {
[7m   [0m [91m       
                        
                        
 ~[0m
[96msrc/payments/paymen
ts.service.ts[0m:[93m6
61[0m:[93m59[0m - 
[91merror[0m[90m 
TS2693: [0m'number' 
only refers to a type, 
but is being used as a 
value here.

[7m661[0m   private co
nvertUsdCents(usdCents: 
number, rateMicros ?: 
number) {
[7m   [0m [91m       
                        
                        
   ~~~~~~[0m
[96msrc/payments/paymen
ts.service.ts[0m:[93m6
61[0m:[93m67[0m - 
[91merror[0m[90m 
TS1005: [0m';' 
expected.

[7m661[0m   private co
nvertUsdCents(usdCents: 
number, rateMicros ?: 
number) {
[7m   [0m [91m       
                        
                        
           ~[0m
[96msrc/payments/paymen
ts.service.ts[0m:[93m6
62[0m:[93m8[0m - 
[91merror[0m[90m 
TS2304: [0mCannot find 
name 'rateMicros'.

[7m662[0m   if 
(!rateMicros) {
[7m   [0m [91m       
~~~~~~~~~~[0m
[96msrc/payments/paymen
ts.service.ts[0m:[93m6
69[0m:[93m3[0m - 
[91merror[0m[90m 
TS1128: [0mDeclaration 
or statement expected.

[7m669[0m   private 
async 
resolveFxRate(client: 
PrismaClientOrTx, base: 
Currency, quote: 
Currency, at: Date) {
[7m   [0m [91m  
~~~~~~~[0m
[96msrc/payments/paymen
ts.service.ts[0m:[93m6
69[0m:[93m11[0m - 
[91merror[0m[90m 
TS1434: [0mUnexpected 
keyword or identifier.

[7m669[0m   private 
async 
resolveFxRate(client: 
PrismaClientOrTx, base: 
Currency, quote: 
Currency, at: Date) {
[7m   [0m [91m       
   ~~~~~[0m
[96msrc/payments/paymen
ts.service.ts[0m:[93m6
69[0m:[93m11[0m - 
[91merror[0m[90m 
TS2304: [0mCannot find 
name 'async'.

[7m669[0m   private 
async 
resolveFxRate(client: 
PrismaClientOrTx, base: 
Currency, quote: 
Currency, at: Date) {
[7m   [0m [91m       
   ~~~~~[0m
[96msrc/payments/paymen
ts.service.ts[0m:[93m6
69[0m:[93m17[0m - 
[91merror[0m[90m 
TS2304: [0mCannot find 
name 'resolveFxRate'.

[7m669[0m   private 
async 
resolveFxRate(client: 
PrismaClientOrTx, base: 
Currency, quote: 
Currency, at: Date) {
[7m   [0m [91m       
         
~~~~~~~~~~~~~[0m
[96msrc/payments/paymen
ts.service.ts[0m:[93m6
69[0m:[93m31[0m - 
[91merror[0m[90m 
TS2304: [0mCannot find 
name 'client'.

[7m669[0m   private 
async 
resolveFxRate(client: 
PrismaClientOrTx, base: 
Currency, quote: 
Currency, at: Date) {
[7m   [0m [91m       
                       
~~~~~~[0m
[96msrc/payments/paymen
ts.service.ts[0m:[93m6
69[0m:[93m37[0m - 
[91merror[0m[90m 
TS1005: [0m',' 
expected.

[7m669[0m   private 
async 
resolveFxRate(client: 
PrismaClientOrTx, base: 
Currency, quote: 
Currency, at: Date) {
[7m   [0m [91m       
                        
     ~[0m
[96msrc/payments/paymen
ts.service.ts[0m:[93m6
69[0m:[93m39[0m - 
[91merror[0m[90m 
TS2693: 
[0m'PrismaClientOrTx' 
only refers to a type, 
but is being used as a 
value here.

[7m669[0m   private 
async 
resolveFxRate(client: 
PrismaClientOrTx, base: 
Currency, quote: 
Currency, at: Date) {
[7m   [0m [91m       
                        
       
~~~~~~~~~~~~~~~~[0m
[96msrc/payments/paymen
ts.service.ts[0m:[93m6
69[0m:[93m57[0m - 
[91merror[0m[90m 
TS2304: [0mCannot find 
name 'base'.

[7m669[0m   private 
async 
resolveFxRate(client: 
PrismaClientOrTx, base: 
Currency, quote: 
Currency, at: Date) {
[7m   [0m [91m       
                        
                        
 ~~~~[0m
[96msrc/payments/paymen
ts.service.ts[0m:[93m6
69[0m:[93m61[0m - 
[91merror[0m[90m 
TS1005: [0m',' 
expected.

[7m669[0m   private 
async 
resolveFxRate(client: 
PrismaClientOrTx, base: 
Currency, quote: 
Currency, at: Date) {
[7m   [0m [91m       
                        
                        
     ~[0m
[96msrc/payments/paymen
ts.service.ts[0m:[93m6
69[0m:[93m73[0m - 
[91merror[0m[90m 
TS2304: [0mCannot find 
name 'quote'.

[7m669[0m   private 
async 
resolveFxRate(client: 
PrismaClientOrTx, base: 
Currency, quote: 
Currency, at: Date) {
[7m   [0m [91m       
                        
                        
                 
~~~~~[0m
[96msrc/payments/paymen
ts.service.ts[0m:[93m6
69[0m:[93m78[0m - 
[91merror[0m[90m 
TS1005: [0m',' 
expected.

[7m669[0m   private 
async 
resolveFxRate(client: 
PrismaClientOrTx, base: 
Currency, quote: 
Currency, at: Date) {
[7m   [0m [91m       
                        
                        
                      
~[0m
[96msrc/payments/paymen
ts.service.ts[0m:[93m6
69[0m:[93m90[0m - 
[91merror[0m[90m 
TS2304: [0mCannot find 
name 'at'.

[7m669[0m   private 
async 
resolveFxRate(client: 
PrismaClientOrTx, base: 
Currency, quote: 
Currency, at: Date) {
[7m   [0m [91m       
                        
                        
                        
          ~~[0m
[96msrc/payments/paymen
ts.service.ts[0m:[93m6
69[0m:[93m92[0m - 
[91merror[0m[90m 
TS1005: [0m',' 
expected.

[7m669[0m   private 
async 
resolveFxRate(client: 
PrismaClientOrTx, base: 
Currency, quote: 
Currency, at: Date) {
[7m   [0m [91m       
                        
                        
                        
            ~[0m
[96msrc/payments/paymen
ts.service.ts[0m:[93m6
69[0m:[93m100[0m - 
[91merror[0m[90m 
TS1005: [0m';' 
expected.

[7m669[0m   private 
async 
resolveFxRate(client: 
PrismaClientOrTx, base: 
Currency, quote: 
Currency, at: Date) {
[7m   [0m [91m       
                        
                        
                        
                    
~[0m
[96msrc/payments/paymen
ts.service.ts[0m:[93m6
70[0m:[93m33[0m - 
[91merror[0m[90m 
TS2304: [0mCannot find 
name 'at'.

[7m670[0m   const 
targetDate = 
startOfDay(at);
[7m   [0m [91m       
                        
 ~~[0m
[96msrc/payments/paymen
ts.service.ts[0m:[93m6
71[0m:[93m22[0m - 
[91merror[0m[90m 
TS2304: [0mCannot find 
name 'client'.

[7m671[0m   const 
rate = await client.fxRa
te.findFirst({
[7m   [0m [91m       
              ~~~~~~[0m
[96msrc/payments/paymen
ts.service.ts[0m:[93m6
73[0m:[93m7[0m - 
[91merror[0m[90m 
TS18004: [0mNo value 
exists in scope for the 
shorthand property 
'base'. Either declare 
one or provide an 
initializer.

[7m673[0m       base,
[7m   [0m [91m      
~~~~[0m
[96msrc/payments/paymen
ts.service.ts[0m:[93m6
74[0m:[93m7[0m - 
[91merror[0m[90m 
TS18004: [0mNo value 
exists in scope for the 
shorthand property 
'quote'. Either declare 
one or provide an 
initializer.

[7m674[0m       quote,
[7m   [0m [91m      
~~~~~[0m
[96msrc/payments/paymen
ts.service.ts[0m:[93m6
75[0m:[93m20[0m - 
[91merror[0m[90m 
TS2304: [0mCannot find 
name 'at'.

[7m675[0m       date: 
{ lte: at }
[7m   [0m [91m       
            ~~[0m
[96msrc/payments/paymen
ts.service.ts[0m:[93m6
81[0m:[93m64[0m - 
[91merror[0m[90m 
TS2304: [0mCannot find 
name 'base'.

[7m681[0m     throw 
new 
BadRequestException(`No 
FX rate configured for 
${base}/${quote} on or 
before ${targetDate.toIS
OString()}`);
[7m   [0m [91m       
                        
                        
        ~~~~[0m
[96msrc/payments/paymen
ts.service.ts[0m:[93m6
81[0m:[93m72[0m - 
[91merror[0m[90m 
TS2304: [0mCannot find 
name 'quote'.

[7m681[0m     throw 
new 
BadRequestException(`No 
FX rate configured for 
${base}/${quote} on or 
before ${targetDate.toIS
OString()}`);
[7m   [0m [91m       
                        
                        
                
~~~~~[0m
[96msrc/payments/paymen
ts.service.ts[0m:[93m6
87[0m:[93m3[0m - 
[91merror[0m[90m 
TS1128: [0mDeclaration 
or statement expected.

[7m687[0m   private 
defaultDueDate() {
[7m   [0m [91m  
~~~~~~~[0m
[96msrc/payments/paymen
ts.service.ts[0m:[93m6
87[0m:[93m11[0m - 
[91merror[0m[90m 
TS2304: [0mCannot find 
name 'defaultDueDate'.

[7m687[0m   private 
defaultDueDate() {
[7m   [0m [91m       
   ~~~~~~~~~~~~~~[0m
[96msrc/payments/paymen
ts.service.ts[0m:[93m6
87[0m:[93m28[0m - 
[91merror[0m[90m 
TS1005: [0m';' 
expected.

[7m687[0m   private 
defaultDueDate() {
[7m   [0m [91m       
                    
~[0m
[96msrc/payments/paymen
ts.service.ts[0m:[93m6
92[0m:[93m3[0m - 
[91merror[0m[90m 
TS1128: [0mDeclaration 
or statement expected.

[7m692[0m   private bu
ildReference(invoiceId: 
string) {
[7m   [0m [91m  
~~~~~~~[0m
[96msrc/payments/paymen
ts.service.ts[0m:[93m6
92[0m:[93m11[0m - 
[91merror[0m[90m 
TS2304: [0mCannot find 
name 'buildReference'.

[7m692[0m   private bu
ildReference(invoiceId: 
string) {
[7m   [0m [91m       
   ~~~~~~~~~~~~~~[0m
[96msrc/payments/paymen
ts.service.ts[0m:[93m6
92[0m:[93m26[0m - 
[91merror[0m[90m 
TS2304: [0mCannot find 
name 'invoiceId'.

[7m692[0m   private bu
ildReference(invoiceId: 
string) {
[7m   [0m [91m       
                  
~~~~~~~~~[0m
[96msrc/payments/paymen
ts.service.ts[0m:[93m6
92[0m:[93m35[0m - 
[91merror[0m[90m 
TS1005: [0m',' 
expected.

[7m692[0m   private bu
ildReference(invoiceId: 
string) {
[7m   [0m [91m       
                        
   ~[0m
[96msrc/payments/paymen
ts.service.ts[0m:[93m6
92[0m:[93m37[0m - 
[91merror[0m[90m 
TS2693: [0m'string' 
only refers to a type, 
but is being used as a 
value here.

[7m692[0m   private bu
ildReference(invoiceId: 
string) {
[7m   [0m [91m       
                        
     ~~~~~~[0m
[96msrc/payments/paymen
ts.service.ts[0m:[93m6
92[0m:[93m45[0m - 
[91merror[0m[90m 
TS1005: [0m';' 
expected.

[7m692[0m   private bu
ildReference(invoiceId: 
string) {
[7m   [0m [91m       
                        
             ~[0m
[96msrc/payments/paymen
ts.service.ts[0m:[93m6
96[0m:[93m3[0m - 
[91merror[0m[90m 
TS1128: [0mDeclaration 
or statement expected.

[7m696[0m   private ge
nerateInvoiceNumber(invo
ice: Invoice, issuedAt: 
Date) {
[7m   [0m [91m  
~~~~~~~[0m
[96msrc/payments/paymen
ts.service.ts[0m:[93m6
96[0m:[93m11[0m - 
[91merror[0m[90m 
TS2304: [0mCannot find 
name 
'generateInvoiceNumber'.

[7m696[0m   private ge
nerateInvoiceNumber(invo
ice: Invoice, issuedAt: 
Date) {
[7m   [0m [91m       
   ~~~~~~~~~~~~~~~~~~~~~
[0m
[96msrc/payments/paymen
ts.service.ts[0m:[93m6
96[0m:[93m33[0m - 
[91merror[0m[90m 
TS2304: [0mCannot find 
name 'invoice'.

[7m696[0m   private ge
nerateInvoiceNumber(invo
ice: Invoice, issuedAt: 
Date) {
[7m   [0m [91m       
                        
 ~~~~~~~[0m
[96msrc/payments/paymen
ts.service.ts[0m:[93m6
96[0m:[93m40[0m - 
[91merror[0m[90m 
TS1005: [0m',' 
expected.

[7m696[0m   private ge
nerateInvoiceNumber(invo
ice: Invoice, issuedAt: 
Date) {
[7m   [0m [91m       
                        
        ~[0m
[96msrc/payments/paymen
ts.service.ts[0m:[93m6
96[0m:[93m42[0m - 
[91merror[0m[90m 
TS2693: [0m'Invoice' 
only refers to a type, 
but is being used as a 
value here.

[7m696[0m   private ge
nerateInvoiceNumber(invo
ice: Invoice, issuedAt: 
Date) {
[7m   [0m [91m       
                        
          ~~~~~~~[0m
[96msrc/payments/paymen
ts.service.ts[0m:[93m6
96[0m:[93m51[0m - 
[91merror[0m[90m 
TS2304: [0mCannot find 
name 'issuedAt'.

[7m696[0m   private ge
nerateInvoiceNumber(invo
ice: Invoice, issuedAt: 
Date) {
[7m   [0m [91m       
                        
                   
~~~~~~~~[0m
[96msrc/payments/paymen
ts.service.ts[0m:[93m6
96[0m:[93m59[0m - 
[91merror[0m[90m 
TS1005: [0m',' 
expected.

[7m696[0m   private ge
nerateInvoiceNumber(invo
ice: Invoice, issuedAt: 
Date) {
[7m   [0m [91m       
                        
                        
   ~[0m
[96msrc/payments/paymen
ts.service.ts[0m:[93m6
96[0m:[93m67[0m - 
[91merror[0m[90m 
TS1005: [0m';' 
expected.

[7m696[0m   private ge
nerateInvoiceNumber(invo
ice: Invoice, issuedAt: 
Date) {
[7m   [0m [91m       
                        
                        
           ~[0m
[96msrc/payments/paymen
ts.service.ts[0m:[93m6
97[0m:[93m16[0m - 
[91merror[0m[90m 
TS2304: [0mCannot find 
name 'issuedAt'.

[7m697[0m   const 
year = 
issuedAt.getFullYear();
[7m   [0m [91m       
        ~~~~~~~~[0m
[96msrc/payments/paymen
ts.service.ts[0m:[93m6
98[0m:[93m18[0m - 
[91merror[0m[90m 
TS2304: [0mCannot find 
name 'invoice'.

[7m698[0m   const 
suffix = invoice.id.slic
e(-6).toUpperCase();
[7m   [0m [91m       
          ~~~~~~~[0m
[96msrc/payments/paymen
ts.service.ts[0m:[93m7
02[0m:[93m3[0m - 
[91merror[0m[90m 
TS1128: [0mDeclaration 
or statement expected.

[7m702[0m   private 
async deliverPaymentRece
ipt(invoice: 
InvoiceWithRelations, 
transaction: 
TransactionSummary) {
[7m   [0m [91m  
~~~~~~~[0m
[96msrc/payments/paymen
ts.service.ts[0m:[93m7
02[0m:[93m11[0m - 
[91merror[0m[90m 
TS1434: [0mUnexpected 
keyword or identifier.

[7m702[0m   private 
async deliverPaymentRece
ipt(invoice: 
InvoiceWithRelations, 
transaction: 
TransactionSummary) {
[7m   [0m [91m       
   ~~~~~[0m
[96msrc/payments/paymen
ts.service.ts[0m:[93m7
02[0m:[93m11[0m - 
[91merror[0m[90m 
TS2304: [0mCannot find 
name 'async'.

[7m702[0m   private 
async deliverPaymentRece
ipt(invoice: 
InvoiceWithRelations, 
transaction: 
TransactionSummary) {
[7m   [0m [91m       
   ~~~~~[0m
[96msrc/payments/paymen
ts.service.ts[0m:[93m7
02[0m:[93m17[0m - 
[91merror[0m[90m 
TS2304: [0mCannot find 
name 
'deliverPaymentReceipt'.

[7m702[0m   private 
async deliverPaymentRece
ipt(invoice: 
InvoiceWithRelations, 
transaction: 
TransactionSummary) {
[7m   [0m [91m       
         ~~~~~~~~~~~~~~~
~~~~~~[0m
[96msrc/payments/paymen
ts.service.ts[0m:[93m7
02[0m:[93m39[0m - 
[91merror[0m[90m 
TS2304: [0mCannot find 
name 'invoice'.

[7m702[0m   private 
async deliverPaymentRece
ipt(invoice: 
InvoiceWithRelations, 
transaction: 
TransactionSummary) {
[7m   [0m [91m       
                        
       ~~~~~~~[0m
[96msrc/payments/paymen
ts.service.ts[0m:[93m7
02[0m:[93m46[0m - 
[91merror[0m[90m 
TS1005: [0m',' 
expected.

[7m702[0m   private 
async deliverPaymentRece
ipt(invoice: 
InvoiceWithRelations, 
transaction: 
TransactionSummary) {
[7m   [0m [91m       
                        
              ~[0m
[96msrc/payments/paymen
ts.service.ts[0m:[93m7
02[0m:[93m48[0m - 
[91merror[0m[90m 
TS2693: [0m'InvoiceWith
Relations' only refers 
to a type, but is being 
used as a value here.

[7m702[0m   private 
async deliverPaymentRece
ipt(invoice: 
InvoiceWithRelations, 
transaction: 
TransactionSummary) {
[7m   [0m [91m       
                        
                
~~~~~~~~~~~~~~~~~~~~[0m
[96msrc/payments/paymen
ts.service.ts[0m:[93m7
02[0m:[93m70[0m - 
[91merror[0m[90m 
TS2304: [0mCannot find 
name 'transaction'.

[7m702[0m   private 
async deliverPaymentRece
ipt(invoice: 
InvoiceWithRelations, 
transaction: 
TransactionSummary) {
[7m   [0m [91m       
                        
                        
              
~~~~~~~~~~~[0m
[96msrc/payments/paymen
ts.service.ts[0m:[93m7
02[0m:[93m81[0m - 
[91merror[0m[90m 
TS1005: [0m',' 
expected.

[7m702[0m   private 
async deliverPaymentRece
ipt(invoice: 
InvoiceWithRelations, 
transaction: 
TransactionSummary) {
[7m   [0m [91m       
                        
                        
                        
 ~[0m
[96msrc/payments/paymen
ts.service.ts[0m:[93m7
02[0m:[93m83[0m - 
[91merror[0m[90m 
TS2693: [0m'Transaction
Summary' only refers to 
a type, but is being 
used as a value here.

[7m702[0m   private 
async deliverPaymentRece
ipt(invoice: 
InvoiceWithRelations, 
transaction: 
TransactionSummary) {
[7m   [0m [91m       
                        
                        
                        
   
~~~~~~~~~~~~~~~~~~[0m
[96msrc/payments/paymen
ts.service.ts[0m:[93m7
02[0m:[93m103[0m - 
[91merror[0m[90m 
TS1005: [0m';' 
expected.

[7m702[0m   private 
async deliverPaymentRece
ipt(invoice: 
InvoiceWithRelations, 
transaction: 
TransactionSummary) {
[7m   [0m [91m       
                        
                        
                        
                       
~[0m
[96msrc/payments/paymen
ts.service.ts[0m:[93m7
03[0m:[93m24[0m - 
[91merror[0m[90m 
TS2532: [0mObject is 
possibly 'undefined'.

[7m703[0m   const 
pdfUrl = await this.gene
ratePaymentReceiptPdf(in
voice, transaction);
[7m   [0m [91m       
                ~~~~[0m
[96msrc/payments/paymen
ts.service.ts[0m:[93m7
03[0m:[93m55[0m - 
[91merror[0m[90m 
TS2304: [0mCannot find 
name 'invoice'.

[7m703[0m   const 
pdfUrl = await this.gene
ratePaymentReceiptPdf(in
voice, transaction);
[7m   [0m [91m       
                        
                       
~~~~~~~[0m
[96msrc/payments/paymen
ts.service.ts[0m:[93m7
03[0m:[93m64[0m - 
[91merror[0m[90m 
TS2304: [0mCannot find 
name 'transaction'.

[7m703[0m   const 
pdfUrl = await this.gene
ratePaymentReceiptPdf(in
voice, transaction);
[7m   [0m [91m       
                        
                        
        ~~~~~~~~~~~[0m
[96msrc/payments/paymen
ts.service.ts[0m:[93m7
04[0m:[93m9[0m - 
[91merror[0m[90m 
TS2532: [0mObject is 
possibly 'undefined'.

[7m704[0m   await this
.prisma.transaction.upda
te({ where: { id: 
transaction.id }, data: 
{ receiptPdfUrl: pdfUrl 
} });
[7m   [0m [91m       
 ~~~~[0m
[96msrc/payments/paymen
ts.service.ts[0m:[93m7
04[0m:[93m55[0m - 
[91merror[0m[90m 
TS2304: [0mCannot find 
name 'transaction'.

[7m704[0m   await this
.prisma.transaction.upda
te({ where: { id: 
transaction.id }, data: 
{ receiptPdfUrl: pdfUrl 
} });
[7m   [0m [91m       
                        
                       
~~~~~~~~~~~[0m
[96msrc/payments/paymen
ts.service.ts[0m:[93m7
06[0m:[93m21[0m - 
[91merror[0m[90m 
TS2304: [0mCannot find 
name 'invoice'.

[7m706[0m   const 
recipient = invoice.buye
rUser?.email ?? invoice.
buyerAgency?.email ?? 
null;
[7m   [0m [91m       
             ~~~~~~~[0m
[96msrc/payments/paymen
ts.service.ts[0m:[93m7
06[0m:[93m49[0m - 
[91merror[0m[90m 
TS2304: [0mCannot find 
name 'invoice'.

[7m706[0m   const 
recipient = invoice.buye
rUser?.email ?? invoice.
buyerAgency?.email ?? 
null;
[7m   [0m [91m       
                        
                 
~~~~~~~[0m
[96msrc/payments/paymen
ts.service.ts[0m:[93m7
11[0m:[93m23[0m - 
[91merror[0m[90m 
TS2304: [0mCannot find 
name 'transaction'.

[7m711[0m   const 
amountPaid = (transactio
n.amountCents / 
100).toFixed(2);
[7m   [0m [91m       
               
~~~~~~~~~~~[0m
[96msrc/payments/paymen
ts.service.ts[0m:[93m7
12[0m:[93m22[0m - 
[91merror[0m[90m 
TS2304: [0mCannot find 
name 'invoice'.

[7m712[0m   const 
totalUsd = ((invoice.amo
untUsdCents + 
invoice.taxUsdCents) / 
100).toFixed(2);
[7m   [0m [91m       
              
~~~~~~~[0m
[96msrc/payments/paymen
ts.service.ts[0m:[93m7
12[0m:[93m47[0m - 
[91merror[0m[90m 
TS2304: [0mCannot find 
name 'invoice'.

[7m712[0m   const 
totalUsd = ((invoice.amo
untUsdCents + 
invoice.taxUsdCents) / 
100).toFixed(2);
[7m   [0m [91m       
                        
               
~~~~~~~[0m
[96msrc/payments/paymen
ts.service.ts[0m:[93m7
14[0m:[93m5[0m - 
[91merror[0m[90m 
TS2304: [0mCannot find 
name 'invoice'.

[7m714[0m     
invoice.currency === 
Currency.ZWG
[7m   [0m [91m    
~~~~~~~[0m
[96msrc/payments/paymen
ts.service.ts[0m:[93m7
15[0m:[93m26[0m - 
[91merror[0m[90m 
TS2304: [0mCannot find 
name 'transaction'.

[7m715[0m       ? 
`${amountPaid} 
${transaction.currency} 
(USD ${totalUsd})`
[7m   [0m [91m       
                  
~~~~~~~~~~~[0m
[96msrc/payments/paymen
ts.service.ts[0m:[93m7
16[0m:[93m26[0m - 
[91merror[0m[90m 
TS2304: [0mCannot find 
name 'transaction'.

[7m716[0m       : 
`${amountPaid} ${transac
tion.currency}`;
[7m   [0m [91m       
                  
~~~~~~~~~~~[0m
[96msrc/payments/paymen
ts.service.ts[0m:[93m7
18[0m:[93m5[0m - 
[91merror[0m[90m 
TS2304: [0mCannot find 
name 'invoice'.

[7m718[0m     
invoice.currency === 
Currency.ZWG && 
invoice.fxRate
[7m   [0m [91m    
~~~~~~~[0m
[96msrc/payments/paymen
ts.service.ts[0m:[93m7
18[0m:[93m42[0m - 
[91merror[0m[90m 
TS2304: [0mCannot find 
name 'invoice'.

[7m718[0m     
invoice.currency === 
Currency.ZWG && 
invoice.fxRate
[7m   [0m [91m       
                        
          ~~~~~~~[0m
[96msrc/payments/paymen
ts.service.ts[0m:[93m7
19[0m:[93m38[0m - 
[91merror[0m[90m 
TS2304: [0mCannot find 
name 'invoice'.

[7m719[0m       ? ` 
at an exchange rate of 
1 
${invoice.fxRate.base} 
= ${(invoice.fxRate.rate
Micros / MICRO_SCALE).to
Fixed(6)} 
${invoice.fxRate.quote}`
[7m   [0m [91m       
                        
      ~~~~~~~[0m
[96msrc/payments/paymen
ts.service.ts[0m:[93m7
19[0m:[93m64[0m - 
[91merror[0m[90m 
TS2304: [0mCannot find 
name 'invoice'.

[7m719[0m       ? ` 
at an exchange rate of 
1 
${invoice.fxRate.base} 
= ${(invoice.fxRate.rate
Micros / MICRO_SCALE).to
Fixed(6)} 
${invoice.fxRate.quote}`
[7m   [0m [91m       
                        
                        
        ~~~~~~~[0m
[96msrc/payments/paymen
ts.service.ts[0m:[93m7
19[0m:[93m119[0m - 
[91merror[0m[90m 
TS2304: [0mCannot find 
name 'invoice'.

[7m719[0m       ? ` 
at an exchange rate of 
1 
${invoice.fxRate.base} 
= ${(invoice.fxRate.rate
Micros / MICRO_SCALE).to
Fixed(6)} 
${invoice.fxRate.quote}`
[7m   [0m [91m       
                        
                        
                        
                        
               
~~~~~~~[0m
[96msrc/payments/paymen
ts.service.ts[0m:[93m7
21[0m:[93m24[0m - 
[91merror[0m[90m 
TS2304: [0mCannot find 
name 'invoice'.

[7m721[0m   const 
invoiceLabel = 
invoice.invoiceNo ?? 
invoice.id;
[7m   [0m [91m       
                
~~~~~~~[0m
[96msrc/payments/paymen
ts.service.ts[0m:[93m7
21[0m:[93m45[0m - 
[91merror[0m[90m 
TS2304: [0mCannot find 
name 'invoice'.

[7m721[0m   const 
invoiceLabel = 
invoice.invoiceNo ?? 
invoice.id;
[7m   [0m [91m       
                        
             ~~~~~~~[0m
[96msrc/payments/paymen
ts.service.ts[0m:[93m7
22[0m:[93m25[0m - 
[91merror[0m[90m 
TS2304: [0mCannot find 
name 'invoice'.

[7m722[0m   const 
recipientName = 
invoice.buyerUser?.name 
?? invoice.buyerAgency?.
name ?? 'Valued 
customer';
[7m   [0m [91m       
                 
~~~~~~~[0m
[96msrc/payments/paymen
ts.service.ts[0m:[93m7
22[0m:[93m52[0m - 
[91merror[0m[90m 
TS2304: [0mCannot find 
name 'invoice'.

[7m722[0m   const 
recipientName = 
invoice.buyerUser?.name 
?? invoice.buyerAgency?.
name ?? 'Valued 
customer';
[7m   [0m [91m       
                        
                    
~~~~~~~[0m
[96msrc/payments/paymen
ts.service.ts[0m:[93m7
24[0m:[93m9[0m - 
[91merror[0m[90m 
TS2532: [0mObject is 
possibly 'undefined'.

[7m724[0m   await 
this.mail.send({
[7m   [0m [91m       
 ~~~~[0m
[96msrc/payments/paymen
ts.service.ts[0m:[93m7
33[0m:[93m3[0m - 
[91merror[0m[90m 
TS1128: [0mDeclaration 
or statement expected.

[7m733[0m   private 
async generatePaymentRec
eiptPdf(invoice: 
InvoiceWithRelations, 
transaction: 
TransactionSummary) {
[7m   [0m [91m  
~~~~~~~[0m
[96msrc/payments/paymen
ts.service.ts[0m:[93m7
33[0m:[93m11[0m - 
[91merror[0m[90m 
TS1434: [0mUnexpected 
keyword or identifier.

[7m733[0m   private 
async generatePaymentRec
eiptPdf(invoice: 
InvoiceWithRelations, 
transaction: 
TransactionSummary) {
[7m   [0m [91m       
   ~~~~~[0m
[96msrc/payments/paymen
ts.service.ts[0m:[93m7
33[0m:[93m11[0m - 
[91merror[0m[90m 
TS2304: [0mCannot find 
name 'async'.

[7m733[0m   private 
async generatePaymentRec
eiptPdf(invoice: 
InvoiceWithRelations, 
transaction: 
TransactionSummary) {
[7m   [0m [91m       
   ~~~~~[0m
[96msrc/payments/paymen
ts.service.ts[0m:[93m7
33[0m:[93m17[0m - 
[91merror[0m[90m 
TS2304: [0mCannot find 
name 'generatePaymentRec
eiptPdf'.

[7m733[0m   private 
async generatePaymentRec
eiptPdf(invoice: 
InvoiceWithRelations, 
transaction: 
TransactionSummary) {
[7m   [0m [91m       
         ~~~~~~~~~~~~~~~
~~~~~~~~~~[0m
[96msrc/payments/paymen
ts.service.ts[0m:[93m7
33[0m:[93m43[0m - 
[91merror[0m[90m 
TS2304: [0mCannot find 
name 'invoice'.

[7m733[0m   private 
async generatePaymentRec
eiptPdf(invoice: 
InvoiceWithRelations, 
transaction: 
TransactionSummary) {
[7m   [0m [91m       
                        
           ~~~~~~~[0m
[96msrc/payments/paymen
ts.service.ts[0m:[93m7
33[0m:[93m50[0m - 
[91merror[0m[90m 
TS1005: [0m',' 
expected.

[7m733[0m   private 
async generatePaymentRec
eiptPdf(invoice: 
InvoiceWithRelations, 
transaction: 
TransactionSummary) {
[7m   [0m [91m       
                        
                  ~[0m
[96msrc/payments/paymen
ts.service.ts[0m:[93m7
33[0m:[93m52[0m - 
[91merror[0m[90m 
TS2693: [0m'InvoiceWith
Relations' only refers 
to a type, but is being 
used as a value here.

[7m733[0m   private 
async generatePaymentRec
eiptPdf(invoice: 
InvoiceWithRelations, 
transaction: 
TransactionSummary) {
[7m   [0m [91m       
                        
                    
~~~~~~~~~~~~~~~~~~~~[0m
[96msrc/payments/paymen
ts.service.ts[0m:[93m7
33[0m:[93m74[0m - 
[91merror[0m[90m 
TS2304: [0mCannot find 
name 'transaction'.

[7m733[0m   private 
async generatePaymentRec
eiptPdf(invoice: 
InvoiceWithRelations, 
transaction: 
TransactionSummary) {
[7m   [0m [91m       
                        
                        
                  
~~~~~~~~~~~[0m
[96msrc/payments/paymen
ts.service.ts[0m:[93m7
33[0m:[93m85[0m - 
[91merror[0m[90m 
TS1005: [0m',' 
expected.

[7m733[0m   private 
async generatePaymentRec
eiptPdf(invoice: 
InvoiceWithRelations, 
transaction: 
TransactionSummary) {
[7m   [0m [91m       
                        
                        
                        
     ~[0m
[96msrc/payments/paymen
ts.service.ts[0m:[93m7
33[0m:[93m87[0m - 
[91merror[0m[90m 
TS2693: [0m'Transaction
Summary' only refers to 
a type, but is being 
used as a value here.

[7m733[0m   private 
async generatePaymentRec
eiptPdf(invoice: 
InvoiceWithRelations, 
transaction: 
TransactionSummary) {
[7m   [0m [91m       
                        
                        
                        
       
~~~~~~~~~~~~~~~~~~[0m
[96msrc/payments/paymen
ts.service.ts[0m:[93m7
33[0m:[93m107[0m - 
[91merror[0m[90m 
TS1005: [0m';' 
expected.

[7m733[0m   private 
async generatePaymentRec
eiptPdf(invoice: 
InvoiceWithRelations, 
transaction: 
TransactionSummary) {
[7m   [0m [91m       
                        
                        
                        
                        
   ~[0m
[96msrc/payments/paymen
ts.service.ts[0m:[93m7
89[0m:[93m3[0m - 
[91merror[0m[90m 
TS1128: [0mDeclaration 
or statement expected.

[7m789[0m   private 
async 
generateInvoicePdf(
[7m   [0m [91m  
~~~~~~~[0m
[96msrc/payments/paymen
ts.service.ts[0m:[93m7
89[0m:[93m11[0m - 
[91merror[0m[90m 
TS1434: [0mUnexpected 
keyword or identifier.

[7m789[0m   private 
async 
generateInvoicePdf(
[7m   [0m [91m       
   ~~~~~[0m
[96msrc/payments/paymen
ts.service.ts[0m:[93m7
89[0m:[93m11[0m - 
[91merror[0m[90m 
TS2304: [0mCannot find 
name 'async'.

[7m789[0m   private 
async 
generateInvoicePdf(
[7m   [0m [91m       
   ~~~~~[0m
[96msrc/payments/paymen
ts.service.ts[0m:[93m7
89[0m:[93m17[0m - 
[91merror[0m[90m 
TS2304: [0mCannot find 
name 
'generateInvoicePdf'.

[7m789[0m   private 
async 
generateInvoicePdf(
[7m   [0m [91m       
         
~~~~~~~~~~~~~~~~~~[0m
[96msrc/payments/paymen
ts.service.ts[0m:[93m7
90[0m:[93m3[0m - 
[91merror[0m[90m 
TS2304: [0mCannot find 
name 'invoice'.

[7m790[0m   invoice: 
Invoice & { lines: 
InvoiceLine[]; 
invoiceNo: string; 
issuedAt: Date; 
fxRate?: FxRate | null }
[7m   [0m [91m  
~~~~~~~[0m
[96msrc/payments/paymen
ts.service.ts[0m:[93m7
90[0m:[93m10[0m - 
[91merror[0m[90m 
TS1005: [0m',' 
expected.

[7m790[0m   invoice: 
Invoice & { lines: 
InvoiceLine[]; 
invoiceNo: string; 
issuedAt: Date; 
fxRate?: FxRate | null }
[7m   [0m [91m       
  ~[0m
[96msrc/payments/paymen
ts.service.ts[0m:[93m7
90[0m:[93m12[0m - 
[91merror[0m[90m 
TS2693: [0m'Invoice' 
only refers to a type, 
but is being used as a 
value here.

[7m790[0m   invoice: 
Invoice & { lines: 
InvoiceLine[]; 
invoiceNo: string; 
issuedAt: Date; 
fxRate?: FxRate | null }
[7m   [0m [91m       
    ~~~~~~~[0m
[96msrc/payments/paymen
ts.service.ts[0m:[93m7
90[0m:[93m22[0m - 
[91merror[0m[90m 
TS2363: [0mThe 
right-hand side of an 
arithmetic operation 
must be of type 'any', 
'number', 'bigint' or 
an enum type.

[7m790[0m   invoice: 
Invoice & { lines: 
InvoiceLine[]; 
invoiceNo: string; 
issuedAt: Date; 
fxRate?: FxRate | null }
[7m   [0m [91m       
              ~~~~~~~~~~
~~~~~~~~~~~~~~~~~~~~~~~~
~~~~~~~~~~~~~~~~~~~~~~~~
~~~~~~~~~~~~~~~~~~~~~~~~
~[0m
[96msrc/payments/paymen
ts.service.ts[0m:[93m7
90[0m:[93m31[0m - 
[91merror[0m[90m 
TS2693: 
[0m'InvoiceLine' only 
refers to a type, but 
is being used as a 
value here.

[7m790[0m   invoice: 
Invoice & { lines: 
InvoiceLine[]; 
invoiceNo: string; 
issuedAt: Date; 
fxRate?: FxRate | null }
[7m   [0m [91m       
                       
~~~~~~~~~~~[0m
[96msrc/payments/paymen
ts.service.ts[0m:[93m7
90[0m:[93m43[0m - 
[91merror[0m[90m 
TS1011: [0mAn element 
access expression 
should take an argument.

[7m790[0m   invoice: 
Invoice & { lines: 
InvoiceLine[]; 
invoiceNo: string; 
issuedAt: Date; 
fxRate?: FxRate | null }
[7m   [0m [91m       
                        
           [0m
[96msrc/payments/paymen
ts.service.ts[0m:[93m7
90[0m:[93m44[0m - 
[91merror[0m[90m 
TS1005: [0m',' 
expected.

[7m790[0m   invoice: 
Invoice & { lines: 
InvoiceLine[]; 
invoiceNo: string; 
issuedAt: Date; 
fxRate?: FxRate | null }
[7m   [0m [91m       
                        
            ~[0m
[96msrc/payments/paymen
ts.service.ts[0m:[93m7
90[0m:[93m57[0m - 
[91merror[0m[90m 
TS2693: [0m'string' 
only refers to a type, 
but is being used as a 
value here.

[7m790[0m   invoice: 
Invoice & { lines: 
InvoiceLine[]; 
invoiceNo: string; 
issuedAt: Date; 
fxRate?: FxRate | null }
[7m   [0m [91m       
                        
                        
 ~~~~~~[0m
[96msrc/payments/paymen
ts.service.ts[0m:[93m7
90[0m:[93m63[0m - 
[91merror[0m[90m 
TS1005: [0m',' 
expected.

[7m790[0m   invoice: 
Invoice & { lines: 
InvoiceLine[]; 
invoiceNo: string; 
issuedAt: Date; 
fxRate?: FxRate | null }
[7m   [0m [91m       
                        
                        
       ~[0m
[96msrc/payments/paymen
ts.service.ts[0m:[93m7
90[0m:[93m79[0m - 
[91merror[0m[90m 
TS1005: [0m',' 
expected.

[7m790[0m   invoice: 
Invoice & { lines: 
InvoiceLine[]; 
invoiceNo: string; 
issuedAt: Date; 
fxRate?: FxRate | null }
[7m   [0m [91m       
                        
                        
                       
~[0m
[96msrc/payments/paymen
ts.service.ts[0m:[93m7
90[0m:[93m90[0m - 
[91merror[0m[90m 
TS2693: [0m'FxRate' 
only refers to a type, 
but is being used as a 
value here.

[7m790[0m   invoice: 
Invoice & { lines: 
InvoiceLine[]; 
invoiceNo: string; 
issuedAt: Date; 
fxRate?: FxRate | null }
[7m   [0m [91m       
                        
                        
                        
          ~~~~~~[0m
[96msrc/payments/paymen
ts.service.ts[0m:[93m7
90[0m:[93m99[0m - 
[91merror[0m[90m 
TS18050: [0mThe value 
'null' cannot be used 
here.

[7m790[0m   invoice: 
Invoice & { lines: 
InvoiceLine[]; 
invoiceNo: string; 
issuedAt: Date; 
fxRate?: FxRate | null }
[7m   [0m [91m       
                        
                        
                        
                   
~~~~[0m
[96msrc/payments/paymen
ts.service.ts[0m:[93m7
91[0m:[93m3[0m - 
[91merror[0m[90m 
TS1005: [0m';' 
expected.

[7m791[0m ) {
[7m   [0m [91m  ~[0m
[96msrc/payments/paymen
ts.service.ts[0m:[93m8
45[0m:[93m3[0m - 
[91merror[0m[90m 
TS1434: [0mUnexpected 
keyword or identifier.

[7m845[0m   async 
listMyInvoices(userId: 
string) {
[7m   [0m [91m  
~~~~~[0m
[96msrc/payments/paymen
ts.service.ts[0m:[93m8
45[0m:[93m3[0m - 
[91merror[0m[90m 
TS2304: [0mCannot find 
name 'async'.

[7m845[0m   async 
listMyInvoices(userId: 
string) {
[7m   [0m [91m  
~~~~~[0m
[96msrc/payments/paymen
ts.service.ts[0m:[93m8
45[0m:[93m9[0m - 
[91merror[0m[90m 
TS2304: [0mCannot find 
name 'listMyInvoices'.

[7m845[0m   async 
listMyInvoices(userId: 
string) {
[7m   [0m [91m       
 ~~~~~~~~~~~~~~[0m
[96msrc/payments/paymen
ts.service.ts[0m:[93m8
45[0m:[93m24[0m - 
[91merror[0m[90m 
TS2304: [0mCannot find 
name 'userId'.

[7m845[0m   async 
listMyInvoices(userId: 
string) {
[7m   [0m [91m       
                
~~~~~~[0m
[96msrc/payments/paymen
ts.service.ts[0m:[93m8
45[0m:[93m30[0m - 
[91merror[0m[90m 
TS1005: [0m',' 
expected.

[7m845[0m   async 
listMyInvoices(userId: 
string) {
[7m   [0m [91m       
                      
~[0m
[96msrc/payments/paymen
ts.service.ts[0m:[93m8
45[0m:[93m32[0m - 
[91merror[0m[90m 
TS2693: [0m'string' 
only refers to a type, 
but is being used as a 
value here.

[7m845[0m   async 
listMyInvoices(userId: 
string) {
[7m   [0m [91m       
                        
~~~~~~[0m
[96msrc/payments/paymen
ts.service.ts[0m:[93m8
45[0m:[93m40[0m - 
[91merror[0m[90m 
TS1005: [0m';' 
expected.

[7m845[0m   async 
listMyInvoices(userId: 
string) {
[7m   [0m [91m       
                        
        ~[0m
[96msrc/payments/paymen
ts.service.ts[0m:[93m8
46[0m:[93m26[0m - 
[91merror[0m[90m 
TS2532: [0mObject is 
possibly 'undefined'.

[7m846[0m   const 
invoices = await this.pr
isma.invoice.findMany({
[7m   [0m [91m       
                  
~~~~[0m
[96msrc/payments/paymen
ts.service.ts[0m:[93m8
48[0m:[93m20[0m - 
[91merror[0m[90m 
TS2304: [0mCannot find 
name 'userId'.

[7m848[0m       
buyerUserId: userId
[7m   [0m [91m       
            ~~~~~~[0m
[96msrc/payments/paymen
ts.service.ts[0m:[93m8
71[0m:[93m1[0m - 
[91merror[0m[90m 
TS1128: [0mDeclaration 
or statement expected.

[7m871[0m }
[7m   [0m [91m~[0m
[96msrc/payments/payout
s.service.ts[0m:[93m28
3[0m:[93m22[0m - 
[91merror[0m[90m 
TS2339: [0mProperty 
'log' does not exist on 
type 'AuditService'.

[7m283[0m     await 
this.audit.log({
[7m   [0m [91m       
              ~~~[0m
[96msrc/payments/payout
s.service.ts[0m:[93m29
7[0m:[93m24[0m - 
[91merror[0m[90m 
TS2339: [0mProperty 
'log' does not exist on 
type 'AuditService'.

[7m297[0m       await 
this.audit.log({
[7m   [0m [91m       
                ~~~[0m
[96msrc/payments/payout
s.service.ts[0m:[93m38
9[0m:[93m22[0m - 
[91merror[0m[90m 
TS2339: [0mProperty 
'log' does not exist on 
type 'AuditService'.

[7m389[0m     await 
this.audit.log({
[7m   [0m [91m       
              ~~~[0m
[96msrc/payments/payout
s.service.ts[0m:[93m49
9[0m:[93m26[0m - 
[91merror[0m[90m 
TS2339: [0mProperty 
'log' does not exist on 
type 'AuditService'.

[7m499[0m         
await this.audit.log({
[7m   [0m [91m       
                  
~~~[0m
[96msrc/payments/payout
s.service.ts[0m:[93m53
7[0m:[93m26[0m - 
[91merror[0m[90m 
TS2339: [0mProperty 
'log' does not exist on 
type 'AuditService'.

[7m537[0m         
await this.audit.log({
[7m   [0m [91m       
                  
~~~[0m
[96msrc/payments/referr
als.service.ts[0m:[93m
216[0m:[93m22[0m - 
[91merror[0m[90m 
TS2339: [0mProperty 
'log' does not exist on 
type 'AuditService'.

[7m216[0m     await 
this.audit.log({
[7m   [0m [91m       
              ~~~[0m
[96msrc/pricing/pricing
.controller.ts[0m:[93m
4[0m:[93m28[0m - 
[91merror[0m[90m 
TS2307: [0mCannot find 
module 
'../roles/roles.guard' 
or its corresponding 
type declarations.

[7m4[0m import { 
RolesGuard } from 
'../roles/roles.guard';
[7m [0m [91m         
                  ~~~~~~
~~~~~~~~~~~~~~~~[0m
[96msrc/pricing/pricing
.controller.ts[0m:[93m
5[0m:[93m23[0m - 
[91merror[0m[90m 
TS2307: [0mCannot find 
module '../roles/roles.d
ecorator' or its 
corresponding type 
declarations.

[7m5[0m import { 
Roles } from '../roles/r
oles.decorator';
[7m [0m [91m         
             ~~~~~~~~~~~
~~~~~~~~~~~~~~~[0m
[96msrc/properties/prop
erties.service.ts[0m:[
93m997[0m:[93m46[0m 
- [91merror[0m[90m 
TS2339: [0mProperty 
'PUBLISHED' does not 
exist on type 
'LiteralEnum<"DRAFT" | 
"PENDING_VERIFY" | 
"VERIFIED" | 
"UNDER_OFFER" | 
"RENTED" | "SOLD" | 
"ARCHIVED" | 
"OCCUPIED">'.

[7m997[0m       if 
(property.status !== Pro
pertyStatus.PUBLISHED 
&& property.status !== P
ropertyStatus.VERIFIED) 
{
[7m   [0m [91m       
                        
              
~~~~~~~~~[0m
[96msrc/properties/prop
erties.service.ts[0m:[
93m1244[0m:[93m52[0m 
- [91merror[0m[90m 
TS2551: [0mProperty 
'PENDING_VERIFICATION' 
does not exist on type 
'LiteralEnum<"DRAFT" | 
"PENDING_VERIFY" | 
"VERIFIED" | 
"UNDER_OFFER" | 
"RENTED" | "SOLD" | 
"ARCHIVED" | 
"OCCUPIED">'. Did you 
mean 'PENDING_VERIFY'?

[7m1244[0m     let 
newStatus: 
PropertyStatus = Propert
yStatus.PENDING_VERIFICA
TION;
[7m    [0m [91m      
                        
                     
~~~~~~~~~~~~~~~~~~~~[0m
[96msrc/properties/prop
erties.service.ts[0m:[
93m1248[0m:[93m34[0m 
- [91merror[0m[90m 
TS2339: [0mProperty 
'PUBLISHED' does not 
exist on type 
'LiteralEnum<"DRAFT" | 
"PENDING_VERIFY" | 
"VERIFIED" | 
"UNDER_OFFER" | 
"RENTED" | "SOLD" | 
"ARCHIVED" | 
"OCCUPIED">'.

[7m1248[0m       
newStatus = PropertyStat
us.PUBLISHED;
[7m    [0m [91m      
                        
   ~~~~~~~~~[0m
[96msrc/properties/prop
erties.service.ts[0m:[
93m1252[0m:[93m34[0m 
- [91merror[0m[90m 
TS2339: [0mProperty 
'PUBLISHED' does not 
exist on type 
'LiteralEnum<"DRAFT" | 
"PENDING_VERIFY" | 
"VERIFIED" | 
"UNDER_OFFER" | 
"RENTED" | "SOLD" | 
"ARCHIVED" | 
"OCCUPIED">'.

[7m1252[0m       
newStatus = PropertyStat
us.PUBLISHED;
[7m    [0m [91m      
                        
   ~~~~~~~~~[0m
[96msrc/properties/prop
erties.service.ts[0m:[
93m1260[0m:[93m46[0m 
- [91merror[0m[90m 
TS2554: [0mExpected 1 
arguments, but got 4.

[7m1260[0m     await t
his.audit.logAction(acto
r.userId, id, 
'PROPERTY_PUBLISH', { 
status: newStatus });
[7m    [0m [91m      
                        
               ~~~~~~~~~
~~~~~~~~~~~~~~~~~~~~~~~~
~~~~~~~~~~~~[0m
[96msrc/reconciliation/
reconciliation.controlle
r.ts[0m:[93m4[0m:[93
m28[0m - 
[91merror[0m[90m 
TS2307: [0mCannot find 
module 
'../roles/roles.guard' 
or its corresponding 
type declarations.

[7m4[0m import { 
RolesGuard } from 
'../roles/roles.guard';
[7m [0m [91m         
                  ~~~~~~
~~~~~~~~~~~~~~~~[0m
[96msrc/reconciliation/
reconciliation.controlle
r.ts[0m:[93m5[0m:[93
m23[0m - 
[91merror[0m[90m 
TS2307: [0mCannot find 
module '../roles/roles.d
ecorator' or its 
corresponding type 
declarations.

[7m5[0m import { 
Roles } from '../roles/r
oles.decorator';
[7m [0m [91m         
             ~~~~~~~~~~~
~~~~~~~~~~~~~~~[0m
[96msrc/security/securi
ty.controller.ts[0m:[9
3m4[0m:[93m28[0m - 
[91merror[0m[90m 
TS2307: [0mCannot find 
module 
'../roles/roles.guard' 
or its corresponding 
type declarations.

[7m4[0m import { 
RolesGuard } from 
'../roles/roles.guard';
[7m [0m [91m         
                  ~~~~~~
~~~~~~~~~~~~~~~~[0m
[96msrc/security/securi
ty.controller.ts[0m:[9
3m5[0m:[93m23[0m - 
[91merror[0m[90m 
TS2307: [0mCannot find 
module '../roles/roles.d
ecorator' or its 
corresponding type 
declarations.

[7m5[0m import { 
Roles } from '../roles/r
oles.decorator';
[7m [0m [91m         
             ~~~~~~~~~~~
~~~~~~~~~~~~~~~[0m
[96msrc/verifications/v
erifications.controller.
ts[0m:[93m74[0m:[93m
38[0m - 
[91merror[0m[90m 
TS2551: [0mProperty 
'getMyRequests' does 
not exist on type 
'VerificationsService'. 
Did you mean 
'getRequest'?

[7m74[0m     return th
is.verificationsService.
getMyRequests(req.user.u
serId);
[7m  [0m [91m        
                        
     ~~~~~~~~~~~~~[0m

  [96msrc/verifications
/verifications.service.t
s[0m:[93m236[0m:[93m
9[0m
    [7m236[0m   async 
getRequest(id: string) {
    [7m   [0m [96m   
     ~~~~~~~~~~[0m
    'getRequest' is 
declared here.
[96msrc/verifications/v
erifications.controller.
ts[0m:[93m80[0m:[93m
38[0m - 
[91merror[0m[90m 
TS2551: [0mProperty 
'createRequest' does 
not exist on type 
'VerificationsService'. 
Did you mean 
'getRequest'?

[7m80[0m     return th
is.verificationsService.
createRequest(req.user.u
serId, body);
[7m  [0m [91m        
                        
     ~~~~~~~~~~~~~[0m

  [96msrc/verifications
/verifications.service.t
s[0m:[93m236[0m:[93m
9[0m
    [7m236[0m   async 
getRequest(id: string) {
    [7m   [0m [96m   
     ~~~~~~~~~~[0m
    'getRequest' is 
declared here.
[96msrc/verifications/v
erifications.controller.
ts[0m:[93m87[0m:[93m
38[0m - 
[91merror[0m[90m 
TS2339: [0mProperty 'as
signVerifierToRequest' 
does not exist on type 
'VerificationsService'.

[7m87[0m     return th
is.verificationsService.
assignVerifierToRequest(
id, body.verifierId, 
req.user.userId);
[7m  [0m [91m        
                        
     ~~~~~~~~~~~~~~~~~~~
~~~~[0m
[96msrc/verifications/v
erifications.controller.
ts[0m:[93m98[0m:[93m
38[0m - 
[91merror[0m[90m 
TS2339: [0mProperty 
'decideRequest' does 
not exist on type 
'VerificationsService'.

[7m98[0m     return th
is.verificationsService.
decideRequest(id, 
body.status, 
body.notes, 
req.user.userId);
[7m  [0m [91m        
                        
     ~~~~~~~~~~~~~[0m
[96msrc/verifications/v
erifications.service.ts
[0m:[93m422[0m:[93m32
[0m - 
[91merror[0m[90m 
TS2339: [0mProperty 
'VERIFICATION_UPDATE' 
does not exist on type 
'LiteralEnum<"RENTED" | 
"SOLD" | "DISCOUNT" | 
"REOPENED" | "REWARD" | 
"CHAT" | "SYSTEM">'.

[7m422[0m             
  NotificationType.VERIF
ICATION_UPDATE,
[7m   [0m [91m       
                        
~~~~~~~~~~~~~~~~~~~[0m
[96msrc/verifications/v
erifications.service.ts
[0m:[93m429[0m:[93m32
[0m - 
[91merror[0m[90m 
TS2339: [0mProperty 
'VERIFICATION_UPDATE' 
does not exist on type 
'LiteralEnum<"RENTED" | 
"SOLD" | "DISCOUNT" | 
"REOPENED" | "REWARD" | 
"CHAT" | "SYSTEM">'.

[7m429[0m             
  NotificationType.VERIF
ICATION_UPDATE,
[7m   [0m [91m       
                        
~~~~~~~~~~~~~~~~~~~[0m
[96msrc/verifications/v
erifications.service.ts
[0m:[93m446[0m:[93m49
[0m - 
[91merror[0m[90m 
TS7006: [0mParameter 
'i' implicitly has an 
'any' type.

[7m446[0m         
const allApproved = 
finalAllItems.every(i 
=> i.status === 
'APPROVED');
[7m   [0m [91m       
                        
                 ~[0m
[96msrc/verifications/v
erifications.service.ts
[0m:[93m471[0m:[93m3
[0m - 
[91merror[0m[90m 
TS1472: [0m'catch' or 
'finally' expected.

[7m471[0m   async deci
deRequest(requestId: 
string, status: 
'APPROVED' | 
'REJECTED', notes: 
string, actorId: 
string) {
[7m   [0m [91m  
~~~~~[0m
[96msrc/verifications/v
erifications.service.ts
[0m:[93m471[0m:[93m3
[0m - 
[91merror[0m[90m 
TS2304: [0mCannot find 
name 'async'.

[7m471[0m   async deci
deRequest(requestId: 
string, status: 
'APPROVED' | 
'REJECTED', notes: 
string, actorId: 
string) {
[7m   [0m [91m  
~~~~~[0m
[96msrc/verifications/v
erifications.service.ts
[0m:[93m471[0m:[93m9
[0m - 
[91merror[0m[90m 
TS2552: [0mCannot find 
name 'decideRequest'. 
Did you mean 
'IDBRequest'?

[7m471[0m   async deci
deRequest(requestId: 
string, status: 
'APPROVED' | 
'REJECTED', notes: 
string, actorId: 
string) {
[7m   [0m [91m       
 ~~~~~~~~~~~~~[0m

  [96m../../node_module
s/.pnpm/typescript@5.4.5
/node_modules/typescript
/lib/lib.dom.d.ts[0m:[
93m14186[0m:[93m13[0m
    [7m14186[0m 
declare var IDBRequest: 
{
    [7m     [0m [96m 
           
~~~~~~~~~~[0m
    'IDBRequest' is 
declared here.
[96msrc/verifications/v
erifications.service.ts
[0m:[93m471[0m:[93m32
[0m - 
[91merror[0m[90m 
TS1005: [0m',' 
expected.

[7m471[0m   async deci
deRequest(requestId: 
string, status: 
'APPROVED' | 
'REJECTED', notes: 
string, actorId: 
string) {
[7m   [0m [91m       
                        
~[0m
[96msrc/verifications/v
erifications.service.ts
[0m:[93m471[0m:[93m34
[0m - 
[91merror[0m[90m 
TS2693: [0m'string' 
only refers to a type, 
but is being used as a 
value here.

[7m471[0m   async deci
deRequest(requestId: 
string, status: 
'APPROVED' | 
'REJECTED', notes: 
string, actorId: 
string) {
[7m   [0m [91m       
                        
  ~~~~~~[0m
[96msrc/verifications/v
erifications.service.ts
[0m:[93m471[0m:[93m48
[0m - 
[91merror[0m[90m 
TS1005: [0m',' 
expected.

[7m471[0m   async deci
deRequest(requestId: 
string, status: 
'APPROVED' | 
'REJECTED', notes: 
string, actorId: 
string) {
[7m   [0m [91m       
                        
                ~[0m
[96msrc/verifications/v
erifications.service.ts
[0m:[93m471[0m:[93m50
[0m - 
[91merror[0m[90m 
TS2362: [0mThe 
left-hand side of an 
arithmetic operation 
must be of type 'any', 
'number', 'bigint' or 
an enum type.

[7m471[0m   async deci
deRequest(requestId: 
string, status: 
'APPROVED' | 
'REJECTED', notes: 
string, actorId: 
string) {
[7m   [0m [91m       
                        
                  
~~~~~~~~~~[0m
[96msrc/verifications/v
erifications.service.ts
[0m:[93m471[0m:[93m63
[0m - 
[91merror[0m[90m 
TS2363: [0mThe 
right-hand side of an 
arithmetic operation 
must be of type 'any', 
'number', 'bigint' or 
an enum type.

[7m471[0m   async deci
deRequest(requestId: 
string, status: 
'APPROVED' | 
'REJECTED', notes: 
string, actorId: 
string) {
[7m   [0m [91m       
                        
                        
       ~~~~~~~~~~[0m
[96msrc/verifications/v
erifications.service.ts
[0m:[93m471[0m:[93m75
[0m - 
[91merror[0m[90m 
TS2304: [0mCannot find 
name 'notes'.

[7m471[0m   async deci
deRequest(requestId: 
string, status: 
'APPROVED' | 
'REJECTED', notes: 
string, actorId: 
string) {
[7m   [0m [91m       
                        
                        
                   
~~~~~[0m
[96msrc/verifications/v
erifications.service.ts
[0m:[93m471[0m:[93m80
[0m - 
[91merror[0m[90m 
TS1005: [0m',' 
expected.

[7m471[0m   async deci
deRequest(requestId: 
string, status: 
'APPROVED' | 
'REJECTED', notes: 
string, actorId: 
string) {
[7m   [0m [91m       
                        
                        
                        
~[0m
[96msrc/verifications/v
erifications.service.ts
[0m:[93m471[0m:[93m82
[0m - 
[91merror[0m[90m 
TS2693: [0m'string' 
only refers to a type, 
but is being used as a 
value here.

[7m471[0m   async deci
deRequest(requestId: 
string, status: 
'APPROVED' | 
'REJECTED', notes: 
string, actorId: 
string) {
[7m   [0m [91m       
                        
                        
                        
  ~~~~~~[0m
[96msrc/verifications/v
erifications.service.ts
[0m:[93m471[0m:[93m90
[0m - 
[91merror[0m[90m 
TS2552: [0mCannot find 
name 'actorId'. Did you 
mean 'actor'?

[7m471[0m   async deci
deRequest(requestId: 
string, status: 
'APPROVED' | 
'REJECTED', notes: 
string, actorId: 
string) {
[7m   [0m [91m       
                        
                        
                        
          ~~~~~~~[0m

  [96msrc/verifications
/verifications.service.t
s[0m:[93m283[0m:[93m
87[0m
    [7m283[0m   async 
reviewItem(requestId: 
string, itemId: string, 
dto: ReviewVerificationI
temDto, actor: 
AuthContext) {
    [7m   [0m [96m   
                        
                        
                        
           
~~~~~~~~~~~~~~~~~~[0m
    'actor' is declared 
here.
[96msrc/verifications/v
erifications.service.ts
[0m:[93m471[0m:[93m97
[0m - 
[91merror[0m[90m 
TS1005: [0m',' 
expected.

[7m471[0m   async deci
deRequest(requestId: 
string, status: 
'APPROVED' | 
'REJECTED', notes: 
string, actorId: 
string) {
[7m   [0m [91m       
                        
                        
                        
                 ~[0m
[96msrc/verifications/v
erifications.service.ts
[0m:[93m471[0m:[93m99
[0m - 
[91merror[0m[90m 
TS2693: [0m'string' 
only refers to a type, 
but is being used as a 
value here.

[7m471[0m   async deci
deRequest(requestId: 
string, status: 
'APPROVED' | 
'REJECTED', notes: 
string, actorId: 
string) {
[7m   [0m [91m       
                        
                        
                        
                   
~~~~~~[0m
[96msrc/verifications/v
erifications.service.ts
[0m:[93m471[0m:[93m10
7[0m - 
[91merror[0m[90m 
TS1005: [0m';' 
expected.

[7m471[0m   async deci
deRequest(requestId: 
string, status: 
'APPROVED' | 
'REJECTED', notes: 
string, actorId: 
string) {
[7m   [0m [91m       
                        
                        
                        
                        
   ~[0m
[96msrc/verifications/v
erifications.service.ts
[0m:[93m479[0m:[93m51
[0m - 
[91merror[0m[90m 
TS18004: [0mNo value 
exists in scope for the 
shorthand property 
'notes'. Either declare 
one or provide an 
initializer.

[7m479[0m           
data: { status, 
reviewedAt: new Date(), 
notes } // Assuming 
'notes' field exists on 
Request or added? 
Schema check: Request 
has notes.
[7m   [0m [91m       
                        
                   
~~~~~[0m
[96msrc/verifications/v
erifications.service.ts
[0m:[93m494[0m:[93m34
[0m - 
[91merror[0m[90m 
TS2304: [0mCannot find 
name 'actorId'.

[7m494[0m       await 
this.audit.logAction(act
orId, requestId, 
'VERIFICATION_DECIDE', 
{ status, notes });
[7m   [0m [91m       
                        
  ~~~~~~~[0m
[96msrc/verifications/v
erifications.service.ts
[0m:[93m494[0m:[93m43
[0m - 
[91merror[0m[90m 
TS2554: [0mExpected 1 
arguments, but got 4.

[7m494[0m       await 
this.audit.logAction(act
orId, requestId, 
'VERIFICATION_DECIDE', 
{ status, notes });
[7m   [0m [91m       
                        
           ~~~~~~~~~~~~~
~~~~~~~~~~~~~~~~~~~~~~~~
~~~~~~~~~~~~~~[0m
[96msrc/verifications/v
erifications.service.ts
[0m:[93m494[0m:[93m87
[0m - 
[91merror[0m[90m 
TS18004: [0mNo value 
exists in scope for the 
shorthand property 
'notes'. Either declare 
one or provide an 
initializer.

[7m494[0m       await 
this.audit.logAction(act
orId, requestId, 
'VERIFICATION_DECIDE', 
{ status, notes });
[7m   [0m [91m       
                        
                        
                        
       ~~~~~[0m
[96msrc/verifications/v
erifications.service.ts
[0m:[93m500[0m:[93m28
[0m - 
[91merror[0m[90m 
TS2339: [0mProperty 
'VERIFICATION_UPDATE' 
does not exist on type 
'LiteralEnum<"RENTED" | 
"SOLD" | "DISCOUNT" | 
"REOPENED" | "REWARD" | 
"CHAT" | "SYSTEM">'.

[7m500[0m           No
tificationType.VERIFICAT
ION_UPDATE,
[7m   [0m [91m       
                    
~~~~~~~~~~~~~~~~~~~[0m
[96msrc/verifications/v
erifications.service.ts
[0m:[93m502[0m:[93m69
[0m - 
[91merror[0m[90m 
TS2304: [0mCannot find 
name 'notes'.

[7m502[0m           
`Your verification 
request was ${status.toL
owerCase()}. ${notes || 
''}`
[7m   [0m [91m       
                        
                        
             ~~~~~[0m
[96msrc/verifications/v
erifications.service.ts
[0m:[93m510[0m:[93m9
[0m - 
[91merror[0m[90m 
TS2552: [0mCannot find 
name 'error'. Did you 
mean 'Error'?

[7m510[0m     if 
(error instanceof 
NotFoundException || 
error instanceof 
BadRequestException || 
error instanceof 
ForbiddenException) {
[7m   [0m [91m       
 ~~~~~[0m

  [96m../../node_module
s/.pnpm/typescript@5.4.5
/node_modules/typescript
/lib/lib.es5.d.ts[0m:[
93m1087[0m:[93m13[0m
    [7m1087[0m 
declare var Error: 
ErrorConstructor;
    [7m    [0m [96m  
          ~~~~~[0m
    'Error' is declared 
here.
[96msrc/verifications/v
erifications.service.ts
[0m:[93m510[0m:[93m47
[0m - 
[91merror[0m[90m 
TS2552: [0mCannot find 
name 'error'. Did you 
mean 'Error'?

[7m510[0m     if 
(error instanceof 
NotFoundException || 
error instanceof 
BadRequestException || 
error instanceof 
ForbiddenException) {
[7m   [0m [91m       
                        
               ~~~~~[0m

  [96m../../node_module
s/.pnpm/typescript@5.4.5
/node_modules/typescript
/lib/lib.es5.d.ts[0m:[
93m1087[0m:[93m13[0m
    [7m1087[0m 
declare var Error: 
ErrorConstructor;
    [7m    [0m [96m  
          ~~~~~[0m
    'Error' is declared 
here.
[96msrc/verifications/v
erifications.service.ts
[0m:[93m510[0m:[93m87
[0m - 
[91merror[0m[90m 
TS2552: [0mCannot find 
name 'error'. Did you 
mean 'Error'?

[7m510[0m     if 
(error instanceof 
NotFoundException || 
error instanceof 
BadRequestException || 
error instanceof 
ForbiddenException) {
[7m   [0m [91m       
                        
                        
                        
       ~~~~~[0m

  [96m../../node_module
s/.pnpm/typescript@5.4.5
/node_modules/typescript
/lib/lib.es5.d.ts[0m:[
93m1087[0m:[93m13[0m
    [7m1087[0m 
declare var Error: 
ErrorConstructor;
    [7m    [0m [96m  
          ~~~~~[0m
    'Error' is declared 
here.
[96msrc/verifications/v
erifications.service.ts
[0m:[93m511[0m:[93m13
[0m - 
[91merror[0m[90m 
TS2552: [0mCannot find 
name 'error'. Did you 
mean 'Error'?

[7m511[0m       throw 
error;
[7m   [0m [91m       
     ~~~~~[0m

  [96m../../node_module
s/.pnpm/typescript@5.4.5
/node_modules/typescript
/lib/lib.es5.d.ts[0m:[
93m1087[0m:[93m13[0m
    [7m1087[0m 
declare var Error: 
ErrorConstructor;
    [7m    [0m [96m  
          ~~~~~[0m
    'Error' is declared 
here.
[96msrc/verifications/v
erifications.service.ts
[0m:[93m515[0m:[93m42
[0m - 
[91merror[0m[90m 
TS2304: [0mCannot find 
name 'error'.

[7m515[0m     
console.error('[VERIFY 
ITEM ERROR]', error);
[7m   [0m [91m       
                        
          ~~~~~[0m
[96msrc/verifications/v
erifications.service.ts
[0m:[93m516[0m:[93m46
[0m - 
[91merror[0m[90m 
TS2304: [0mCannot find 
name 'error'.

[7m516[0m     this.log
ger.error('[VERIFY ITEM 
ERROR]', error);
[7m   [0m [91m       
                        
              ~~~~~[0m
[96msrc/verifications/v
erifications.service.ts
[0m:[93m519[0m:[93m35
[0m - 
[91merror[0m[90m 
TS2304: [0mCannot find 
name 'error'.

[7m519[0m     throw 
new BadRequestException(
error instanceof Error 
? error.message : 
'Failed to review 
verification item');
[7m   [0m [91m       
                        
   ~~~~~[0m
[96msrc/verifications/v
erifications.service.ts
[0m:[93m519[0m:[93m60
[0m - 
[91merror[0m[90m 
TS2304: [0mCannot find 
name 'error'.

[7m519[0m     throw 
new BadRequestException(
error instanceof Error 
? error.message : 
'Failed to review 
verification item');
[7m   [0m [91m       
                        
                        
    ~~~~~[0m
[96msrc/verifications/v
erifications.service.ts
[0m:[93m523[0m:[93m3
[0m - 
[91merror[0m[90m 
TS1434: [0mUnexpected 
keyword or identifier.

[7m523[0m   async reca
lculatePropertyScore(pro
pertyId: string) {
[7m   [0m [91m  
~~~~~[0m
[96msrc/verifications/v
erifications.service.ts
[0m:[93m523[0m:[93m3
[0m - 
[91merror[0m[90m 
TS2304: [0mCannot find 
name 'async'.

[7m523[0m   async reca
lculatePropertyScore(pro
pertyId: string) {
[7m   [0m [91m  
~~~~~[0m
[96msrc/verifications/v
erifications.service.ts
[0m:[93m523[0m:[93m9
[0m - 
[91merror[0m[90m 
TS2304: [0mCannot find 
name 'recalculatePropert
yScore'.

[7m523[0m   async reca
lculatePropertyScore(pro
pertyId: string) {
[7m   [0m [91m       
 ~~~~~~~~~~~~~~~~~~~~~~~
~[0m
[96msrc/verifications/v
erifications.service.ts
[0m:[93m523[0m:[93m34
[0m - 
[91merror[0m[90m 
TS2304: [0mCannot find 
name 'propertyId'.

[7m523[0m   async reca
lculatePropertyScore(pro
pertyId: string) {
[7m   [0m [91m       
                        
  ~~~~~~~~~~[0m
[96msrc/verifications/v
erifications.service.ts
[0m:[93m523[0m:[93m44
[0m - 
[91merror[0m[90m 
TS1005: [0m',' 
expected.

[7m523[0m   async reca
lculatePropertyScore(pro
pertyId: string) {
[7m   [0m [91m       
                        
            ~[0m
[96msrc/verifications/v
erifications.service.ts
[0m:[93m523[0m:[93m46
[0m - 
[91merror[0m[90m 
TS2693: [0m'string' 
only refers to a type, 
but is being used as a 
value here.

[7m523[0m   async reca
lculatePropertyScore(pro
pertyId: string) {
[7m   [0m [91m       
                        
              ~~~~~~[0m
[96msrc/verifications/v
erifications.service.ts
[0m:[93m523[0m:[93m54
[0m - 
[91merror[0m[90m 
TS1005: [0m';' 
expected.

[7m523[0m   async reca
lculatePropertyScore(pro
pertyId: string) {
[7m   [0m [91m       
                        
                      
~[0m
[96msrc/verifications/v
erifications.service.ts
[0m:[93m524[0m:[93m26
[0m - 
[91merror[0m[90m 
TS2532: [0mObject is 
possibly 'undefined'.

[7m524[0m   const 
property = await this.pr
isma.property.findUnique
({
[7m   [0m [91m       
                  
~~~~[0m
[96msrc/verifications/v
erifications.service.ts
[0m:[93m525[0m:[93m18
[0m - 
[91merror[0m[90m 
TS2304: [0mCannot find 
name 'propertyId'.

[7m525[0m     where: 
{ id: propertyId },
[7m   [0m [91m       
          ~~~~~~~~~~[0m
[96msrc/verifications/v
erifications.service.ts
[0m:[93m572[0m:[93m9
[0m - 
[91merror[0m[90m 
TS2532: [0mObject is 
possibly 'undefined'.

[7m572[0m   await this
.prisma.property.update(
{
[7m   [0m [91m       
 ~~~~[0m
[96msrc/verifications/v
erifications.service.ts
[0m:[93m573[0m:[93m18
[0m - 
[91merror[0m[90m 
TS2304: [0mCannot find 
name 'propertyId'.

[7m573[0m     where: 
{ id: propertyId },
[7m   [0m [91m       
          ~~~~~~~~~~[0m
[96msrc/verifications/v
erifications.service.ts
[0m:[93m578[0m:[93m9
[0m - 
[91merror[0m[90m 
TS2532: [0mObject is 
possibly 'undefined'.

[7m578[0m   await this
.trust.calculateProperty
Trust(propertyId);
[7m   [0m [91m       
 ~~~~[0m
[96msrc/verifications/v
erifications.service.ts
[0m:[93m578[0m:[93m43
[0m - 
[91merror[0m[90m 
TS2304: [0mCannot find 
name 'propertyId'.

[7m578[0m   await this
.trust.calculateProperty
Trust(propertyId);
[7m   [0m [91m       
                        
           
~~~~~~~~~~[0m
[96msrc/verifications/v
erifications.service.ts
[0m:[93m581[0m:[93m3
[0m - 
[91merror[0m[90m 
TS1434: [0mUnexpected 
keyword or identifier.

[7m581[0m   async reca
lculateUserScore(userId:
 string) {
[7m   [0m [91m  
~~~~~[0m
[96msrc/verifications/v
erifications.service.ts
[0m:[93m581[0m:[93m3
[0m - 
[91merror[0m[90m 
TS2304: [0mCannot find 
name 'async'.

[7m581[0m   async reca
lculateUserScore(userId:
 string) {
[7m   [0m [91m  
~~~~~[0m
[96msrc/verifications/v
erifications.service.ts
[0m:[93m581[0m:[93m9
[0m - 
[91merror[0m[90m 
TS2304: [0mCannot find 
name 
'recalculateUserScore'.

[7m581[0m   async reca
lculateUserScore(userId:
 string) {
[7m   [0m [91m       
 
~~~~~~~~~~~~~~~~~~~~[0m
[96msrc/verifications/v
erifications.service.ts
[0m:[93m581[0m:[93m30
[0m - 
[91merror[0m[90m 
TS2304: [0mCannot find 
name 'userId'.

[7m581[0m   async reca
lculateUserScore(userId:
 string) {
[7m   [0m [91m       
                      
~~~~~~[0m
[96msrc/verifications/v
erifications.service.ts
[0m:[93m581[0m:[93m36
[0m - 
[91merror[0m[90m 
TS1005: [0m',' 
expected.

[7m581[0m   async reca
lculateUserScore(userId:
 string) {
[7m   [0m [91m       
                        
    ~[0m
[96msrc/verifications/v
erifications.service.ts
[0m:[93m581[0m:[93m38
[0m - 
[91merror[0m[90m 
TS2693: [0m'string' 
only refers to a type, 
but is being used as a 
value here.

[7m581[0m   async reca
lculateUserScore(userId:
 string) {
[7m   [0m [91m       
                        
      ~~~~~~[0m
[96msrc/verifications/v
erifications.service.ts
[0m:[93m581[0m:[93m46
[0m - 
[91merror[0m[90m 
TS1005: [0m';' 
expected.

[7m581[0m   async reca
lculateUserScore(userId:
 string) {
[7m   [0m [91m       
                        
              ~[0m
[96msrc/verifications/v
erifications.service.ts
[0m:[93m582[0m:[93m26
[0m - 
[91merror[0m[90m 
TS2532: [0mObject is 
possibly 'undefined'.

[7m582[0m   const 
requests = await this.pr
isma.verificationRequest
.findMany({
[7m   [0m [91m       
                  
~~~~[0m
[96msrc/verifications/v
erifications.service.ts
[0m:[93m583[0m:[93m28
[0m - 
[91merror[0m[90m 
TS2304: [0mCannot find 
name 'userId'.

[7m583[0m     where: 
{ targetUserId: userId, 
status: 'APPROVED' },
[7m   [0m [91m       
                    
~~~~~~[0m
[96msrc/verifications/v
erifications.service.ts
[0m:[93m605[0m:[93m9
[0m - 
[91merror[0m[90m 
TS2532: [0mObject is 
possibly 'undefined'.

[7m605[0m   await this
.prisma.user.update({
[7m   [0m [91m       
 ~~~~[0m
[96msrc/verifications/v
erifications.service.ts
[0m:[93m606[0m:[93m18
[0m - 
[91merror[0m[90m 
TS2304: [0mCannot find 
name 'userId'.

[7m606[0m     where: 
{ id: userId },
[7m   [0m [91m       
          ~~~~~~[0m
[96msrc/verifications/v
erifications.service.ts
[0m:[93m611[0m:[93m3
[0m - 
[91merror[0m[90m 
TS1434: [0mUnexpected 
keyword or identifier.

[7m611[0m   async reca
lculateAgencyScore(agenc
yId: string) {
[7m   [0m [91m  
~~~~~[0m
[96msrc/verifications/v
erifications.service.ts
[0m:[93m611[0m:[93m3
[0m - 
[91merror[0m[90m 
TS2304: [0mCannot find 
name 'async'.

[7m611[0m   async reca
lculateAgencyScore(agenc
yId: string) {
[7m   [0m [91m  
~~~~~[0m
[96msrc/verifications/v
erifications.service.ts
[0m:[93m611[0m:[93m9
[0m - 
[91merror[0m[90m 
TS2304: [0mCannot find 
name 'recalculateAgencyS
core'.

[7m611[0m   async reca
lculateAgencyScore(agenc
yId: string) {
[7m   [0m [91m       
 ~~~~~~~~~~~~~~~~~~~~~~
[0m
[96msrc/verifications/v
erifications.service.ts
[0m:[93m611[0m:[93m32
[0m - 
[91merror[0m[90m 
TS2304: [0mCannot find 
name 'agencyId'.

[7m611[0m   async reca
lculateAgencyScore(agenc
yId: string) {
[7m   [0m [91m       
                        
~~~~~~~~[0m
[96msrc/verifications/v
erifications.service.ts
[0m:[93m611[0m:[93m40
[0m - 
[91merror[0m[90m 
TS1005: [0m',' 
expected.

[7m611[0m   async reca
lculateAgencyScore(agenc
yId: string) {
[7m   [0m [91m       
                        
        ~[0m
[96msrc/verifications/v
erifications.service.ts
[0m:[93m611[0m:[93m42
[0m - 
[91merror[0m[90m 
TS2693: [0m'string' 
only refers to a type, 
but is being used as a 
value here.

[7m611[0m   async reca
lculateAgencyScore(agenc
yId: string) {
[7m   [0m [91m       
                        
          ~~~~~~[0m
[96msrc/verifications/v
erifications.service.ts
[0m:[93m611[0m:[93m50
[0m - 
[91merror[0m[90m 
TS1005: [0m';' 
expected.

[7m611[0m   async reca
lculateAgencyScore(agenc
yId: string) {
[7m   [0m [91m       
                        
                  ~[0m
[96msrc/verifications/v
erifications.service.ts
[0m:[93m612[0m:[93m26
[0m - 
[91merror[0m[90m 
TS2532: [0mObject is 
possibly 'undefined'.

[7m612[0m   const 
requests = await this.pr
isma.verificationRequest
.findMany({
[7m   [0m [91m       
                  
~~~~[0m
[96msrc/verifications/v
erifications.service.ts
[0m:[93m613[0m:[93m24
[0m - 
[91merror[0m[90m 
TS2304: [0mCannot find 
name 'agencyId'.

[7m613[0m     where: 
{ agencyId: agencyId, 
status: 'APPROVED' },
[7m   [0m [91m       
                
~~~~~~~~[0m
[96msrc/verifications/v
erifications.service.ts
[0m:[93m635[0m:[93m9
[0m - 
[91merror[0m[90m 
TS2532: [0mObject is 
possibly 'undefined'.

[7m635[0m   await this
.prisma.agency.update({
[7m   [0m [91m       
 ~~~~[0m
[96msrc/verifications/v
erifications.service.ts
[0m:[93m636[0m:[93m18
[0m - 
[91merror[0m[90m 
TS2304: [0mCannot find 
name 'agencyId'.

[7m636[0m     where: 
{ id: agencyId },
[7m   [0m [91m       
          ~~~~~~~~[0m
[96msrc/verifications/v
erifications.service.ts
[0m:[93m647[0m:[93m3
[0m - 
[91merror[0m[90m 
TS1434: [0mUnexpected 
keyword or identifier.

[7m647[0m   async 
assignItem(requestId: 
string, itemId: string, 
verifierId: string, 
actor: AuthContext) {
[7m   [0m [91m  
~~~~~[0m
[96msrc/verifications/v
erifications.service.ts
[0m:[93m647[0m:[93m3
[0m - 
[91merror[0m[90m 
TS2304: [0mCannot find 
name 'async'.

[7m647[0m   async 
assignItem(requestId: 
string, itemId: string, 
verifierId: string, 
actor: AuthContext) {
[7m   [0m [91m  
~~~~~[0m
[96msrc/verifications/v
erifications.service.ts
[0m:[93m647[0m:[93m9
[0m - 
[91merror[0m[90m 
TS2304: [0mCannot find 
name 'assignItem'.

[7m647[0m   async 
assignItem(requestId: 
string, itemId: string, 
verifierId: string, 
actor: AuthContext) {
[7m   [0m [91m       
 ~~~~~~~~~~[0m
[96msrc/verifications/v
erifications.service.ts
[0m:[93m647[0m:[93m20
[0m - 
[91merror[0m[90m 
TS2304: [0mCannot find 
name 'requestId'.

[7m647[0m   async 
assignItem(requestId: 
string, itemId: string, 
verifierId: string, 
actor: AuthContext) {
[7m   [0m [91m       
            
~~~~~~~~~[0m
[96msrc/verifications/v
erifications.service.ts
[0m:[93m647[0m:[93m29
[0m - 
[91merror[0m[90m 
TS1005: [0m',' 
expected.

[7m647[0m   async 
assignItem(requestId: 
string, itemId: string, 
verifierId: string, 
actor: AuthContext) {
[7m   [0m [91m       
                     
~[0m
[96msrc/verifications/v
erifications.service.ts
[0m:[93m647[0m:[93m31
[0m - 
[91merror[0m[90m 
TS2693: [0m'string' 
only refers to a type, 
but is being used as a 
value here.

[7m647[0m   async 
assignItem(requestId: 
string, itemId: string, 
verifierId: string, 
actor: AuthContext) {
[7m   [0m [91m       
                       
~~~~~~[0m
[96msrc/verifications/v
erifications.service.ts
[0m:[93m647[0m:[93m39
[0m - 
[91merror[0m[90m 
TS2304: [0mCannot find 
name 'itemId'.

[7m647[0m   async 
assignItem(requestId: 
string, itemId: string, 
verifierId: string, 
actor: AuthContext) {
[7m   [0m [91m       
                        
       ~~~~~~[0m
[96msrc/verifications/v
erifications.service.ts
[0m:[93m647[0m:[93m45
[0m - 
[91merror[0m[90m 
TS1005: [0m',' 
expected.

[7m647[0m   async 
assignItem(requestId: 
string, itemId: string, 
verifierId: string, 
actor: AuthContext) {
[7m   [0m [91m       
                        
             ~[0m
[96msrc/verifications/v
erifications.service.ts
[0m:[93m647[0m:[93m47
[0m - 
[91merror[0m[90m 
TS2693: [0m'string' 
only refers to a type, 
but is being used as a 
value here.

[7m647[0m   async 
assignItem(requestId: 
string, itemId: string, 
verifierId: string, 
actor: AuthContext) {
[7m   [0m [91m       
                        
               
~~~~~~[0m
[96msrc/verifications/v
erifications.service.ts
[0m:[93m647[0m:[93m55
[0m - 
[91merror[0m[90m 
TS2304: [0mCannot find 
name 'verifierId'.

[7m647[0m   async 
assignItem(requestId: 
string, itemId: string, 
verifierId: string, 
actor: AuthContext) {
[7m   [0m [91m       
                        
                       
~~~~~~~~~~[0m
[96msrc/verifications/v
erifications.service.ts
[0m:[93m647[0m:[93m65
[0m - 
[91merror[0m[90m 
TS1005: [0m',' 
expected.

[7m647[0m   async 
assignItem(requestId: 
string, itemId: string, 
verifierId: string, 
actor: AuthContext) {
[7m   [0m [91m       
                        
                        
         ~[0m
[96msrc/verifications/v
erifications.service.ts
[0m:[93m647[0m:[93m67
[0m - 
[91merror[0m[90m 
TS2693: [0m'string' 
only refers to a type, 
but is being used as a 
value here.

[7m647[0m   async 
assignItem(requestId: 
string, itemId: string, 
verifierId: string, 
actor: AuthContext) {
[7m   [0m [91m       
                        
                        
           ~~~~~~[0m
[96msrc/verifications/v
erifications.service.ts
[0m:[93m647[0m:[93m75
[0m - 
[91merror[0m[90m 
TS2304: [0mCannot find 
name 'actor'.

[7m647[0m   async 
assignItem(requestId: 
string, itemId: string, 
verifierId: string, 
actor: AuthContext) {
[7m   [0m [91m       
                        
                        
                   
~~~~~[0m
[96msrc/verifications/v
erifications.service.ts
[0m:[93m647[0m:[93m80
[0m - 
[91merror[0m[90m 
TS1005: [0m',' 
expected.

[7m647[0m   async 
assignItem(requestId: 
string, itemId: string, 
verifierId: string, 
actor: AuthContext) {
[7m   [0m [91m       
                        
                        
                        
~[0m
[96msrc/verifications/v
erifications.service.ts
[0m:[93m647[0m:[93m82
[0m - 
[91merror[0m[90m 
TS2693: 
[0m'AuthContext' only 
refers to a type, but 
is being used as a 
value here.

[7m647[0m   async 
assignItem(requestId: 
string, itemId: string, 
verifierId: string, 
actor: AuthContext) {
[7m   [0m [91m       
                        
                        
                        
  ~~~~~~~~~~~[0m
[96msrc/verifications/v
erifications.service.ts
[0m:[93m647[0m:[93m95
[0m - 
[91merror[0m[90m 
TS1005: [0m';' 
expected.

[7m647[0m   async 
assignItem(requestId: 
string, itemId: string, 
verifierId: string, 
actor: AuthContext) {
[7m   [0m [91m       
                        
                        
                        
               ~[0m
[96msrc/verifications/v
erifications.service.ts
[0m:[93m648[0m:[93m7
[0m - 
[91merror[0m[90m 
TS2304: [0mCannot find 
name 'actor'.

[7m648[0m   if 
(actor.userId !== 
verifierId) {
[7m   [0m [91m      
~~~~~[0m
[96msrc/verifications/v
erifications.service.ts
[0m:[93m648[0m:[93m24
[0m - 
[91merror[0m[90m 
TS2304: [0mCannot find 
name 'verifierId'.

[7m648[0m   if 
(actor.userId !== 
verifierId) {
[7m   [0m [91m       
                
~~~~~~~~~~[0m
[96msrc/verifications/v
erifications.service.ts
[0m:[93m653[0m:[93m25
[0m - 
[91merror[0m[90m 
TS2532: [0mObject is 
possibly 'undefined'.

[7m653[0m   const 
request = await this.pri
sma.verificationRequest.
findUnique({
[7m   [0m [91m       
                 
~~~~[0m
[96msrc/verifications/v
erifications.service.ts
[0m:[93m654[0m:[93m18
[0m - 
[91merror[0m[90m 
TS2304: [0mCannot find 
name 'requestId'.

[7m654[0m     where: 
{ id: requestId },
[7m   [0m [91m       
          ~~~~~~~~~[0m
[96msrc/verifications/v
erifications.service.ts
[0m:[93m659[0m:[93m76
[0m - 
[91merror[0m[90m 
TS2304: [0mCannot find 
name 'itemId'.

[7m659[0m   const 
item = 
request.items.find((i: V
erificationRequestItem) 
=> i.id === itemId);
[7m   [0m [91m       
                        
                        
                    
~~~~~~[0m
[96msrc/verifications/v
erifications.service.ts
[0m:[93m668[0m:[93m3
[0m - 
[91merror[0m[90m 
TS1128: [0mDeclaration 
or statement expected.

[7m668[0m   private 
async ensurePendingPrope
rty(id: string) {
[7m   [0m [91m  
~~~~~~~[0m
[96msrc/verifications/v
erifications.service.ts
[0m:[93m668[0m:[93m11
[0m - 
[91merror[0m[90m 
TS1434: [0mUnexpected 
keyword or identifier.

[7m668[0m   private 
async ensurePendingPrope
rty(id: string) {
[7m   [0m [91m       
   ~~~~~[0m
[96msrc/verifications/v
erifications.service.ts
[0m:[93m668[0m:[93m11
[0m - 
[91merror[0m[90m 
TS2304: [0mCannot find 
name 'async'.

[7m668[0m   private 
async ensurePendingPrope
rty(id: string) {
[7m   [0m [91m       
   ~~~~~[0m
[96msrc/verifications/v
erifications.service.ts
[0m:[93m668[0m:[93m17
[0m - 
[91merror[0m[90m 
TS2304: [0mCannot find 
name 
'ensurePendingProperty'.

[7m668[0m   private 
async ensurePendingPrope
rty(id: string) {
[7m   [0m [91m       
         ~~~~~~~~~~~~~~~
~~~~~~[0m
[96msrc/verifications/v
erifications.service.ts
[0m:[93m668[0m:[93m39
[0m - 
[91merror[0m[90m 
TS2304: [0mCannot find 
name 'id'.

[7m668[0m   private 
async ensurePendingPrope
rty(id: string) {
[7m   [0m [91m       
                        
       ~~[0m
[96msrc/verifications/v
erifications.service.ts
[0m:[93m668[0m:[93m41
[0m - 
[91merror[0m[90m 
TS1005: [0m',' 
expected.

[7m668[0m   private 
async ensurePendingPrope
rty(id: string) {
[7m   [0m [91m       
                        
         ~[0m
[96msrc/verifications/v
erifications.service.ts
[0m:[93m668[0m:[93m43
[0m - 
[91merror[0m[90m 
TS2693: [0m'string' 
only refers to a type, 
but is being used as a 
value here.

[7m668[0m   private 
async ensurePendingPrope
rty(id: string) {
[7m   [0m [91m       
                        
           ~~~~~~[0m
[96msrc/verifications/v
erifications.service.ts
[0m:[93m668[0m:[93m51
[0m - 
[91merror[0m[90m 
TS1005: [0m';' 
expected.

[7m668[0m   private 
async ensurePendingPrope
rty(id: string) {
[7m   [0m [91m       
                        
                   ~[0m
[96msrc/verifications/v
erifications.service.ts
[0m:[93m669[0m:[93m26
[0m - 
[91merror[0m[90m 
TS2532: [0mObject is 
possibly 'undefined'.

[7m669[0m   const 
property = await this.pr
isma.property.findUnique
({ where: { id } });
[7m   [0m [91m       
                  
~~~~[0m
[96msrc/verifications/v
erifications.service.ts
[0m:[93m669[0m:[93m69
[0m - 
[91merror[0m[90m 
TS18004: [0mNo value 
exists in scope for the 
shorthand property 
'id'. Either declare 
one or provide an 
initializer.

[7m669[0m   const 
property = await this.pr
isma.property.findUnique
({ where: { id } });
[7m   [0m [91m       
                        
                        
             ~~[0m
[96msrc/verifications/v
erifications.service.ts
[0m:[93m676[0m:[93m3
[0m - 
[91merror[0m[90m 
TS1128: [0mDeclaration 
or statement expected.

[7m676[0m   private 
calculateDistance(lat1: 
number, lon1: number, 
lat2: number, lon2: 
number): number {
[7m   [0m [91m  
~~~~~~~[0m
[96msrc/verifications/v
erifications.service.ts
[0m:[93m676[0m:[93m11
[0m - 
[91merror[0m[90m 
TS2304: [0mCannot find 
name 
'calculateDistance'.

[7m676[0m   private 
calculateDistance(lat1: 
number, lon1: number, 
lat2: number, lon2: 
number): number {
[7m   [0m [91m       
   ~~~~~~~~~~~~~~~~~[0m
[96msrc/verifications/v
erifications.service.ts
[0m:[93m676[0m:[93m29
[0m - 
[91merror[0m[90m 
TS2304: [0mCannot find 
name 'lat1'.

[7m676[0m   private 
calculateDistance(lat1: 
number, lon1: number, 
lat2: number, lon2: 
number): number {
[7m   [0m [91m       
                     
~~~~[0m
[96msrc/verifications/v
erifications.service.ts
[0m:[93m676[0m:[93m33
[0m - 
[91merror[0m[90m 
TS1005: [0m',' 
expected.

[7m676[0m   private 
calculateDistance(lat1: 
number, lon1: number, 
lat2: number, lon2: 
number): number {
[7m   [0m [91m       
                        
 ~[0m
[96msrc/verifications/v
erifications.service.ts
[0m:[93m676[0m:[93m35
[0m - 
[91merror[0m[90m 
TS2693: [0m'number' 
only refers to a type, 
but is being used as a 
value here.

[7m676[0m   private 
calculateDistance(lat1: 
number, lon1: number, 
lat2: number, lon2: 
number): number {
[7m   [0m [91m       
                        
   ~~~~~~[0m
[96msrc/verifications/v
erifications.service.ts
[0m:[93m676[0m:[93m43
[0m - 
[91merror[0m[90m 
TS2304: [0mCannot find 
name 'lon1'.

[7m676[0m   private 
calculateDistance(lat1: 
number, lon1: number, 
lat2: number, lon2: 
number): number {
[7m   [0m [91m       
                        
           ~~~~[0m
[96msrc/verifications/v
erifications.service.ts
[0m:[93m676[0m:[93m47
[0m - 
[91merror[0m[90m 
TS1005: [0m',' 
expected.

[7m676[0m   private 
calculateDistance(lat1: 
number, lon1: number, 
lat2: number, lon2: 
number): number {
[7m   [0m [91m       
                        
               ~[0m
[96msrc/verifications/v
erifications.service.ts
[0m:[93m676[0m:[93m49
[0m - 
[91merror[0m[90m 
TS2693: [0m'number' 
only refers to a type, 
but is being used as a 
value here.

[7m676[0m   private 
calculateDistance(lat1: 
number, lon1: number, 
lat2: number, lon2: 
number): number {
[7m   [0m [91m       
                        
                 
~~~~~~[0m
[96msrc/verifications/v
erifications.service.ts
[0m:[93m676[0m:[93m57
[0m - 
[91merror[0m[90m 
TS2304: [0mCannot find 
name 'lat2'.

[7m676[0m   private 
calculateDistance(lat1: 
number, lon1: number, 
lat2: number, lon2: 
number): number {
[7m   [0m [91m       
                        
                        
 ~~~~[0m
[96msrc/verifications/v
erifications.service.ts
[0m:[93m676[0m:[93m61
[0m - 
[91merror[0m[90m 
TS1005: [0m',' 
expected.

[7m676[0m   private 
calculateDistance(lat1: 
number, lon1: number, 
lat2: number, lon2: 
number): number {
[7m   [0m [91m       
                        
                        
     ~[0m
[96msrc/verifications/v
erifications.service.ts
[0m:[93m676[0m:[93m63
[0m - 
[91merror[0m[90m 
TS2693: [0m'number' 
only refers to a type, 
but is being used as a 
value here.

[7m676[0m   private 
calculateDistance(lat1: 
number, lon1: number, 
lat2: number, lon2: 
number): number {
[7m   [0m [91m       
                        
                        
       ~~~~~~[0m
[96msrc/verifications/v
erifications.service.ts
[0m:[93m676[0m:[93m71
[0m - 
[91merror[0m[90m 
TS2304: [0mCannot find 
name 'lon2'.

[7m676[0m   private 
calculateDistance(lat1: 
number, lon1: number, 
lat2: number, lon2: 
number): number {
[7m   [0m [91m       
                        
                        
               ~~~~[0m
[96msrc/verifications/v
erifications.service.ts
[0m:[93m676[0m:[93m75
[0m - 
[91merror[0m[90m 
TS1005: [0m',' 
expected.

[7m676[0m   private 
calculateDistance(lat1: 
number, lon1: number, 
lat2: number, lon2: 
number): number {
[7m   [0m [91m       
                        
                        
                   ~[0m
[96msrc/verifications/v
erifications.service.ts
[0m:[93m676[0m:[93m77
[0m - 
[91merror[0m[90m 
TS2693: [0m'number' 
only refers to a type, 
but is being used as a 
value here.

[7m676[0m   private 
calculateDistance(lat1: 
number, lon1: number, 
lat2: number, lon2: 
number): number {
[7m   [0m [91m       
                        
                        
                     
~~~~~~[0m
[96msrc/verifications/v
erifications.service.ts
[0m:[93m676[0m:[93m84
[0m - 
[91merror[0m[90m 
TS1005: [0m';' 
expected.

[7m676[0m   private 
calculateDistance(lat1: 
number, lon1: number, 
lat2: number, lon2: 
number): number {
[7m   [0m [91m       
                        
                        
                        
    ~[0m
[96msrc/verifications/v
erifications.service.ts
[0m:[93m676[0m:[93m86
[0m - 
[91merror[0m[90m 
TS1434: [0mUnexpected 
keyword or identifier.

[7m676[0m   private 
calculateDistance(lat1: 
number, lon1: number, 
lat2: number, lon2: 
number): number {
[7m   [0m [91m       
                        
                        
                        
      ~~~~~~[0m
[96msrc/verifications/v
erifications.service.ts
[0m:[93m676[0m:[93m86
[0m - 
[91merror[0m[90m 
TS2693: [0m'number' 
only refers to a type, 
but is being used as a 
value here.

[7m676[0m   private 
calculateDistance(lat1: 
number, lon1: number, 
lat2: number, lon2: 
number): number {
[7m   [0m [91m       
                        
                        
                        
      ~~~~~~[0m
[96msrc/verifications/v
erifications.service.ts
[0m:[93m678[0m:[93m16
[0m - 
[91merror[0m[90m 
TS2532: [0mObject is 
possibly 'undefined'.

[7m678[0m   const 
dLat = 
this.deg2rad(lat2 - 
lat1);
[7m   [0m [91m       
        ~~~~[0m
[96msrc/verifications/v
erifications.service.ts
[0m:[93m678[0m:[93m29
[0m - 
[91merror[0m[90m 
TS2304: [0mCannot find 
name 'lat2'.

[7m678[0m   const 
dLat = 
this.deg2rad(lat2 - 
lat1);
[7m   [0m [91m       
                     
~~~~[0m
[96msrc/verifications/v
erifications.service.ts
[0m:[93m678[0m:[93m36
[0m - 
[91merror[0m[90m 
TS2304: [0mCannot find 
name 'lat1'.

[7m678[0m   const 
dLat = 
this.deg2rad(lat2 - 
lat1);
[7m   [0m [91m       
                        
    ~~~~[0m
[96msrc/verifications/v
erifications.service.ts
[0m:[93m679[0m:[93m16
[0m - 
[91merror[0m[90m 
TS2532: [0mObject is 
possibly 'undefined'.

[7m679[0m   const 
dLon = 
this.deg2rad(lon2 - 
lon1);
[7m   [0m [91m       
        ~~~~[0m
[96msrc/verifications/v
erifications.service.ts
[0m:[93m679[0m:[93m29
[0m - 
[91merror[0m[90m 
TS2304: [0mCannot find 
name 'lon2'.

[7m679[0m   const 
dLon = 
this.deg2rad(lon2 - 
lon1);
[7m   [0m [91m       
                     
~~~~[0m
[96msrc/verifications/v
erifications.service.ts
[0m:[93m679[0m:[93m36
[0m - 
[91merror[0m[90m 
TS2304: [0mCannot find 
name 'lon1'.

[7m679[0m   const 
dLon = 
this.deg2rad(lon2 - 
lon1);
[7m   [0m [91m       
                        
    ~~~~[0m
[96msrc/verifications/v
erifications.service.ts
[0m:[93m682[0m:[93m14
[0m - 
[91merror[0m[90m 
TS2532: [0mObject is 
possibly 'undefined'.

[7m682[0m     Math.cos
(this.deg2rad(lat1)) * M
ath.cos(this.deg2rad(lat
2)) *
[7m   [0m [91m       
      ~~~~[0m
[96msrc/verifications/v
erifications.service.ts
[0m:[93m682[0m:[93m27
[0m - 
[91merror[0m[90m 
TS2304: [0mCannot find 
name 'lat1'.

[7m682[0m     Math.cos
(this.deg2rad(lat1)) * M
ath.cos(this.deg2rad(lat
2)) *
[7m   [0m [91m       
                   
~~~~[0m
[96msrc/verifications/v
erifications.service.ts
[0m:[93m682[0m:[93m45
[0m - 
[91merror[0m[90m 
TS2532: [0mObject is 
possibly 'undefined'.

[7m682[0m     Math.cos
(this.deg2rad(lat1)) * M
ath.cos(this.deg2rad(lat
2)) *
[7m   [0m [91m       
                        
             ~~~~[0m
[96msrc/verifications/v
erifications.service.ts
[0m:[93m682[0m:[93m58
[0m - 
[91merror[0m[90m 
TS2304: [0mCannot find 
name 'lat2'.

[7m682[0m     Math.cos
(this.deg2rad(lat1)) * M
ath.cos(this.deg2rad(lat
2)) *
[7m   [0m [91m       
                        
                        
  ~~~~[0m
[96msrc/verifications/v
erifications.service.ts
[0m:[93m689[0m:[93m3
[0m - 
[91merror[0m[90m 
TS1434: [0mUnexpected 
keyword or identifier.

[7m689[0m   async crea
teRequest(requesterId: 
string, data: { 
targetType: 
VerificationType; 
targetId: string; 
items: { type: any; 
evidenceUrls?: 
string[]; notes?: 
string }[] }) {
[7m   [0m [91m  
~~~~~[0m
[96msrc/verifications/v
erifications.service.ts
[0m:[93m689[0m:[93m3
[0m - 
[91merror[0m[90m 
TS2304: [0mCannot find 
name 'async'.

[7m689[0m   async crea
teRequest(requesterId: 
string, data: { 
targetType: 
VerificationType; 
targetId: string; 
items: { type: any; 
evidenceUrls?: 
string[]; notes?: 
string }[] }) {
[7m   [0m [91m  
~~~~~[0m
[96msrc/verifications/v
erifications.service.ts
[0m:[93m689[0m:[93m9
[0m - 
[91merror[0m[90m 
TS2304: [0mCannot find 
name 'createRequest'.

[7m689[0m   async crea
teRequest(requesterId: 
string, data: { 
targetType: 
VerificationType; 
targetId: string; 
items: { type: any; 
evidenceUrls?: 
string[]; notes?: 
string }[] }) {
[7m   [0m [91m       
 ~~~~~~~~~~~~~[0m
[96msrc/verifications/v
erifications.service.ts
[0m:[93m689[0m:[93m23
[0m - 
[91merror[0m[90m 
TS2304: [0mCannot find 
name 'requesterId'.

[7m689[0m   async crea
teRequest(requesterId: 
string, data: { 
targetType: 
VerificationType; 
targetId: string; 
items: { type: any; 
evidenceUrls?: 
string[]; notes?: 
string }[] }) {
[7m   [0m [91m       
               
~~~~~~~~~~~[0m
[96msrc/verifications/v
erifications.service.ts
[0m:[93m689[0m:[93m34
[0m - 
[91merror[0m[90m 
TS1005: [0m',' 
expected.

[7m689[0m   async crea
teRequest(requesterId: 
string, data: { 
targetType: 
VerificationType; 
targetId: string; 
items: { type: any; 
evidenceUrls?: 
string[]; notes?: 
string }[] }) {
[7m   [0m [91m       
                        
  ~[0m
[96msrc/verifications/v
erifications.service.ts
[0m:[93m689[0m:[93m36
[0m - 
[91merror[0m[90m 
TS2693: [0m'string' 
only refers to a type, 
but is being used as a 
value here.

[7m689[0m   async crea
teRequest(requesterId: 
string, data: { 
targetType: 
VerificationType; 
targetId: string; 
items: { type: any; 
evidenceUrls?: 
string[]; notes?: 
string }[] }) {
[7m   [0m [91m       
                        
    ~~~~~~[0m
[96msrc/verifications/v
erifications.service.ts
[0m:[93m689[0m:[93m44
[0m - 
[91merror[0m[90m 
TS2304: [0mCannot find 
name 'data'.

[7m689[0m   async crea
teRequest(requesterId: 
string, data: { 
targetType: 
VerificationType; 
targetId: string; 
items: { type: any; 
evidenceUrls?: 
string[]; notes?: 
string }[] }) {
[7m   [0m [91m       
                        
            ~~~~[0m
[96msrc/verifications/v
erifications.service.ts
[0m:[93m689[0m:[93m48
[0m - 
[91merror[0m[90m 
TS1005: [0m',' 
expected.

[7m689[0m   async crea
teRequest(requesterId: 
string, data: { 
targetType: 
VerificationType; 
targetId: string; 
items: { type: any; 
evidenceUrls?: 
string[]; notes?: 
string }[] }) {
[7m   [0m [91m       
                        
                ~[0m
[96msrc/verifications/v
erifications.service.ts
[0m:[93m689[0m:[93m80
[0m - 
[91merror[0m[90m 
TS1005: [0m',' 
expected.

[7m689[0m   async crea
teRequest(requesterId: 
string, data: { 
targetType: 
VerificationType; 
targetId: string; 
items: { type: any; 
evidenceUrls?: 
string[]; notes?: 
string }[] }) {
[7m   [0m [91m       
                        
                        
                        
~[0m
[96msrc/verifications/v
erifications.service.ts
[0m:[93m689[0m:[93m92
[0m - 
[91merror[0m[90m 
TS2693: [0m'string' 
only refers to a type, 
but is being used as a 
value here.

[7m689[0m   async crea
teRequest(requesterId: 
string, data: { 
targetType: 
VerificationType; 
targetId: string; 
items: { type: any; 
evidenceUrls?: 
string[]; notes?: 
string }[] }) {
[7m   [0m [91m       
                        
                        
                        
            ~~~~~~[0m
[96msrc/verifications/v
erifications.service.ts
[0m:[93m689[0m:[93m98
[0m - 
[91merror[0m[90m 
TS1005: [0m',' 
expected.

[7m689[0m   async crea
teRequest(requesterId: 
string, data: { 
targetType: 
VerificationType; 
targetId: string; 
items: { type: any; 
evidenceUrls?: 
string[]; notes?: 
string }[] }) {
[7m   [0m [91m       
                        
                        
                        
                  ~[0m
[96msrc/verifications/v
erifications.service.ts
[0m:[93m689[0m:[93m10
7[0m - 
[91merror[0m[90m 
TS7053: [0mElement 
implicitly has an 'any' 
type because expression 
of type 'any' can't be 
used to index type '{ 
type: any; 
evidenceUrls: any; 
notes: any; }'.

[7m689[0m   async crea
teRequest(requesterId: 
string, data: { 
targetType: 
VerificationType; 
targetId: string; 
items: { type: any; 
evidenceUrls?: 
string[]; notes?: 
string }[] }) {
[7m   [0m [91m       
                        
                        
                        
                        
   ~~~~~~~~~~~~~~~~~~~~~
~~~~~~~~~~~~~~~~~~~~~~~~
~~~~~~~~~~~[0m
[96msrc/verifications/v
erifications.service.ts
[0m:[93m689[0m:[93m11
5[0m - 
[91merror[0m[90m 
TS2693: [0m'any' only 
refers to a type, but 
is being used as a 
value here.

[7m689[0m   async crea
teRequest(requesterId: 
string, data: { 
targetType: 
VerificationType; 
targetId: string; 
items: { type: any; 
evidenceUrls?: 
string[]; notes?: 
string }[] }) {
[7m   [0m [91m       
                        
                        
                        
                        
           ~~~[0m
[96msrc/verifications/v
erifications.service.ts
[0m:[93m689[0m:[93m11
8[0m - 
[91merror[0m[90m 
TS1005: [0m',' 
expected.

[7m689[0m   async crea
teRequest(requesterId: 
string, data: { 
targetType: 
VerificationType; 
targetId: string; 
items: { type: any; 
evidenceUrls?: 
string[]; notes?: 
string }[] }) {
[7m   [0m [91m       
                        
                        
                        
                        
              ~[0m
[96msrc/verifications/v
erifications.service.ts
[0m:[93m689[0m:[93m13
5[0m - 
[91merror[0m[90m 
TS2693: [0m'string' 
only refers to a type, 
but is being used as a 
value here.

[7m689[0m   async crea
teRequest(requesterId: 
string, data: { 
targetType: 
VerificationType; 
targetId: string; 
items: { type: any; 
evidenceUrls?: 
string[]; notes?: 
string }[] }) {
[7m   [0m [91m       
                        
                        
                        
                        
                        
       ~~~~~~[0m
[96msrc/verifications/v
erifications.service.ts
[0m:[93m689[0m:[93m14
2[0m - 
[91merror[0m[90m 
TS1011: [0mAn element 
access expression 
should take an argument.

[7m689[0m   async crea
teRequest(requesterId: 
string, data: { 
targetType: 
VerificationType; 
targetId: string; 
items: { type: any; 
evidenceUrls?: 
string[]; notes?: 
string }[] }) {
[7m   [0m [91m       
                        
                        
                        
                        
                        
              [0m
[96msrc/verifications/v
erifications.service.ts
[0m:[93m689[0m:[93m14
3[0m - 
[91merror[0m[90m 
TS1005: [0m',' 
expected.

[7m689[0m   async crea
teRequest(requesterId: 
string, data: { 
targetType: 
VerificationType; 
targetId: string; 
items: { type: any; 
evidenceUrls?: 
string[]; notes?: 
string }[] }) {
[7m   [0m [91m       
                        
                        
                        
                        
                        
               ~[0m
[96msrc/verifications/v
erifications.service.ts
[0m:[93m689[0m:[93m15
3[0m - 
[91merror[0m[90m 
TS2693: [0m'string' 
only refers to a type, 
but is being used as a 
value here.

[7m689[0m   async crea
teRequest(requesterId: 
string, data: { 
targetType: 
VerificationType; 
targetId: string; 
items: { type: any; 
evidenceUrls?: 
string[]; notes?: 
string }[] }) {
[7m   [0m [91m       
                        
                        
                        
                        
                        
                        
 ~~~~~~[0m
[96msrc/verifications/v
erifications.service.ts
[0m:[93m689[0m:[93m16
2[0m - 
[91merror[0m[90m 
TS1011: [0mAn element 
access expression 
should take an argument.

[7m689[0m   async crea
teRequest(requesterId: 
string, data: { 
targetType: 
VerificationType; 
targetId: string; 
items: { type: any; 
evidenceUrls?: 
string[]; notes?: 
string }[] }) {
[7m   [0m [91m       
                        
                        
                        
                        
                        
                        
          [0m
[96msrc/verifications/v
erifications.service.ts
[0m:[93m689[0m:[93m16
7[0m - 
[91merror[0m[90m 
TS1005: [0m';' 
expected.

[7m689[0m   async crea
teRequest(requesterId: 
string, data: { 
targetType: 
VerificationType; 
targetId: string; 
items: { type: any; 
evidenceUrls?: 
string[]; notes?: 
string }[] }) {
[7m   [0m [91m       
                        
                        
                        
                        
                        
                        
               ~[0m
[96msrc/verifications/v
erifications.service.ts
[0m:[93m691[0m:[93m26
[0m - 
[91merror[0m[90m 
TS2532: [0mObject is 
possibly 'undefined'.

[7m691[0m   const 
existing = await this.pr
isma.verificationRequest
.findFirst({
[7m   [0m [91m       
                  
~~~~[0m
[96msrc/verifications/v
erifications.service.ts
[0m:[93m693[0m:[93m7
[0m - 
[91merror[0m[90m 
TS18004: [0mNo value 
exists in scope for the 
shorthand property 
'requesterId'. Either 
declare one or provide 
an initializer.

[7m693[0m       
requesterId,
[7m   [0m [91m      
~~~~~~~~~~~[0m
[96msrc/verifications/v
erifications.service.ts
[0m:[93m694[0m:[93m19
[0m - 
[91merror[0m[90m 
TS2304: [0mCannot find 
name 'data'.

[7m694[0m       
targetType: 
data.targetType,
[7m   [0m [91m       
           ~~~~[0m
[96msrc/verifications/v
erifications.service.ts
[0m:[93m696[0m:[93m11
[0m - 
[91merror[0m[90m 
TS2304: [0mCannot find 
name 'data'.

[7m696[0m       
...(data.targetType === 
'PROPERTY' ? { 
propertyId: 
data.targetId } : {}),
[7m   [0m [91m       
   ~~~~[0m
[96msrc/verifications/v
erifications.service.ts
[0m:[93m696[0m:[93m58
[0m - 
[91merror[0m[90m 
TS2304: [0mCannot find 
name 'data'.

[7m696[0m       
...(data.targetType === 
'PROPERTY' ? { 
propertyId: 
data.targetId } : {}),
[7m   [0m [91m       
                        
                        
  ~~~~[0m
[96msrc/verifications/v
erifications.service.ts
[0m:[93m697[0m:[93m11
[0m - 
[91merror[0m[90m 
TS2304: [0mCannot find 
name 'data'.

[7m697[0m       
...(data.targetType === 
'USER' ? { 
targetUserId: 
data.targetId } : {}),
[7m   [0m [91m       
   ~~~~[0m
[96msrc/verifications/v
erifications.service.ts
[0m:[93m697[0m:[93m56
[0m - 
[91merror[0m[90m 
TS2304: [0mCannot find 
name 'data'.

[7m697[0m       
...(data.targetType === 
'USER' ? { 
targetUserId: 
data.targetId } : {}),
[7m   [0m [91m       
                        
                        
~~~~[0m
[96msrc/verifications/v
erifications.service.ts
[0m:[93m698[0m:[93m11
[0m - 
[91merror[0m[90m 
TS2304: [0mCannot find 
name 'data'.

[7m698[0m       
...(data.targetType === 
'COMPANY' ? { agencyId: 
data.targetId } : {}),
[7m   [0m [91m       
   ~~~~[0m
[96msrc/verifications/v
erifications.service.ts
[0m:[93m698[0m:[93m55
[0m - 
[91merror[0m[90m 
TS2304: [0mCannot find 
name 'data'.

[7m698[0m       
...(data.targetType === 
'COMPANY' ? { agencyId: 
data.targetId } : {}),
[7m   [0m [91m       
                        
                       
~~~~[0m
[96msrc/verifications/v
erifications.service.ts
[0m:[93m710[0m:[93m5
[0m - 
[91merror[0m[90m 
TS18004: [0mNo value 
exists in scope for the 
shorthand property 
'requesterId'. Either 
declare one or provide 
an initializer.

[7m710[0m     
requesterId,
[7m   [0m [91m    
~~~~~~~~~~~[0m
[96msrc/verifications/v
erifications.service.ts
[0m:[93m711[0m:[93m17
[0m - 
[91merror[0m[90m 
TS2304: [0mCannot find 
name 'data'.

[7m711[0m     
targetType: 
data.targetType,
[7m   [0m [91m       
         ~~~~[0m
[96msrc/verifications/v
erifications.service.ts
[0m:[93m714[0m:[93m15
[0m - 
[91merror[0m[90m 
TS2304: [0mCannot find 
name 'data'.

[7m714[0m       
create: 
data.items.map(i => ({
[7m   [0m [91m       
       ~~~~[0m
[96msrc/verifications/v
erifications.service.ts
[0m:[93m714[0m:[93m30
[0m - 
[91merror[0m[90m 
TS7006: [0mParameter 
'i' implicitly has an 
'any' type.

[7m714[0m       
create: 
data.items.map(i => ({
[7m   [0m [91m       
                      
~[0m
[96msrc/verifications/v
erifications.service.ts
[0m:[93m723[0m:[93m7
[0m - 
[91merror[0m[90m 
TS2304: [0mCannot find 
name 'data'.

[7m723[0m   if 
(data.targetType === 
'PROPERTY') 
createData.propertyId = 
data.targetId;
[7m   [0m [91m      
~~~~[0m
[96msrc/verifications/v
erifications.service.ts
[0m:[93m723[0m:[93m63
[0m - 
[91merror[0m[90m 
TS2304: [0mCannot find 
name 'data'.

[7m723[0m   if 
(data.targetType === 
'PROPERTY') 
createData.propertyId = 
data.targetId;
[7m   [0m [91m       
                        
                        
       ~~~~[0m
[96msrc/verifications/v
erifications.service.ts
[0m:[93m724[0m:[93m12
[0m - 
[91merror[0m[90m 
TS2304: [0mCannot find 
name 'data'.

[7m724[0m   else if 
(data.targetType === 
'USER') 
createData.targetUserId 
= data.targetId;
[7m   [0m [91m       
    ~~~~[0m
[96msrc/verifications/v
erifications.service.ts
[0m:[93m724[0m:[93m66
[0m - 
[91merror[0m[90m 
TS2304: [0mCannot find 
name 'data'.

[7m724[0m   else if 
(data.targetType === 
'USER') 
createData.targetUserId 
= data.targetId;
[7m   [0m [91m       
                        
                        
          ~~~~[0m
[96msrc/verifications/v
erifications.service.ts
[0m:[93m725[0m:[93m12
[0m - 
[91merror[0m[90m 
TS2304: [0mCannot find 
name 'data'.

[7m725[0m   else if 
(data.targetType === 
'COMPANY') 
createData.agencyId = 
data.targetId;
[7m   [0m [91m       
    ~~~~[0m
[96msrc/verifications/v
erifications.service.ts
[0m:[93m725[0m:[93m65
[0m - 
[91merror[0m[90m 
TS2304: [0mCannot find 
name 'data'.

[7m725[0m   else if 
(data.targetType === 
'COMPANY') 
createData.agencyId = 
data.targetId;
[7m   [0m [91m       
                        
                        
         ~~~~[0m
[96msrc/verifications/v
erifications.service.ts
[0m:[93m727[0m:[93m25
[0m - 
[91merror[0m[90m 
TS2532: [0mObject is 
possibly 'undefined'.

[7m727[0m   const 
request = await this.pri
sma.verificationRequest.
create({
[7m   [0m [91m       
                 
~~~~[0m
[96msrc/verifications/v
erifications.service.ts
[0m:[93m733[0m:[93m9
[0m - 
[91merror[0m[90m 
TS2532: [0mObject is 
possibly 'undefined'.

[7m733[0m   await this
.audit.logAction(request
erId, request.id, 
'VERIFICATION_SUBMIT', 
{ targetType: 
data.targetType, 
targetId: data.targetId 
});
[7m   [0m [91m       
 ~~~~[0m
[96msrc/verifications/v
erifications.service.ts
[0m:[93m733[0m:[93m30
[0m - 
[91merror[0m[90m 
TS2304: [0mCannot find 
name 'requesterId'.

[7m733[0m   await this
.audit.logAction(request
erId, request.id, 
'VERIFICATION_SUBMIT', 
{ targetType: 
data.targetType, 
targetId: data.targetId 
});
[7m   [0m [91m       
                      
~~~~~~~~~~~[0m
[96msrc/verifications/v
erifications.service.ts
[0m:[93m733[0m:[93m92
[0m - 
[91merror[0m[90m 
TS2304: [0mCannot find 
name 'data'.

[7m733[0m   await this
.audit.logAction(request
erId, request.id, 
'VERIFICATION_SUBMIT', 
{ targetType: 
data.targetType, 
targetId: data.targetId 
});
[7m   [0m [91m       
                        
                        
                        
            ~~~~[0m
[96msrc/verifications/v
erifications.service.ts
[0m:[93m733[0m:[93m11
9[0m - 
[91merror[0m[90m 
TS2304: [0mCannot find 
name 'data'.

[7m733[0m   await this
.audit.logAction(request
erId, request.id, 
'VERIFICATION_SUBMIT', 
{ targetType: 
data.targetType, 
targetId: data.targetId 
});
[7m   [0m [91m       
                        
                        
                        
                        
               ~~~~[0m
[96msrc/verifications/v
erifications.service.ts
[0m:[93m738[0m:[93m3
[0m - 
[91merror[0m[90m 
TS1434: [0mUnexpected 
keyword or identifier.

[7m738[0m   async 
getMyRequests(userId: 
string) {
[7m   [0m [91m  
~~~~~[0m
[96msrc/verifications/v
erifications.service.ts
[0m:[93m738[0m:[93m3
[0m - 
[91merror[0m[90m 
TS2304: [0mCannot find 
name 'async'.

[7m738[0m   async 
getMyRequests(userId: 
string) {
[7m   [0m [91m  
~~~~~[0m
[96msrc/verifications/v
erifications.service.ts
[0m:[93m738[0m:[93m9
[0m - 
[91merror[0m[90m 
TS2304: [0mCannot find 
name 'getMyRequests'.

[7m738[0m   async 
getMyRequests(userId: 
string) {
[7m   [0m [91m       
 ~~~~~~~~~~~~~[0m
[96msrc/verifications/v
erifications.service.ts
[0m:[93m738[0m:[93m23
[0m - 
[91merror[0m[90m 
TS2304: [0mCannot find 
name 'userId'.

[7m738[0m   async 
getMyRequests(userId: 
string) {
[7m   [0m [91m       
               
~~~~~~[0m
[96msrc/verifications/v
erifications.service.ts
[0m:[93m738[0m:[93m29
[0m - 
[91merror[0m[90m 
TS1005: [0m',' 
expected.

[7m738[0m   async 
getMyRequests(userId: 
string) {
[7m   [0m [91m       
                     
~[0m
[96msrc/verifications/v
erifications.service.ts
[0m:[93m738[0m:[93m31
[0m - 
[91merror[0m[90m 
TS2693: [0m'string' 
only refers to a type, 
but is being used as a 
value here.

[7m738[0m   async 
getMyRequests(userId: 
string) {
[7m   [0m [91m       
                       
~~~~~~[0m
[96msrc/verifications/v
erifications.service.ts
[0m:[93m738[0m:[93m39
[0m - 
[91merror[0m[90m 
TS1005: [0m';' 
expected.

[7m738[0m   async 
getMyRequests(userId: 
string) {
[7m   [0m [91m       
                        
       ~[0m
[96msrc/verifications/v
erifications.service.ts
[0m:[93m749[0m:[93m3
[0m - 
[91merror[0m[90m 
TS1434: [0mUnexpected 
keyword or identifier.

[7m749[0m   async assi
gnVerifierToRequest(requ
estId: string, 
verifierId: string, 
actorId: string) {
[7m   [0m [91m  
~~~~~[0m
[96msrc/verifications/v
erifications.service.ts
[0m:[93m749[0m:[93m3
[0m - 
[91merror[0m[90m 
TS2304: [0mCannot find 
name 'async'.

[7m749[0m   async assi
gnVerifierToRequest(requ
estId: string, 
verifierId: string, 
actorId: string) {
[7m   [0m [91m  
~~~~~[0m
[96msrc/verifications/v
erifications.service.ts
[0m:[93m749[0m:[93m9
[0m - 
[91merror[0m[90m 
TS2304: [0mCannot find 
name 'assignVerifierToRe
quest'.

[7m749[0m   async assi
gnVerifierToRequest(requ
estId: string, 
verifierId: string, 
actorId: string) {
[7m   [0m [91m       
 ~~~~~~~~~~~~~~~~~~~~~~~
[0m
[96msrc/verifications/v
erifications.service.ts
[0m:[93m749[0m:[93m33
[0m - 
[91merror[0m[90m 
TS2304: [0mCannot find 
name 'requestId'.

[7m749[0m   async assi
gnVerifierToRequest(requ
estId: string, 
verifierId: string, 
actorId: string) {
[7m   [0m [91m       
                        
 ~~~~~~~~~[0m
[96msrc/verifications/v
erifications.service.ts
[0m:[93m749[0m:[93m42
[0m - 
[91merror[0m[90m 
TS1005: [0m',' 
expected.

[7m749[0m   async assi
gnVerifierToRequest(requ
estId: string, 
verifierId: string, 
actorId: string) {
[7m   [0m [91m       
                        
          ~[0m
[96msrc/verifications/v
erifications.service.ts
[0m:[93m749[0m:[93m44
[0m - 
[91merror[0m[90m 
TS2693: [0m'string' 
only refers to a type, 
but is being used as a 
value here.

[7m749[0m   async assi
gnVerifierToRequest(requ
estId: string, 
verifierId: string, 
actorId: string) {
[7m   [0m [91m       
                        
            ~~~~~~[0m
[96msrc/verifications/v
erifications.service.ts
[0m:[93m749[0m:[93m52
[0m - 
[91merror[0m[90m 
TS2304: [0mCannot find 
name 'verifierId'.

[7m749[0m   async assi
gnVerifierToRequest(requ
estId: string, 
verifierId: string, 
actorId: string) {
[7m   [0m [91m       
                        
                    
~~~~~~~~~~[0m
[96msrc/verifications/v
erifications.service.ts
[0m:[93m749[0m:[93m62
[0m - 
[91merror[0m[90m 
TS1005: [0m',' 
expected.

[7m749[0m   async assi
gnVerifierToRequest(requ
estId: string, 
verifierId: string, 
actorId: string) {
[7m   [0m [91m       
                        
                        
      ~[0m
[96msrc/verifications/v
erifications.service.ts
[0m:[93m749[0m:[93m64
[0m - 
[91merror[0m[90m 
TS2693: [0m'string' 
only refers to a type, 
but is being used as a 
value here.

[7m749[0m   async assi
gnVerifierToRequest(requ
estId: string, 
verifierId: string, 
actorId: string) {
[7m   [0m [91m       
                        
                        
        ~~~~~~[0m
[96msrc/verifications/v
erifications.service.ts
[0m:[93m749[0m:[93m72
[0m - 
[91merror[0m[90m 
TS2304: [0mCannot find 
name 'actorId'.

[7m749[0m   async assi
gnVerifierToRequest(requ
estId: string, 
verifierId: string, 
actorId: string) {
[7m   [0m [91m       
                        
                        
                
~~~~~~~[0m
[96msrc/verifications/v
erifications.service.ts
[0m:[93m749[0m:[93m79
[0m - 
[91merror[0m[90m 
TS1005: [0m',' 
expected.

[7m749[0m   async assi
gnVerifierToRequest(requ
estId: string, 
verifierId: string, 
actorId: string) {
[7m   [0m [91m       
                        
                        
                       
~[0m
[96msrc/verifications/v
erifications.service.ts
[0m:[93m749[0m:[93m81
[0m - 
[91merror[0m[90m 
TS2693: [0m'string' 
only refers to a type, 
but is being used as a 
value here.

[7m749[0m   async assi
gnVerifierToRequest(requ
estId: string, 
verifierId: string, 
actorId: string) {
[7m   [0m [91m       
                        
                        
                        
 ~~~~~~[0m
[96msrc/verifications/v
erifications.service.ts
[0m:[93m749[0m:[93m89
[0m - 
[91merror[0m[90m 
TS1005: [0m';' 
expected.

[7m749[0m   async assi
gnVerifierToRequest(requ
estId: string, 
verifierId: string, 
actorId: string) {
[7m   [0m [91m       
                        
                        
                        
         ~[0m
[96msrc/verifications/v
erifications.service.ts
[0m:[93m750[0m:[93m25
[0m - 
[91merror[0m[90m 
TS2532: [0mObject is 
possibly 'undefined'.

[7m750[0m   const 
request = await this.pri
sma.verificationRequest.
findUnique({ where: { 
id: requestId }, 
include: { items: true 
} });
[7m   [0m [91m       
                 
~~~~[0m
[96msrc/verifications/v
erifications.service.ts
[0m:[93m750[0m:[93m83
[0m - 
[91merror[0m[90m 
TS2304: [0mCannot find 
name 'requestId'.

Found 568 error(s).

[7m750[0m   const 
request = await this.pri
sma.verificationRequest.
findUnique({ where: { 
id: requestId }, 
include: { items: true 
} });
[7m   [0m [91m       
                        
                        
                        
   ~~~~~~~~~[0m
[96msrc/verifications/v
erifications.service.ts
[0m:[93m756[0m:[93m9
[0m - 
[91merror[0m[90m 
TS2532: [0mObject is 
possibly 'undefined'.

[7m756[0m   await this
.prisma.$transaction(asy
nc (tx) => {
[7m   [0m [91m       
 ~~~~[0m
[96msrc/verifications/v
erifications.service.ts
[0m:[93m756[0m:[93m41
[0m - 
[91merror[0m[90m 
TS7006: [0mParameter 
'tx' implicitly has an 
'any' type.

[7m756[0m   await this
.prisma.$transaction(asy
nc (tx) => {
[7m   [0m [91m       
                        
         ~~[0m
[96msrc/verifications/v
erifications.service.ts
[0m:[93m759[0m:[93m39
[0m - 
[91merror[0m[90m 
TS2304: [0mCannot find 
name 'requestId'.

[7m759[0m       
where: { 
verificationRequestId: 
requestId },
[7m   [0m [91m       
                        
       ~~~~~~~~~[0m
[96msrc/verifications/v
erifications.service.ts
[0m:[93m760[0m:[93m15
[0m - 
[91merror[0m[90m 
TS18004: [0mNo value 
exists in scope for the 
shorthand property 
'verifierId'. Either 
declare one or provide 
an initializer.

[7m760[0m       data: 
{ verifierId }
[7m   [0m [91m       
       ~~~~~~~~~~[0m
[96msrc/verifications/v
erifications.service.ts
[0m:[93m764[0m:[93m9
[0m - 
[91merror[0m[90m 
TS2532: [0mObject is 
possibly 'undefined'.

[7m764[0m   await this
.audit.logAction(actorId
, requestId, 
'VERIFICATION_ASSIGN', 
{ verifierId });
[7m   [0m [91m       
 ~~~~[0m
[96msrc/verifications/v
erifications.service.ts
[0m:[93m764[0m:[93m30
[0m - 
[91merror[0m[90m 
TS2304: [0mCannot find 
name 'actorId'.

[7m764[0m   await this
.audit.logAction(actorId
, requestId, 
'VERIFICATION_ASSIGN', 
{ verifierId });
[7m   [0m [91m       
                      
~~~~~~~[0m
[96msrc/verifications/v
erifications.service.ts
[0m:[93m764[0m:[93m39
[0m - 
[91merror[0m[90m 
TS2304: [0mCannot find 
name 'requestId'.

[7m764[0m   await this
.audit.logAction(actorId
, requestId, 
'VERIFICATION_ASSIGN', 
{ verifierId });
[7m   [0m [91m       
                        
       ~~~~~~~~~[0m
[96msrc/verifications/v
erifications.service.ts
[0m:[93m764[0m:[93m75
[0m - 
[91merror[0m[90m 
TS18004: [0mNo value 
exists in scope for the 
shorthand property 
'verifierId'. Either 
declare one or provide 
an initializer.

[7m764[0m   await this
.audit.logAction(actorId
, requestId, 
'VERIFICATION_ASSIGN', 
{ verifierId });
[7m   [0m [91m       
                        
                        
                   
~~~~~~~~~~[0m
[96msrc/verifications/v
erifications.service.ts
[0m:[93m768[0m:[93m3
[0m - 
[91merror[0m[90m 
TS1128: [0mDeclaration 
or statement expected.

[7m768[0m   private 
deg2rad(deg: number): 
number {
[7m   [0m [91m  
~~~~~~~[0m
[96msrc/verifications/v
erifications.service.ts
[0m:[93m768[0m:[93m11
[0m - 
[91merror[0m[90m 
TS2304: [0mCannot find 
name 'deg2rad'.

[7m768[0m   private 
deg2rad(deg: number): 
number {
[7m   [0m [91m       
   ~~~~~~~[0m
[96msrc/verifications/v
erifications.service.ts
[0m:[93m768[0m:[93m19
[0m - 
[91merror[0m[90m 
TS2304: [0mCannot find 
name 'deg'.

[7m768[0m   private 
deg2rad(deg: number): 
number {
[7m   [0m [91m       
           ~~~[0m
[96msrc/verifications/v
erifications.service.ts
[0m:[93m768[0m:[93m22
[0m - 
[91merror[0m[90m 
TS1005: [0m',' 
expected.

[7m768[0m   private 
deg2rad(deg: number): 
number {
[7m   [0m [91m       
              ~[0m
[96msrc/verifications/v
erifications.service.ts
[0m:[93m768[0m:[93m24
[0m - 
[91merror[0m[90m 
TS2693: [0m'number' 
only refers to a type, 
but is being used as a 
value here.

[7m768[0m   private 
deg2rad(deg: number): 
number {
[7m   [0m [91m       
                
~~~~~~[0m
[96msrc/verifications/v
erifications.service.ts
[0m:[93m768[0m:[93m31
[0m - 
[91merror[0m[90m 
TS1005: [0m';' 
expected.

[7m768[0m   private 
deg2rad(deg: number): 
number {
[7m   [0m [91m       
                       
~[0m
[96msrc/verifications/v
erifications.service.ts
[0m:[93m768[0m:[93m33
[0m - 
[91merror[0m[90m 
TS1434: [0mUnexpected 
keyword or identifier.

[7m768[0m   private 
deg2rad(deg: number): 
number {
[7m   [0m [91m       
                        
 ~~~~~~[0m
[96msrc/verifications/v
erifications.service.ts
[0m:[93m768[0m:[93m33
[0m - 
[91merror[0m[90m 
TS2693: [0m'number' 
only refers to a type, 
but is being used as a 
value here.

[7m768[0m   private 
deg2rad(deg: number): 
number {
[7m   [0m [91m       
                        
 ~~~~~~[0m
[96msrc/verifications/v
erifications.service.ts
[0m:[93m771[0m:[93m1
[0m - 
[91merror[0m[90m 
TS1128: [0mDeclaration 
or statement expected.

[7m771[0m }
[7m   [0m [91m~[0m
[96msrc/wallet/wallet.c
ontroller.ts[0m:[93m36
[0m:[93m24[0m - 
[91merror[0m[90m 
TS2339: [0mProperty 
'getLedger' does not 
exist on type 
'WalletLedgerService'.

[7m36[0m     return th
is.ledger.getLedger(req.
user.userId);
[7m  [0m [91m        
               
~~~~~~~~~[0m

C:\projects\propad\apps\api:
ÔÇëERR_PNPM_RECURSIVE_RUN_FIRST_FAILÔÇë @propad/api@0.1.0 build: `nest build`
Exit status 1
