app/users/[id]/page.tsx(40,77): error TS2339: Property 'name' does not exist on type 'never'.
app/users/[id]/page.tsx(41,83): error TS2339: Property 'createdAt' does not exist on type 'never'.
app/users/[id]/page.tsx(44,25): error TS2339: Property 'isVerified' does not exist on type 'never'.
app/users/[id]/page.tsx(51,27): error TS2339: Property 'role' does not exist on type 'never'.
app/users/[id]/page.tsx(57,23): error TS2339: Property 'agentProfile' does not exist on type 'never'.
app/users/[id]/page.tsx(60,70): error TS2339: Property 'agentProfile' does not exist on type 'never'.
app/users/[id]/page.tsx(63,23): error TS2339: Property 'landlordProfile' does not exist on type 'never'.
app/users/[id]/page.tsx(63,47): error TS2339: Property 'landlordProfile' does not exist on type 'never'.
app/users/[id]/page.tsx(66,70): error TS2339: Property 'landlordProfile' does not exist on type 'never'.
app/users/[id]/page.tsx(77,48): error TS2339: Property 'id' does not exist on type 'never'.
components/listing-management-hub.tsx(381,32): error TS2339: Property 'status' does not exist on type 'never'.
components/listing-management-hub.tsx(381,73): error TS2339: Property 'endsAt' does not exist on type 'never'.
components/listing-management-hub.tsx(395,94): error TS2339: Property 'endsAt' does not exist on type 'never'.
components/listing-management-hub.tsx(397,31): error TS2339: Property 'status' does not exist on type 'never'.
components/listing-management-hub.tsx(403,67): error TS2339: Property 'id' does not exist on type 'never'.
